[srv-clst-t-861.cluster:62687] pml_ucx.c:226 Error: UCP worker does not support MPI_THREAD_MULTIPLE
[srv-clst-t-861.cluster:62680] pml_ucx.c:226 Error: UCP worker does not support MPI_THREAD_MULTIPLE
[srv-clst-t-861.cluster:62681] pml_ucx.c:226 Error: UCP worker does not support MPI_THREAD_MULTIPLE
[srv-clst-t-860.cluster:78935] pml_ucx.c:226 Error: UCP worker does not support MPI_THREAD_MULTIPLE
[srv-clst-t-861.cluster:62684] pml_ucx.c:226 Error: UCP worker does not support MPI_THREAD_MULTIPLE
[srv-clst-t-861.cluster:62686] pml_ucx.c:226 Error: UCP worker does not support MPI_THREAD_MULTIPLE
[srv-clst-t-861.cluster:62670] pml_ucx.c:226 Error: UCP worker does not support MPI_THREAD_MULTIPLE
[srv-clst-t-860.cluster:78944] pml_ucx.c:226 Error: UCP worker does not support MPI_THREAD_MULTIPLE
[srv-clst-t-861.cluster:62679] pml_ucx.c:226 Error: UCP worker does not support MPI_THREAD_MULTIPLE
[srv-clst-t-860.cluster:78951] pml_ucx.c:226 Error: UCP worker does not support MPI_THREAD_MULTIPLE
[srv-clst-t-860.cluster:78943] pml_ucx.c:226 Error: UCP worker does not support MPI_THREAD_MULTIPLE
[srv-clst-t-860.cluster:78937] pml_ucx.c:226 Error: UCP worker does not support MPI_THREAD_MULTIPLE
[srv-clst-t-860.cluster:78947] pml_ucx.c:226 Error: UCP worker does not support MPI_THREAD_MULTIPLE
[srv-clst-t-860.cluster:78952] pml_ucx.c:226 Error: UCP worker does not support MPI_THREAD_MULTIPLE
[srv-clst-t-860.cluster:78949] pml_ucx.c:226 Error: UCP worker does not support MPI_THREAD_MULTIPLE
[srv-clst-t-860.cluster:78946] pml_ucx.c:226 Error: UCP worker does not support MPI_THREAD_MULTIPLE
[srv-clst-t-861.cluster:62675] pml_ucx.c:226 Error: UCP worker does not support MPI_THREAD_MULTIPLE
[srv-clst-t-861.cluster:62672] pml_ucx.c:226 Error: UCP worker does not support MPI_THREAD_MULTIPLE
[srv-clst-t-861.cluster:62685] pml_ucx.c:226 Error: UCP worker does not support MPI_THREAD_MULTIPLE
[srv-clst-t-860.cluster:78933] pml_ucx.c:226 Error: UCP worker does not support MPI_THREAD_MULTIPLE
[srv-clst-t-861.cluster:62683] pml_ucx.c:226 Error: UCP worker does not support MPI_THREAD_MULTIPLE
[srv-clst-t-861.cluster:62674] pml_ucx.c:226 Error: UCP worker does not support MPI_THREAD_MULTIPLE
[srv-clst-t-860.cluster:78941] pml_ucx.c:226 Error: UCP worker does not support MPI_THREAD_MULTIPLE
[srv-clst-t-861.cluster:62673] pml_ucx.c:226 Error: UCP worker does not support MPI_THREAD_MULTIPLE
[srv-clst-t-860.cluster:78939] pml_ucx.c:226 Error: UCP worker does not support MPI_THREAD_MULTIPLE
[srv-clst-t-861.cluster:62669] pml_ucx.c:226 Error: UCP worker does not support MPI_THREAD_MULTIPLE
[srv-clst-t-860.cluster:78948] pml_ucx.c:226 Error: UCP worker does not support MPI_THREAD_MULTIPLE
[srv-clst-t-861.cluster:62676] pml_ucx.c:226 Error: UCP worker does not support MPI_THREAD_MULTIPLE
[srv-clst-t-861.cluster:62682] pml_ucx.c:226 Error: UCP worker does not support MPI_THREAD_MULTIPLE
[srv-clst-t-861.cluster:62671] pml_ucx.c:226 Error: UCP worker does not support MPI_THREAD_MULTIPLE
[srv-clst-t-861.cluster:62688] pml_ucx.c:226 Error: UCP worker does not support MPI_THREAD_MULTIPLE
[srv-clst-t-861.cluster:62678] pml_ucx.c:226 Error: UCP worker does not support MPI_THREAD_MULTIPLE
[srv-clst-t-861.cluster:62677] pml_ucx.c:226 Error: UCP worker does not support MPI_THREAD_MULTIPLE
[srv-clst-t-860.cluster:78942] pml_ucx.c:226 Error: UCP worker does not support MPI_THREAD_MULTIPLE
[srv-clst-t-860.cluster:78950] pml_ucx.c:226 Error: UCP worker does not support MPI_THREAD_MULTIPLE
[srv-clst-t-860.cluster:78934] pml_ucx.c:226 Error: UCP worker does not support MPI_THREAD_MULTIPLE
[srv-clst-t-860.cluster:78945] pml_ucx.c:226 Error: UCP worker does not support MPI_THREAD_MULTIPLE
[srv-clst-t-860.cluster:78938] pml_ucx.c:226 Error: UCP worker does not support MPI_THREAD_MULTIPLE
[srv-clst-t-860.cluster:78936] pml_ucx.c:226 Error: UCP worker does not support MPI_THREAD_MULTIPLE
[srv-clst-t-860.cluster:78940] pml_ucx.c:226 Error: UCP worker does not support MPI_THREAD_MULTIPLE
#
# ADflow, multiblock structured flow solver
#
# This code solves the 3D RANS, laminar NS or Euler equations
# on multiblock structured hexahedral grids.
# This is a parallel executable running on 40 processors.
# It has been compiled with the following options:
# - Optimized mode.
# - Size of standard integers: 4 bytes.
# - Size of standard floating point types: 8 bytes.
# - With cgns support
# - With support for signals.
#
+---------------------------------------+
|          All ADFLOW Options:          |
+---------------------------------------+
{'adjointdivtol': 100000.0,
 'adjointl2convergence': 1e-06,
 'adjointl2convergenceabs': 1e-16,
 'adjointl2convergencerel': 1e-16,
 'adjointmaxiter': 500,
 'adjointmonitorstep': 10,
 'adjointsolver': 'gmres',
 'adjointsubspacesize': 100,
 'adpc': False,
 'agmglevels': 1,
 'agmgnsmooth': 3,
 'alphafollowing': True,
 'alphamode': False,
 'altitudemode': False,
 'ankadpc': False,
 'ankasmoverlap': 1,
 'ankcfl0': 5.0,
 'ankcflcutback': 0.5,
 'ankcflexponent': 0.5,
 'ankcflfactor': 10.0,
 'ankcfllimit': 1e+16,
 'ankcflmin': 1.0,
 'ankconstcflstep': 0.4,
 'ankcoupledswitchtol': 1e-16,
 'ankinnerpreconits': 1,
 'ankjacobianlag': 10,
 'anklinearsolvetol': 0.05,
 'anklinresmax': 0.9,
 'ankmaxiter': 40,
 'anknsubiterturb': 5,
 'ankouterpreconits': 1,
 'ankpcilufill': 2,
 'ankpcupdatetol': 0.5,
 'ankphysicallstol': 0.2,
 'ankphysicallstolturb': 0.99,
 'anksecondordswitchtol': 1e-16,
 'ankstepfactor': 1.0,
 'ankstepmin': 0.01,
 'anksubspacesize': -1,
 'ankswitchtol': 1.0,
 'ankturbcflscale': 1.0,
 'ankturbkspdebug': False,
 'ankunsteadylstol': 1.5,
 'ankusefullvisc': True,
 'ankusematrixfree': True,
 'ankuseturbdadi': False,
 'applyadjointpcsubspacesize': 20,
 'applypcsubspacesize': 10,
 'approxpc': True,
 'asmoverlap': 1,
 'autoadjointretry': False,
 'autosolveretry': False,
 'backgroundvolscale': 1.0,
 'betamode': False,
 'blocksplitting': True,
 'cavitationnumber': 1.4,
 'cfl': 0.8,
 'cflcoarse': 1.0,
 'cfllimit': 1.5,
 'closedsurfacefamilies': None,
 'coarsediscretization': 'central plus scalar dissipation',
 'computecavitation': False,
 'coupledsolution': False,
 'cutcallback': None,
 'debugzipper': False,
 'deltat': 0.01,
 'designsurfacefamily': None,
 'discretization': 'central plus scalar dissipation',
 'dissipationlumpingparameter': 6.0,
 'dissipationscalingexponent': 0.67,
 'eddyvisinfratio': 0.009,
 'equationmode': 'steady',
 'equationtype': 'RANS',
 'eulerwalltreatment': 'linear pressure extrapolation',
 'firstrun': True,
 'flowtype': 'external',
 'forcesastractions': True,
 'frozenturbulence': False,
 'globalpreconditioner': 'additive schwartz',
 'gridfile': '010.cgns',
 'gridprecision': 'double',
 'gridprecisionsurface': 'single',
 'ilufill': 2,
 'infchangecorrection': False,
 'innerpreconits': 1,
 'isosurface': {},
 'isovariables': [],
 'l2convergence': 1e-12,
 'l2convergencecoarse': 0.01,
 'l2convergencerel': 1e-16,
 'liftindex': 2,
 'limiter': 'vanalbeda',
 'loadbalanceiter': 10,
 'loadimbalance': 0.1,
 'localpreconditioner': 'ilu',
 'lowspeedpreconditioner': True,
 'machmode': False,
 'matrixordering': 'rcm',
 'maxl2deviationfactor': 1.0,
 'meshsurfacefamily': None,
 'mgcycle': 'sg',
 'mgstartlevel': -1,
 'monitorvariables': ['resrho', 'resturb', 'cl', 'cd'],
 'ncycles': 40000,
 'ncyclescoarse': 500,
 'nearwalldist': 0.1,
 'nkadpc': False,
 'nkasmoverlap': 1,
 'nkcfl0': 100.0,
 'nkfixedstep': 0.25,
 'nkinnerpreconits': 1,
 'nkjacobianlag': 20,
 'nklinearsolvetol': 0.3,
 'nkls': 'cubic',
 'nkouterpreconits': 1,
 'nkpcilufill': 2,
 'nksubspacesize': 60,
 'nkswitchtol': 1e-09,
 'nkuseew': True,
 'nkviscpc': False,
 'nrefine': 10,
 'nrkreset': 20,
 'nsavesurface': 1,
 'nsavevolume': 1,
 'nsubiter': 1,
 'nsubiterturb': 1,
 'ntimestepscoarse': 48,
 'ntimestepsfine': 400,
 'numbersolutions': True,
 'outerpreconits': 3,
 'outputdirectory': 'output',
 'outputsurfacefamily': 'wall',
 'overlapfactor': 0.9,
 'oversetloadbalance': True,
 'oversetpriority': {},
 'oversetprojtol': 1e-12,
 'oversetupdatemode': 'frozen',
 'partitionlikenproc': -1,
 'partitiononly': False,
 'pmode': False,
 'preconditionerside': 'right',
 'printiterations': True,
 'printtiming': True,
 'printwarnings': True,
 'qmode': False,
 'resaveraging': 'alternateresaveraging',
 'restartadjoint': True,
 'restartfile': None,
 'restrictionrelaxation': 0.8,
 'rkreset': True,
 'rmode': False,
 'selfzipcutoff': 120.0,
 'sepsensoroffset': 0.0,
 'sepsensorsharpness': 10.0,
 'setmonitor': True,
 'skipafterfailedadjoint': True,
 'smoother': 'runge kutta',
 'smoothparameter': 1.5,
 'solutionprecision': 'single',
 'solutionprecisionsurface': 'single',
 'storerindlayer': True,
 'surfacevariables': ['cp', 'vx', 'vy', 'vz', 'mach'],
 'timeaccuracy': 2,
 'timeintegrationscheme': 'bdf',
 'timeintervals': 1,
 'timelimit': -1.0,
 'tsstability': False,
 'turbresscale': 10000.0,
 'turbulencemodel': 'sa',
 'turbulenceorder': 'first order',
 'turbulenceproduction': 'strain',
 'useale': True,
 'useanksolver': True,
 'useapproxwalldistance': True,
 'useblockettes': True,
 'usediagtspc': True,
 'useft2sa': True,
 'usegridmotion': False,
 'uselinresmonitor': False,
 'usematrixfreedrdw': True,
 'usenksolver': False,
 'useoversetwallscaling': False,
 'useqcr': False,
 'userotationsa': False,
 'usewallfunctions': False,
 'usezippermesh': True,
 'verifyextra': True,
 'verifyspatial': True,
 'verifystate': True,
 'vis2': 0.25,
 'vis2coarse': 0.5,
 'vis4': 0.0156,
 'viscoussurfacevelocities': True,
 'viscpc': False,
 'viscwalltreatment': 'constant pressure extrapolation',
 'volumevariables': ['resrho'],
 'walldistcutoff': 1e+20,
 'windaxis': False,
 'writesurfacesolution': True,
 'writetecplotsurfacesolution': False,
 'writevolumesolution': True,
 'zippersurfacefamily': None}
-> Alpha... 0.000000 
#
#                      Warning
# Conversion factor from grid units to meter not specified and some blocks
# do not have units. It is assumed that the grid is given in meters.
#
#
# Specified load imbalance tolerance  0.100 acheived
# Continuing with  0.000 load imbalance for the cells and  0.000 for the faces
#
#
# Grid level: 1, Total number of cells: 61600
#
+--------------------------------------------------+
  CGNS Surface Families by Boundary Condition Type
+--------------------------------------------------+
| Wall Types           : wall 
| Inflow Types : 
| Outflow Types : 
| Symmetry Types       : sym 
| Farfield Types       : far 
| Oveset Types         : 
+--------------------------------------------------+
+--------------------------------------------------+
|
| Initialization Times:
|
| Library Load Time             :      0.098 sec
| Set Defaults Time             :      0.001 sec
| Base class init Time          :      0.002 sec
| Introductory Time             :      0.004 sec
| Partitioning Time             :      0.074 sec
| Preprocessing Time            :      3.657 sec
| Family Setup Time             :      0.000 sec
| Cut callback Time             :      0.000 sec
| Overset Preprocessing Time    :      0.000 sec
| Initialize Flow Time          :      0.004 sec
|
| Total Init Time               :      3.840 sec
+--------------------------------------------------+
current alpha: 10.000000
+----------------------------------------------------------------------+
|  Switching to Aero Problem: 010_10.00                                |
+----------------------------------------------------------------------+

+------------------------------------------------------------------------------+
| pyADFLOW Warning: 'zipperSurfaceFamily' option was not given. Using all wall |
| boundary conditions for the zipper mesh.                                     |
+------------------------------------------------------------------------------+

-> Alpha... 10.000000 
+---------------------------------------+
|      All Modified ADFLOW Options:     |
+---------------------------------------+
{'ankcfllimit': 1e+16,
 'anknsubiterturb': 5,
 'ankunsteadylstol': 1.5,
 'ankuseturbdadi': False,
 'cfl': 0.8,
 'equationtype': 'RANS',
 'gridfile': '010.cgns',
 'l2convergence': 1e-12,
 'lowspeedpreconditioner': True,
 'mgcycle': 'sg',
 'monitorvariables': ['resrho', 'resturb', 'cl', 'cd'],
 'ncycles': 40000,
 'nkswitchtol': 1e-09,
 'nrkreset': 20,
 'outputdirectory': 'output',
 'outputsurfacefamily': 'wall',
 'rkreset': True,
 'turbresscale': 10000.0,
 'useanksolver': True}
#
# Grid 1: Performing 40000 iterations, unless converged earlier. Minimum required iteration before NK switch:     20. Switch to NK at totalR of:   0.67E-02
#
#-------------------------------------------------------------------------------------------------------------------------------------------------------------------------------------
#  Grid  | Iter | Iter |  Iter  |   CFL   | Step | Lin  |        Res rho         |       Res nuturb       |         C_lift         |        C_drag          |        totalRes        |
#  level |      | Tot  |  Type  |         |      | Res  |                        |                        |                        |                        |                        |
#-------------------------------------------------------------------------------------------------------------------------------------------------------------------------------------
      1       0      0     None   0.00E+00  1.00   ----   0.7320062894350213E+04   0.1153951480946582E-01   0.9149551373100052E-01   0.3701037668832862E+01   0.6673485782026773E+07 
      1       1      1       RK   0.80E+00  1.00   ----   0.1396733096076297E+04   0.1145778979928287E-01   0.1501756290797582E+01   0.8062218204570849E+01   0.5564974413090271E+07 
      1       2      2       RK   0.80E+00  1.00   ----   0.6079337002249298E+03   0.4586198869565329E-02   0.2534414658118560E+01   0.1121956436712207E+02   0.4495985314707801E+07 
      1       3      3       RK   0.80E+00  1.00   ----   0.4614421783248777E+03   0.1771502675547111E-02   0.3148954965712512E+01   0.1318509431302270E+02   0.3672314728845232E+07 
      1       4      4       RK   0.80E+00  1.00   ----   0.4884628319812195E+03   0.4329424616239364E-03   0.3374142613186168E+01   0.1400125914713634E+02   0.3354218967119171E+07 
      1       5      5       RK   0.80E+00  1.00   ----   0.4808517102409666E+03   0.2113400215965933E-03   0.3296644629290119E+01   0.1383621160896022E+02   0.3400785252523385E+07 
      1       6      6       RK   0.80E+00  1.00   ----   0.4493161153923153E+03   0.1075791564208102E-03   0.3041781374798368E+01   0.1299451868982807E+02   0.3430074508686021E+07 
      1       7      7       RK   0.80E+00  1.00   ----   0.4099036829454619E+03   0.5808254167972830E-04   0.2741003769779635E+01   0.1188698580443831E+02   0.3250754472831849E+07 
      1       8      8       RK   0.80E+00  1.00   ----   0.3698512465960842E+03   0.3895965287302990E-04   0.2494186702920297E+01   0.1086161912695897E+02   0.2938113820889751E+07 
      1       9      9       RK   0.80E+00  1.00   ----   0.3393813843432444E+03   0.3273876346150519E-04   0.2355880533130907E+01   0.1015632678384443E+02   0.2656969183112922E+07 
      1      10     10       RK   0.80E+00  1.00   ----   0.3220599683981952E+03   0.3313747477520709E-04   0.2333234167244297E+01   0.9844798218717269E+01   0.2503862894662742E+07 
      1      11     11       RK   0.80E+00  1.00   ----   0.3104281898198338E+03   0.3055710775677022E-04   0.2400141724534669E+01   0.9878530024981192E+01   0.2432482012550156E+07 
      1      12     12       RK   0.80E+00  1.00   ----   0.2961994045939404E+03   0.2066057558629179E-04   0.2512729238707577E+01   0.1013537398239729E+02   0.2348442853803555E+07 
      1      13     13       RK   0.80E+00  1.00   ----   0.2778976966914007E+03   0.2145397899296318E-04   0.2626679623793724E+01   0.1046274423493497E+02   0.2215677884425993E+07 
      1      14     14       RK   0.80E+00  1.00   ----   0.2599673793615660E+03   0.1746901401330435E-04   0.2709653809851145E+01   0.1073186714933378E+02   0.2067077703433241E+07 
      1      15     15       RK   0.80E+00  1.00   ----   0.2453543245897536E+03   0.1806811908688113E-04   0.2747725903105833E+01   0.1086724872722762E+02   0.1945826100689217E+07 
      1      16     16       RK   0.80E+00  1.00   ----   0.2332614029879698E+03   0.1370580986798363E-04   0.2743679466738814E+01   0.1085720854699169E+02   0.1859659313773316E+07 
      1      17     17       RK   0.80E+00  1.00   ----   0.2218289081500168E+03   0.1404249978339331E-04   0.2711549479611209E+01   0.1073428972582290E+02   0.1785221796981626E+07 
      1      18     18       RK   0.80E+00  1.00   ----   0.2100926014623334E+03   0.1185659226876479E-04   0.2669568656494097E+01   0.1055515665200386E+02   0.1703817219689000E+07 
      1      19     19       RK   0.80E+00  1.00   ----   0.1987425760718798E+03   0.1292044901722525E-04   0.2633716565647266E+01   0.1037777117852526E+02   0.1615629051267573E+07 
      1      20     20       RK   0.80E+00  1.00   ----   0.1884201578750328E+03   0.9785052737743314E-05   0.2613792210008850E+01   0.1024504145722974E+02   0.1533123243031579E+07 
      1      21     24     *ANK   0.50E+01  1.00  0.026   0.8199158649304381E+03   0.9134992364327295E-05   0.2658314178189428E+01   0.1015670936704157E+02   0.8057517643609982E+06 
      1      22     29      ANK   0.50E+01  1.00  0.011   0.4597852343761254E+03   0.1088602142395908E-04   0.2678173412545611E+01   0.1008551006784153E+02   0.4502165053097332E+06 
      1      23     34     *ANK   0.25E+02  1.00  0.038   0.1226075078135529E+03   0.5657785586212174E-05   0.2671629615644086E+01   0.9782675404019933E+01   0.1137429680051746E+06 
      1      24     48     *ANK   0.14E+03  1.00  0.050   0.3815344587845512E+02   0.1511497377086073E-05   0.2401477483058090E+01   0.7921377193073091E+01   0.4607207219477733E+05 
      1      25     79     *ANK   0.56E+03  1.00  0.048   0.2887585733339756E+02   0.3204462096141324E-06   0.6049100276851004E+00   0.9971656485792786E+00   0.3902635737443977E+05 
      1      26     99      ANK   0.56E+03  1.00  0.048   0.1033512208706251E+02   0.8936203361858634E-07   0.3092676815541607E+00  -0.2642703431800171E+00   0.1858163779140888E+05 
      1      27    121     *ANK   0.22E+04  1.00  0.048   0.6660491730579273E+01   0.1774248056250515E-06   0.5004327841362453E+00   0.1167414641537677E+00   0.1293692641319336E+05 
      1      28    142      ANK   0.22E+04  1.00  0.049   0.4613740911529977E+01   0.8371612756475106E-06   0.6327242425074671E+00   0.1368898665973517E+00   0.8149454109254423E+04 
      1      29    167     *ANK   0.80E+04  1.00  0.046   0.3417611389768762E+01   0.1542531562042794E-05   0.8207887630011819E+00   0.1205728632114040E+00   0.5983606573368473E+04 
      1      30    202      ANK   0.80E+04  1.00  0.048   0.2566630373191793E+01   0.7388037395234820E-06   0.1007328939896244E+01   0.1244432285527852E+00   0.3875527201927886E+04 
      1      31    242     *ANK   0.27E+05  1.00  0.047   0.1972706107621527E+01   0.4316567049501740E-06   0.1149377512732484E+01   0.9698152093695300E-01   0.2918154376254227E+04 
      1      32    274      ANK   0.27E+05  1.00  0.049   0.1477051484243796E+01   0.1103025309596674E-06   0.1142552660454940E+01   0.8229429082137329E-01   0.1787973278857643E+04 
      1      33    303     *ANK   0.93E+05  1.00  0.049   0.1104864741044970E+01   0.7571273731920868E-07   0.1109414604874707E+01   0.7519085164698763E-01   0.1154887152247822E+04 
      1      34    345      ANK   0.93E+05  1.00  0.062   0.9208678808462979E+00   0.1224948549588900E-07   0.1101546355472773E+01   0.7859239233780665E-01   0.9502578254400983E+03 
      1      35    387     *ANK   0.27E+06  1.00  0.050   0.8612019837130721E+00   0.1885099595914692E-07   0.1141173410391581E+01   0.8612390943178855E-01   0.8919637157673498E+03 
      1      36    429      ANK   0.27E+06  1.00  0.047   0.7558443348871132E+00   0.1686150119922860E-07   0.1182000535449138E+01   0.8387645189440887E-01   0.7066402021530499E+03 
      1      37    471      ANK   0.27E+06  1.00  0.054   0.6139973499298882E+00   0.1958860075401846E-07   0.1173511009159768E+01   0.7964525167920250E-01   0.5343448702527195E+03 
      1      38    513     *ANK   0.75E+06  1.00  0.064   0.4769393345273906E+00   0.2184769834649469E-07   0.1149501788693723E+01   0.7604045520952879E-01   0.3963250790041399E+03 
      1      39    555      ANK   0.75E+06  1.00  0.075   0.4316820840889659E+00   0.2339286084637077E-07   0.1134444805648557E+01   0.7783791318958433E-01   0.3844405934710142E+03 
      1      40    592      ANK   0.75E+06  1.00  0.049   0.3426999631470257E+00   0.1512517731715650E-07   0.1138370596949788E+01   0.7987862709295171E-01   0.2815236311717063E+03 
      1      41    634      ANK   0.75E+06  1.00  0.049   0.2990125847563150E+00   0.2572405501497308E-07   0.1146734691590872E+01   0.7956331793871174E-01   0.2552096766143158E+03 
      1      42    676     *ANK   0.25E+07  1.00  0.050   0.2549560348470866E+00   0.3380659487148336E-07   0.1151108577919032E+01   0.7783789160049115E-01   0.2108316569968835E+03 
      1      43    718     *ANK   0.37E+07  1.00  0.083   0.2164959086772054E+00   0.2810388578795820E-07   0.1156992981899954E+01   0.7695789241170112E-01   0.1753698380513048E+03 
      1      44    760      ANK   0.37E+07  1.00  0.121   0.2124716820328247E+00   0.3310618838547617E-07   0.1170851141850211E+01   0.7725506555086656E-01   0.1799083739686566E+03 
      1      45    802      ANK   0.37E+07  1.00  0.107   0.2003863444917930E+00   0.2252537808237360E-07   0.1186623976009631E+01   0.7730388377694378E-01   0.1687928754905300E+03 
      1      46    844      ANK   0.37E+07  1.00  0.082   0.2006372738834039E+00   0.1648553361853703E-07   0.1199459429405195E+01   0.7565200929516969E-01   0.1747882008114691E+03 
      1      47    880      ANK   0.37E+07  1.00  0.048   0.1757741490212593E+00   0.5389915386444731E-08   0.1202128193207971E+01   0.7428860006982746E-01   0.1476664471276219E+03 
      1      48    913      ANK   0.37E+07  1.00  0.050   0.1380877046803667E+00   0.4310742822147728E-08   0.1201699804777770E+01   0.7392629370086773E-01   0.1120067102039714E+03 
      1      49    948      ANK   0.37E+07  1.00  0.047   0.1260532277380308E+00   0.1067726014146174E-07   0.1202165201410642E+01   0.7410778398896689E-01   0.1044689932058063E+03 
#-------------------------------------------------------------------------------------------------------------------------------------------------------------------------------------
#  Grid  | Iter | Iter |  Iter  |   CFL   | Step | Lin  |        Res rho         |       Res nuturb       |         C_lift         |        C_drag          |        totalRes        |
#  level |      | Tot  |  Type  |         |      | Res  |                        |                        |                        |                        |                        |
#-------------------------------------------------------------------------------------------------------------------------------------------------------------------------------------
      1      50    985     *ANK   0.12E+08  1.00  0.049   0.1131872780235362E+00   0.9832712391983024E-08   0.1202093713828598E+01   0.7419678040102504E-01   0.9309753913572226E+02 
      1      51   1022      ANK   0.12E+08  1.00  0.048   0.1022620524155680E+00   0.6870244225414862E-08   0.1200704877798924E+01   0.7397274302006296E-01   0.8399752950065790E+02 
      1      52   1058      ANK   0.12E+08  1.00  0.050   0.8737200990681575E-01   0.4955464938978760E-08   0.1199410884294859E+01   0.7404540489561551E-01   0.6937537617188472E+02 
      1      53   1099      ANK   0.12E+08  1.00  0.050   0.7935485489651657E-01   0.4406337910728658E-08   0.1199266469558458E+01   0.7443894240341567E-01   0.6344300937715328E+02 
      1      54   1135      ANK   0.12E+08  1.00  0.048   0.7076441210644782E-01   0.3395170930937948E-08   0.1200002420320386E+01   0.7468449355867776E-01   0.5548227367844645E+02 
      1      55   1174      ANK   0.12E+08  1.00  0.049   0.6239941988475727E-01   0.2066955962656487E-08   0.1200577308115611E+01   0.7467821744833197E-01   0.4804588292307437E+02 
      1      56   1216     *ANK   0.41E+08  1.00  0.055   0.5325292998015042E-01   0.1477946044652368E-08   0.1200971301432546E+01   0.7467392487750388E-01   0.3948479517873395E+02 
      1      57   1258     *ANK   0.62E+08  1.00  0.066   0.4610765374838728E-01   0.1285549768890255E-08   0.1201700375357514E+01   0.7469575039678025E-01   0.3324636019248839E+02 
      1      58   1300      ANK   0.62E+08  1.00  0.064   0.4238128616108394E-01   0.1208828497450067E-08   0.1202959856494779E+01   0.7470880424313839E-01   0.3074698926073475E+02 
      1      59   1342      ANK   0.62E+08  1.00  0.057   0.3890652740384241E-01   0.1517870962085036E-08   0.1204361189624781E+01   0.7464705139699929E-01   0.2784177633017825E+02 
      1      60   1384      ANK   0.62E+08  1.00  0.067   0.3397627475391833E-01   0.1184036776434224E-08   0.1205572003179622E+01   0.7458685926877959E-01   0.2306709294397301E+02 
      1      61   1426      ANK   0.62E+08  1.00  0.081   0.2943497057981656E-01   0.8461741983396371E-09   0.1206792546838985E+01   0.7455610735095533E-01   0.1905894114868244E+02 
      1      62   1468     *ANK   0.20E+09  1.00  0.091   0.2641215678928242E-01   0.9914392003385689E-09   0.1208102242439523E+01   0.7451949559854601E-01   0.1677169819109109E+02 
      1      63   1510      ANK   0.20E+09  1.00  0.107   0.2346871329522855E-01   0.9196656900676923E-09   0.1209232446291835E+01   0.7445112725928915E-01   0.1416995259556348E+02 
      1      64   1552      ANK   0.20E+09  1.00  0.120   0.2042575781298463E-01   0.5164794933644996E-09   0.1210188152961218E+01   0.7437862877933341E-01   0.1140376575566727E+02 
      1      65   1594      ANK   0.20E+09  1.00  0.115   0.1893934952053460E-01   0.8545584114960446E-09   0.1211384296705507E+01   0.7433452264029980E-01   0.1067955587311007E+02 
      1      66   1636      ANK   0.20E+09  1.00  0.113   0.1743155430959428E-01   0.7957541542454947E-09   0.1212532948967481E+01   0.7427719416588505E-01   0.9504281056861110E+01 
      1      67   1678     *ANK   0.65E+09  1.00  0.117   0.1590217769925589E-01   0.5844910986929643E-09   0.1213619897072088E+01   0.7419432819186444E-01   0.8318403752433882E+01 
      1      68   1720      ANK   0.65E+09  1.00  0.127   0.1414146304819912E-01   0.2743518126331174E-09   0.1214520376737223E+01   0.7412213786208161E-01   0.6686544084598741E+01 
      1      69   1762      ANK   0.65E+09  1.00  0.167   0.1268403963592165E-01   0.2138283133897124E-09   0.1215317114002219E+01   0.7410923609527992E-01   0.5538001318393512E+01 
      1      70   1804      ANK   0.65E+09  1.00  0.179   0.1172418196089123E-01   0.3813420179910829E-09   0.1216128491958574E+01   0.7408673715977596E-01   0.5011972466303833E+01 
      1      71   1846      ANK   0.65E+09  1.00  0.184   0.1088338846773573E-01   0.3112488263519101E-09   0.1216895856673180E+01   0.7404987183943662E-01   0.4514062550823310E+01 
      1      72   1888     *ANK   0.22E+10  1.00  0.208   0.1008440812052080E-01   0.1526484939104280E-09   0.1217569139468669E+01   0.7401629463005863E-01   0.3971637444306380E+01 
      1      73   1930      ANK   0.22E+10  1.00  0.226   0.9436789430032151E-02   0.1400117081698606E-09   0.1218205725967032E+01   0.7399718260779053E-01   0.3633638932106472E+01 
      1      74   1972      ANK   0.22E+10  1.00  0.225   0.8896986402579677E-02   0.1637800977997189E-09   0.1218822283983391E+01   0.7397716457708439E-01   0.3441567032894755E+01 
      1      75   2014      ANK   0.22E+10  1.00  0.224   0.8406419096697509E-02   0.1422140541784010E-09   0.1219416718331787E+01   0.7395491052899159E-01   0.3264820412604949E+01 
      1      76   2056      ANK   0.22E+10  1.00  0.231   0.7939404307187755E-02   0.1048031181136888E-09   0.1219980833300446E+01   0.7393353916145567E-01   0.3056909551409212E+01 
      1      77   2098      ANK   0.22E+10  1.00  0.240   0.7518169579520818E-02   0.9702068891312091E-10   0.1220515531402018E+01   0.7391652848674463E-01   0.2882920316551607E+01 
      1      78   2140      ANK   0.22E+10  1.00  0.241   0.7148906541174047E-02   0.1151288275264046E-09   0.1221028896516061E+01   0.7390049313130190E-01   0.2762171273383955E+01 
      1      79   2182      ANK   0.22E+10  1.00  0.239   0.6812870313897559E-02   0.1155560657444505E-09   0.1221520963767649E+01   0.7388366107034211E-01   0.2645734396388664E+01 
      1      80   2224      ANK   0.22E+10  1.00  0.241   0.6499698905334857E-02   0.9550025173922383E-10   0.1221986642551458E+01   0.7386729845670559E-01   0.2513344535498449E+01 
      1      81   2266      ANK   0.22E+10  1.00  0.245   0.6212313412592589E-02   0.8499434212443834E-10   0.1222424494875049E+01   0.7385283335197898E-01   0.2393297156681168E+01 
      1      82   2308     *ANK   0.64E+10  1.00  0.245   0.5949572493679308E-02   0.8142614111611437E-10   0.1222836272564126E+01   0.7383934687328511E-01   0.2295292975302235E+01 
      1      83   2350      ANK   0.64E+10  1.00  0.244   0.5705987203860872E-02   0.7290506240692777E-10   0.1223223590883327E+01   0.7382633554115806E-01   0.2202844666255899E+01 
      1      84   2392      ANK   0.64E+10  1.00  0.244   0.5478306909520217E-02   0.6068525317644002E-10   0.1223587064550664E+01   0.7381426807210195E-01   0.2108520982265045E+01 
      1      85   2434      ANK   0.64E+10  1.00  0.245   0.5266497074399262E-02   0.5443118550684893E-10   0.1223927547448928E+01   0.7380332333560369E-01   0.2021083960730909E+01 
      1      86   2476      ANK   0.64E+10  1.00  0.245   0.5069022345792460E-02   0.5147244980179514E-10   0.1224246354095754E+01   0.7379306855645631E-01   0.1941234348221202E+01 
      1      87   2518      ANK   0.64E+10  1.00  0.244   0.4883543609897230E-02   0.4740966571576373E-10   0.1224545006251628E+01   0.7378342083550518E-01   0.1862498693306182E+01 
      1      88   2560      ANK   0.64E+10  1.00  0.245   0.4708715613436680E-02   0.4360828323774481E-10   0.1224824673948387E+01   0.7377448800265435E-01   0.1783872453981001E+01 
      1      89   2602      ANK   0.64E+10  1.00  0.246   0.4543873689206955E-02   0.4134748860735308E-10   0.1225086216951783E+01   0.7376619293178605E-01   0.1708560317224171E+01 
      1      90   2644      ANK   0.64E+10  1.00  0.247   0.4388245789362681E-02   0.3959958348035504E-10   0.1225330891764022E+01   0.7375842907055569E-01   0.1637241528982094E+01 
      1      91   2686      ANK   0.64E+10  1.00  0.248   0.4240814600717969E-02   0.3742230235584938E-10   0.1225560244155160E+01   0.7375118685818030E-01   0.1568998959936647E+01 
      1      92   2728     *ANK   0.14E+11  1.00  0.249   0.4101549514207653E-02   0.3506805109975375E-10   0.1225775257497804E+01   0.7374442548946003E-01   0.1503795699425940E+01 
      1      93   2770      ANK   0.14E+11  1.00  0.250   0.3970180954892885E-02   0.3325522025238409E-10   0.1225976874527937E+01   0.7373809150430427E-01   0.1442826200662005E+01 
      1      94   2812      ANK   0.14E+11  1.00  0.250   0.3845694207090268E-02   0.3160677830586492E-10   0.1226166018582056E+01   0.7373214454548657E-01   0.1385315212207104E+01 
      1      95   2854      ANK   0.14E+11  1.00  0.250   0.3727315584377123E-02   0.3006107243964069E-10   0.1226343724401890E+01   0.7372657701882190E-01   0.1330865088976031E+01 
      1      96   2896      ANK   0.14E+11  1.00  0.250   0.3614619446303948E-02   0.2871388231030300E-10   0.1226510780488710E+01   0.7372134293153124E-01   0.1279240298428323E+01 
      1      97   2938      ANK   0.14E+11  1.00  0.250   0.3507169294951658E-02   0.2750572501966396E-10   0.1226667854015692E+01   0.7371640840054494E-01   0.1230305005453792E+01 
      1      98   2980      ANK   0.14E+11  1.00  0.250   0.3404604898103497E-02   0.2638267716582919E-10   0.1226815617137565E+01   0.7371175596402540E-01   0.1183668542712853E+01 
      1      99   3022      ANK   0.14E+11  1.00  0.250   0.3306567395931800E-02   0.2524698371667210E-10   0.1226954632306001E+01   0.7370736649253221E-01   0.1138957519043011E+01 
#-------------------------------------------------------------------------------------------------------------------------------------------------------------------------------------
#  Grid  | Iter | Iter |  Iter  |   CFL   | Step | Lin  |        Res rho         |       Res nuturb       |         C_lift         |        C_drag          |        totalRes        |
#  level |      | Tot  |  Type  |         |      | Res  |                        |                        |                        |                        |                        |
#-------------------------------------------------------------------------------------------------------------------------------------------------------------------------------------
      1     100   3064      ANK   0.14E+11  1.00  0.249   0.3212729285859598E-02   0.2415232134093739E-10   0.1227085338000082E+01   0.7370321441653546E-01   0.1095924441437548E+01 
      1     101   3106      ANK   0.14E+11  1.00  0.249   0.3122951131442240E-02   0.2297778777614093E-10   0.1227208133218676E+01   0.7369929491148844E-01   0.1054519278995333E+01 
      1     102   3148     *ANK   0.30E+11  1.00  0.249   0.3037002273804398E-02   0.2174644552492528E-10   0.1227323404517926E+01   0.7369560164596986E-01   0.1014780704615583E+01 
      1     103   3190      ANK   0.30E+11  1.00  0.249   0.2954572408800651E-02   0.2049844092313081E-10   0.1227431547042992E+01   0.7369212119152790E-01   0.9766990437842626E+00 
      1     104   3232      ANK   0.30E+11  1.00  0.249   0.2875492259016433E-02   0.1925698768408644E-10   0.1227532903610256E+01   0.7368884427298728E-01   0.9403312850931130E+00 
      1     105   3274      ANK   0.30E+11  1.00  0.249   0.2799561282877606E-02   0.1798745906880739E-10   0.1227627835335868E+01   0.7368576724392858E-01   0.9057362815023159E+00 
      1     106   3316      ANK   0.30E+11  1.00  0.249   0.2726581173131552E-02   0.1678495512113321E-10   0.1227716723606057E+01   0.7368288238933415E-01   0.8728907803105882E+00 
      1     107   3358      ANK   0.30E+11  1.00  0.249   0.2656351829584520E-02   0.1563017070230420E-10   0.1227799934834667E+01   0.7368018140668978E-01   0.8417096017785382E+00 
      1     108   3400      ANK   0.30E+11  1.00  0.249   0.2588652123722860E-02   0.1457538466341166E-10   0.1227877817134374E+01   0.7367765302584636E-01   0.8121051570024929E+00 
      1     109   3442      ANK   0.30E+11  1.00  0.248   0.2523325024618352E-02   0.1360317627770325E-10   0.1227950707462717E+01   0.7367529197941569E-01   0.7839823317538271E+00 
      1     110   3484      ANK   0.30E+11  1.00  0.248   0.2460303040529561E-02   0.1270917298279644E-10   0.1228018933485213E+01   0.7367308667209163E-01   0.7572441100165413E+00 
      1     111   3526      ANK   0.30E+11  1.00  0.247   0.2399468565645213E-02   0.1187618642784307E-10   0.1228082796981252E+01   0.7367103099173364E-01   0.7318210293920817E+00 
      1     112   3568     *ANK   0.61E+11  1.00  0.247   0.2340687935283949E-02   0.1110861050421006E-10   0.1228142584972853E+01   0.7366911621127126E-01   0.7076961254997157E+00 
      1     113   3610      ANK   0.61E+11  1.00  0.246   0.2283980195358858E-02   0.1034851445231052E-10   0.1228198548785522E+01   0.7366733455770860E-01   0.6846852581930767E+00 
      1     114   3652      ANK   0.61E+11  1.00  0.245   0.2229314421350456E-02   0.9684198907502271E-11   0.1228250939606943E+01   0.7366567770418250E-01   0.6628594850786851E+00 
      1     115   3694      ANK   0.61E+11  1.00  0.244   0.2176545784997434E-02   0.9020801020429423E-11   0.1228299953320003E+01   0.7366413535396535E-01   0.6420840868502230E+00 
      1     116   3736      ANK   0.61E+11  1.00  0.242   0.2125569169351949E-02   0.8397815358953092E-11   0.1228345801063464E+01   0.7366270383900334E-01   0.6223094257568335E+00 
      1     117   3778      ANK   0.61E+11  1.00  0.241   0.2076312527043016E-02   0.7796729813759082E-11   0.1228388663987130E+01   0.7366137377899265E-01   0.6034469225738007E+00 
      1     118   3820      ANK   0.61E+11  1.00  0.239   0.2028680219495546E-02   0.7223861701473395E-11   0.1228428705318559E+01   0.7366013962131113E-01   0.5854455484772426E+00 
      1     119   3862      ANK   0.61E+11  1.00  0.237   0.1982526745713589E-02   0.6686614314900245E-11   0.1228466085113201E+01   0.7365899677097490E-01   0.5682392274997426E+00 
      1     120   3904      ANK   0.61E+11  1.00  0.235   0.1937786427749030E-02   0.6174093180733025E-11   0.1228500949940865E+01   0.7365793893184108E-01   0.5517553980281067E+00 
      1     121   3946      ANK   0.61E+11  1.00  0.233   0.1894510540201350E-02   0.5698427089093309E-11   0.1228533433059810E+01   0.7365696062616706E-01   0.5359797740911094E+00 
      1     122   3988     *ANK   0.11E+12  1.00  0.231   0.1852676216815598E-02   0.5249799086639056E-11   0.1228563668837200E+01   0.7365605952763174E-01   0.5209011921650483E+00 
      1     123   4030      ANK   0.11E+12  1.00  0.229   0.1812104467889245E-02   0.4864064056410325E-11   0.1228591797520869E+01   0.7365523231548038E-01   0.5064790106253108E+00 
      1     124   4072      ANK   0.11E+12  1.00  0.226   0.1772699422779479E-02   0.4513060029762075E-11   0.1228617948070217E+01   0.7365447658159230E-01   0.4927109178738674E+00 
      1     125   4114      ANK   0.11E+12  1.00  0.224   0.1734485916563073E-02   0.4194996486818169E-11   0.1228642236364809E+01   0.7365378346645790E-01   0.4795177831359692E+00 
      1     126   4156      ANK   0.11E+12  1.00  0.221   0.1697440445842653E-02   0.3911384058174093E-11   0.1228664777847273E+01   0.7365314771133841E-01   0.4668711405507426E+00 
      1     127   4198      ANK   0.11E+12  1.00  0.219   0.1661449654792230E-02   0.3662819769389781E-11   0.1228685675540409E+01   0.7365256300004830E-01   0.4547195955180265E+00 
      1     128   4240      ANK   0.11E+12  1.00  0.216   0.1626400631604885E-02   0.3446571010867300E-11   0.1228705031785400E+01   0.7365202657592698E-01   0.4430214931364566E+00 
      1     129   4282      ANK   0.11E+12  1.00  0.213   0.1592241560351656E-02   0.3249514320299134E-11   0.1228722949045035E+01   0.7365153610484140E-01   0.4317546848512950E+00 
      1     130   4324      ANK   0.11E+12  1.00  0.211   0.1558967098466622E-02   0.3074073320183162E-11   0.1228739520755323E+01   0.7365108711491897E-01   0.4208981455680556E+00 
      1     131   4366      ANK   0.11E+12  1.00  0.208   0.1526553208156282E-02   0.2920504376841697E-11   0.1228754832317538E+01   0.7365067880105039E-01   0.4104322440031360E+00 
      1     132   4408     *ANK   0.19E+12  1.00  0.205   0.1494942469883633E-02   0.2789266892839308E-11   0.1228768968750459E+01   0.7365030843273002E-01   0.4003436758158193E+00 
      1     133   4450      ANK   0.19E+12  1.00  0.203   0.1464117841170427E-02   0.2673932988895804E-11   0.1228782005531164E+01   0.7364997255477282E-01   0.3905898185771097E+00 
      1     134   4492      ANK   0.19E+12  1.00  0.200   0.1433990552900872E-02   0.2569734624585305E-11   0.1228794017695413E+01   0.7364966830519382E-01   0.3811638470332094E+00 
      1     135   4534      ANK   0.19E+12  1.00  0.197   0.1404612500579740E-02   0.2475753262154536E-11   0.1228805079744050E+01   0.7364939424467523E-01   0.3720601860292150E+00 
      1     136   4576      ANK   0.19E+12  1.00  0.194   0.1376000578596963E-02   0.2378158242010393E-11   0.1228815264414038E+01   0.7364914570857040E-01   0.3632763689554651E+00 
      1     137   4618      ANK   0.19E+12  1.00  0.191   0.1348108696663481E-02   0.2289139062862837E-11   0.1228824626705004E+01   0.7364891380515709E-01   0.3547869637587404E+00 
      1     138   4660      ANK   0.19E+12  1.00  0.188   0.1320751872987844E-02   0.2187293851945029E-11   0.1228833208263242E+01   0.7364868892787882E-01   0.3465274678211242E+00 
      1     139   4702      ANK   0.19E+12  1.00  0.186   0.1293692812046370E-02   0.2109465719594894E-11   0.1228841052835604E+01   0.7364847017998702E-01   0.3384334098077459E+00 
      1     140   4744      ANK   0.19E+12  1.00  0.185   0.1266816500065533E-02   0.2032536359176909E-11   0.1228848208438412E+01   0.7364826382513356E-01   0.3304777279797085E+00 
      1     141   4786      ANK   0.19E+12  1.00  0.184   0.1240287405393437E-02   0.1940357750392636E-11   0.1228854714231888E+01   0.7364806871877527E-01   0.3227081206263559E+00 
      1     142   4828     *ANK   0.32E+12  1.00  0.183   0.1214195460246927E-02   0.1878959750802569E-11   0.1228860606947328E+01   0.7364789181302245E-01   0.3151638994942959E+00 
      1     143   4870      ANK   0.32E+12  1.00  0.182   0.1188600351658309E-02   0.1844210011184836E-11   0.1228865939448689E+01   0.7364773996094054E-01   0.3078571519071203E+00 
      1     144   4912      ANK   0.32E+12  1.00  0.181   0.1163580997782272E-02   0.1814282354635383E-11   0.1228870767236477E+01   0.7364761952514004E-01   0.3008058126136901E+00 
      1     145   4954      ANK   0.32E+12  1.00  0.180   0.1139201525646190E-02   0.1782113272813210E-11   0.1228875140732055E+01   0.7364753064141777E-01   0.2940026732113926E+00 
      1     146   4996      ANK   0.32E+12  1.00  0.178   0.1115459783670202E-02   0.1747063460515906E-11   0.1228879116237861E+01   0.7364747530539190E-01   0.2874304413577630E+00 
      1     147   5038      ANK   0.32E+12  1.00  0.177   0.1092274695212026E-02   0.1705992174936504E-11   0.1228882750239076E+01   0.7364745193545016E-01   0.2810497118797146E+00 
      1     148   5080      ANK   0.32E+12  1.00  0.175   0.1069597744282583E-02   0.1668297763033084E-11   0.1228886071579227E+01   0.7364745005635756E-01   0.2748108728384528E+00 
      1     149   5122      ANK   0.32E+12  1.00  0.174   0.1047322258526213E-02   0.1623558093668784E-11   0.1228889069297586E+01   0.7364746190469448E-01   0.2686883127696150E+00 
#-------------------------------------------------------------------------------------------------------------------------------------------------------------------------------------
#  Grid  | Iter | Iter |  Iter  |   CFL   | Step | Lin  |        Res rho         |       Res nuturb       |         C_lift         |        C_drag          |        totalRes        |
#  level |      | Tot  |  Type  |         |      | Res  |                        |                        |                        |                        |                        |
#-------------------------------------------------------------------------------------------------------------------------------------------------------------------------------------
      1     150   5164      ANK   0.32E+12  1.00  0.174   0.1025362435098731E-02   0.1561120389068821E-11   0.1228891742279303E+01   0.7364749004246010E-01   0.2627112457126156E+00 
      1     151   5206      ANK   0.32E+12  1.00  0.173   0.1003548779074397E-02   0.1481190931929038E-11   0.1228894153096038E+01   0.7364752298514091E-01   0.2568572545363840E+00 
      1     152   5248     *ANK   0.51E+12  1.00  0.174   0.9816901907668959E-03   0.1401404544863162E-11   0.1228896365942321E+01   0.7364754307928537E-01   0.2510082150913323E+00 
      1     153   5290      ANK   0.51E+12  1.00  0.177   0.9600665839369428E-03   0.1343606391582113E-11   0.1228898385226259E+01   0.7364755869793477E-01   0.2451779288787878E+00 
      1     154   5332      ANK   0.51E+12  1.00  0.181   0.9387466940490797E-03   0.1331188157041602E-11   0.1228900082253410E+01   0.7364746409077275E-01   0.2394287439620456E+00 
      1     155   5374      ANK   0.51E+12  1.00  0.180   0.9184618446220038E-03   0.1298814228442376E-11   0.1228901502432339E+01   0.7364749181042896E-01   0.2340876284797156E+00 
      1     156   5416      ANK   0.51E+12  1.00  0.177   0.8994222347764682E-03   0.1236678350430172E-11   0.1228902755145873E+01   0.7364744531081799E-01   0.2289953071442798E+00 
      1     157   5458      ANK   0.51E+12  1.00  0.175   0.8808819019991147E-03   0.1260885886647449E-11   0.1228903850516011E+01   0.7364746191411309E-01   0.2240472480669155E+00 
      1     158   5500      ANK   0.51E+12  1.00  0.174   0.8625687367590888E-03   0.1220106377958035E-11   0.1228904899392358E+01   0.7364741475277173E-01   0.2192941461199066E+00 
      1     159   5542      ANK   0.51E+12  1.00  0.174   0.8448170011943733E-03   0.1238161938599339E-11   0.1228905823827019E+01   0.7364741432616931E-01   0.2147207872721137E+00 
      1     160   5584      ANK   0.51E+12  1.00  0.173   0.8275956400311398E-03   0.1149727263811802E-11   0.1228906704456928E+01   0.7364737581133679E-01   0.2102095706111347E+00 
      1     161   5626      ANK   0.51E+12  1.00  0.171   0.8108266377540738E-03   0.1004322678179696E-11   0.1228907528402320E+01   0.7364733217113184E-01   0.2058911801904207E+00 
      1     162   5668     *ANK   0.80E+12  1.00  0.171   0.7944476921713454E-03   0.9029793816965977E-12   0.1228908225049462E+01   0.7364728595048364E-01   0.2016014236313694E+00 
      1     163   5710      ANK   0.80E+12  1.00  0.172   0.7781548327281836E-03   0.8404953952926063E-12   0.1228908891834144E+01   0.7364731300740654E-01   0.1973535057549589E+00 
      1     164   5752      ANK   0.80E+12  1.00  0.166   0.7630067933806921E-03   0.8206749925092167E-12   0.1228909413713482E+01   0.7364728910724461E-01   0.1934573607123527E+00 
      1     165   5794      ANK   0.80E+12  1.00  0.165   0.7480681972670238E-03   0.8210299222912528E-12   0.1228909885310203E+01   0.7364728705557824E-01   0.1895353549241701E+00 
      1     166   5836      ANK   0.80E+12  1.00  0.164   0.7337654961555620E-03   0.8348566628337946E-12   0.1228910258807255E+01   0.7364730893316321E-01   0.1858002418460795E+00 
      1     167   5878      ANK   0.80E+12  1.00  0.167   0.7191758848374438E-03   0.8755758484980318E-12   0.1228910635346407E+01   0.7364735632986605E-01   0.1820108913343594E+00 
      1     168   5920      ANK   0.80E+12  1.00  0.163   0.7050018820861328E-03   0.8779309469030569E-12   0.1228910873934257E+01   0.7364734195602976E-01   0.1783578640515857E+00 
      1     169   5962      ANK   0.80E+12  1.00  0.166   0.6904439745462301E-03   0.7291787214201367E-12   0.1228911098537991E+01   0.7364737818339676E-01   0.1745931447046653E+00 
      1     170   6004      ANK   0.80E+12  1.00  0.163   0.6767118525229123E-03   0.6736956418445092E-12   0.1228911277523497E+01   0.7364736607009709E-01   0.1710799352245191E+00 
      1     171   6046      ANK   0.80E+12  1.00  0.160   0.6640058872556626E-03   0.5706259923778778E-12   0.1228911426306249E+01   0.7364739403017601E-01   0.1677508516849660E+00 
      1     172   6088     *ANK   0.12E+13  1.00  0.162   0.6511638079789893E-03   0.6412293957309421E-12   0.1228911531395987E+01   0.7364741994997484E-01   0.1644659728683813E+00 
      1     173   6130      ANK   0.12E+13  1.00  0.165   0.6379609602020336E-03   0.6479738225350846E-12   0.1228911692460112E+01   0.7364751922487767E-01   0.1610432089586443E+00 
      1     174   6172      ANK   0.12E+13  1.00  0.162   0.6252698247437329E-03   0.5993181798304641E-12   0.1228911759711736E+01   0.7364755573980061E-01   0.1578124842089157E+00 
      1     175   6214      ANK   0.12E+13  1.00  0.163   0.6127198416783033E-03   0.5544596613514077E-12   0.1228911800294737E+01   0.7364757289421697E-01   0.1545970100752688E+00 
      1     176   6256      ANK   0.12E+13  1.00  0.163   0.6007199396955128E-03   0.5077512680784072E-12   0.1228911832687614E+01   0.7364760057333397E-01   0.1515101713049526E+00 
      1     177   6298      ANK   0.12E+13  1.00  0.160   0.5894686730900001E-03   0.4403542344456600E-12   0.1228911832545418E+01   0.7364763125034635E-01   0.1485973808222041E+00 
      1     178   6340      ANK   0.12E+13  1.00  0.160   0.5784390375762724E-03   0.4904323730442169E-12   0.1228911789867779E+01   0.7364766987585272E-01   0.1457682839623980E+00 
      1     179   6382      ANK   0.12E+13  1.00  0.160   0.5671632660517219E-03   0.5307363791048047E-12   0.1228911757520935E+01   0.7364771815226459E-01   0.1428982768646788E+00 
      1     180   6424      ANK   0.12E+13  1.00  0.158   0.5564732253443426E-03   0.5185075741974542E-12   0.1228911705209994E+01   0.7364773420514584E-01   0.1401623143655004E+00 
      1     181   6466      ANK   0.12E+13  1.00  0.158   0.5459804389566203E-03   0.4319375264422767E-12   0.1228911635520361E+01   0.7364776462119274E-01   0.1374795028399943E+00 
      1     182   6508     *ANK   0.19E+13  1.00  0.157   0.5357196026297352E-03   0.4452946302536236E-12   0.1228911525796353E+01   0.7364779947364744E-01   0.1348804858801044E+00 
      1     183   6550      ANK   0.19E+13  1.00  0.158   0.5255532386516804E-03   0.4125183195452490E-12   0.1228911461038683E+01   0.7364780761798406E-01   0.1322743788847124E+00 
      1     184   6592      ANK   0.19E+13  1.00  0.157   0.5158793458236503E-03   0.3920374442928288E-12   0.1228911359377268E+01   0.7364786245016097E-01   0.1297773952962390E+00 
      1     185   6634      ANK   0.19E+13  1.00  0.157   0.5060738115818367E-03   0.3937029123821112E-12   0.1228911249305593E+01   0.7364788300061090E-01   0.1273005263628265E+00 
      1     186   6676      ANK   0.19E+13  1.00  0.154   0.4965186264762432E-03   0.3779318744537372E-12   0.1228911110646300E+01   0.7364789343430686E-01   0.1248628276184497E+00 
      1     187   6718      ANK   0.19E+13  1.00  0.154   0.4876631834650492E-03   0.3680106660680678E-12   0.1228911003690879E+01   0.7364793509216311E-01   0.1225780159133424E+00 
      1     188   6760      ANK   0.19E+13  1.00  0.153   0.4789155620214498E-03   0.3252054873164425E-12   0.1228910872300655E+01   0.7364796724725761E-01   0.1203540091609705E+00 
      1     189   6802      ANK   0.19E+13  1.00  0.153   0.4701688604115442E-03   0.3631341710415587E-12   0.1228910764211317E+01   0.7364796297925952E-01   0.1181307404569185E+00 
      1     190   6844      ANK   0.19E+13  1.00  0.154   0.4615984752768330E-03   0.3522419687942564E-12   0.1228910635590986E+01   0.7364802390190542E-01   0.1159468441839468E+00 
      1     191   6886      ANK   0.19E+13  1.00  0.154   0.4530354001091730E-03   0.3363517036616084E-12   0.1228910518713436E+01   0.7364804288529334E-01   0.1137923249875444E+00 
      1     192   6928     *ANK   0.28E+13  1.00  0.150   0.4449753725388157E-03   0.3164403560603257E-12   0.1228910362482193E+01   0.7364802268489257E-01   0.1117248261349836E+00 
      1     193   6970      ANK   0.28E+13  1.00  0.151   0.4370734589822640E-03   0.2715292826499416E-12   0.1228910217398428E+01   0.7364806945035818E-01   0.1097159210040748E+00 
      1     194   7012      ANK   0.28E+13  1.00  0.152   0.4293125028587241E-03   0.2892642530329668E-12   0.1228910083766967E+01   0.7364811808783278E-01   0.1077583917697893E+00 
      1     195   7054      ANK   0.28E+13  1.00  0.150   0.4215238323021806E-03   0.3022940514251025E-12   0.1228909968688289E+01   0.7364810216053760E-01   0.1057799986222786E+00 
      1     196   7096      ANK   0.28E+13  1.00  0.150   0.4141206193588408E-03   0.2620270595903278E-12   0.1228909814760564E+01   0.7364813755479432E-01   0.1038824632232487E+00 
      1     197   7138      ANK   0.28E+13  1.00  0.149   0.4064474037952607E-03   0.2493574804436466E-12   0.1228909698587102E+01   0.7364815236460759E-01   0.1019577797285878E+00 
      1     198   7180      ANK   0.28E+13  1.00  0.147   0.3994915370897967E-03   0.2602072395679699E-12   0.1228909550897123E+01   0.7364816547061487E-01   0.1001944179465370E+00 
      1     199   7222      ANK   0.28E+13  1.00  0.148   0.3925585999598163E-03   0.2097380189275252E-12   0.1228909420388726E+01   0.7364817358676828E-01   0.9841837837017693E-01 
#-------------------------------------------------------------------------------------------------------------------------------------------------------------------------------------
#  Grid  | Iter | Iter |  Iter  |   CFL   | Step | Lin  |        Res rho         |       Res nuturb       |         C_lift         |        C_drag          |        totalRes        |
#  level |      | Tot  |  Type  |         |      | Res  |                        |                        |                        |                        |                        |
#-------------------------------------------------------------------------------------------------------------------------------------------------------------------------------------
      1     200   7264      ANK   0.28E+13  1.00  0.149   0.3857098267611499E-03   0.2270001197888578E-12   0.1228909273887970E+01   0.7364822836165488E-01   0.9668605071577165E-01 
      1     201   7306      ANK   0.28E+13  1.00  0.150   0.3788279287700896E-03   0.2799805964126648E-12   0.1228909176424597E+01   0.7364822317915051E-01   0.9497071570149061E-01 
      1     202   7348     *ANK   0.40E+13  1.00  0.145   0.3723632770772434E-03   0.2267199784716455E-12   0.1228909020571398E+01   0.7364823531646617E-01   0.9331072610707039E-01 
      1     203   7390      ANK   0.40E+13  1.00  0.148   0.3658791075697001E-03   0.1974048907637849E-12   0.1228908900661505E+01   0.7364826524003326E-01   0.9167421780357483E-01 
      1     204   7432      ANK   0.40E+13  1.00  0.146   0.3596972178354613E-03   0.2200963819128414E-12   0.1228908762230026E+01   0.7364829125235575E-01   0.9011584407746641E-01 
      1     205   7474      ANK   0.40E+13  1.00  0.143   0.3535569323051798E-03   0.1974616703065504E-12   0.1228908641323304E+01   0.7364826995914717E-01   0.8855970616309754E-01 
      1     206   7516      ANK   0.40E+13  1.00  0.146   0.3475386058224249E-03   0.1920459360802914E-12   0.1228908510290234E+01   0.7364831031466501E-01   0.8703053947627426E-01 
      1     207   7558      ANK   0.40E+13  1.00  0.146   0.3414447983642632E-03   0.2022956441569038E-12   0.1228908410458134E+01   0.7364833142545574E-01   0.8550576536989472E-01 
      1     208   7600      ANK   0.40E+13  1.00  0.142   0.3357536418692379E-03   0.2007908924141593E-12   0.1228908283867864E+01   0.7364831277726835E-01   0.8407438246461561E-01 
      1     209   7642      ANK   0.40E+13  1.00  0.143   0.3302158898153867E-03   0.1582074838657486E-12   0.1228908166646016E+01   0.7364834598736397E-01   0.8266907360879458E-01 
      1     210   7684      ANK   0.40E+13  1.00  0.143   0.3246322815351589E-03   0.1436684470780895E-12   0.1228908042698458E+01   0.7364838576261876E-01   0.8125241913842765E-01 
      1     211   7726      ANK   0.40E+13  1.00  0.143   0.3191360355509902E-03   0.1843289555346821E-12   0.1228907955613185E+01   0.7364837713756195E-01   0.7988032248030322E-01 
      1     212   7768     *ANK   0.58E+13  1.00  0.140   0.3138791842284519E-03   0.1584217140365731E-12   0.1228907829312047E+01   0.7364839033336773E-01   0.7854434330501175E-01 
      1     213   7810      ANK   0.58E+13  1.00  0.144   0.3085832755176450E-03   0.1491460041563878E-12   0.1228907734894605E+01   0.7364841485225201E-01   0.7721097449518352E-01 
      1     214   7852      ANK   0.58E+13  1.00  0.138   0.3035846814545453E-03   0.1742294444370274E-12   0.1228907617896765E+01   0.7364842514076428E-01   0.7595706703415943E-01 
      1     215   7894      ANK   0.58E+13  1.00  0.139   0.2985830677067565E-03   0.1274173614450001E-12   0.1228907521865624E+01   0.7364842372492303E-01   0.7468405073941038E-01 
      1     216   7936      ANK   0.58E+13  1.00  0.140   0.2936771177648375E-03   0.1153225882002287E-12   0.1228907413664031E+01   0.7364846429231267E-01   0.7345380724029574E-01 
      1     217   7978      ANK   0.58E+13  1.00  0.140   0.2888540654435327E-03   0.1642609661094981E-12   0.1228907342313397E+01   0.7364845245764984E-01   0.7224742784362755E-01 
      1     218   8020      ANK   0.58E+13  1.00  0.138   0.2841097133933067E-03   0.1244636653545475E-12   0.1228907240451526E+01   0.7364845801747483E-01   0.7104107934967524E-01 
      1     219   8062      ANK   0.58E+13  1.00  0.141   0.2793393090327305E-03   0.1271931701504776E-12   0.1228907161647955E+01   0.7364847495142826E-01   0.6984316652271481E-01 
      1     220   8104      ANK   0.58E+13  1.00  0.137   0.2748726556866326E-03   0.1293995220857618E-12   0.1228907060931214E+01   0.7364849409914062E-01   0.6873248518094405E-01 
      1     221   8146      ANK   0.58E+13  1.00  0.136   0.2704998652022008E-03   0.1168635887009696E-12   0.1228906981792865E+01   0.7364848172626129E-01   0.6762327477092640E-01 
      1     222   8188     *ANK   0.83E+13  1.00  0.137   0.2661935224270744E-03   0.1096971784914122E-12   0.1228906883692887E+01   0.7364849199572754E-01   0.6653373051188369E-01 
      1     223   8230      ANK   0.83E+13  1.00  0.139   0.2617926801827771E-03   0.1088336007372987E-12   0.1228906812250766E+01   0.7364851449752149E-01   0.6543062433431651E-01 
      1     224   8272      ANK   0.83E+13  1.00  0.137   0.2575865593879660E-03   0.1268535701092397E-12   0.1228906745297391E+01   0.7364852963339330E-01   0.6437769195075224E-01 
      1     225   8314      ANK   0.83E+13  1.00  0.134   0.2535444658467893E-03   0.9497226487287519E-13   0.1228906664711486E+01   0.7364851900826341E-01   0.6335852359974857E-01 
      1     226   8356      ANK   0.83E+13  1.00  0.137   0.2494887120388154E-03   0.8984196966725034E-13   0.1228906582393765E+01   0.7364853794835782E-01   0.6233465599490537E-01 
      1     227   8398      ANK   0.83E+13  1.00  0.136   0.2455319095123366E-03   0.1140625577202623E-12   0.1228906515808772E+01   0.7364855843699275E-01   0.6135184198923228E-01 
      1     228   8440      ANK   0.83E+13  1.00  0.132   0.2417144121221372E-03   0.1067780591083162E-12   0.1228906448249547E+01   0.7364855566662060E-01   0.6038770172785008E-01 
      1     229   8482      ANK   0.83E+13  1.00  0.134   0.2378872537021757E-03   0.7769964932595002E-13   0.1228906370180558E+01   0.7364855272385940E-01   0.5942375273090987E-01 
      1     230   8524      ANK   0.83E+13  1.00  0.136   0.2341112494564437E-03   0.8366175699747758E-13   0.1228906307865601E+01   0.7364857709261502E-01   0.5847548729568820E-01 
      1     231   8566      ANK   0.83E+13  1.00  0.134   0.2303981259774891E-03   0.9113463309130073E-13   0.1228906259308217E+01   0.7364858730583193E-01   0.5755246220546578E-01 
      1     232   8608     *ANK   0.12E+14  1.00  0.130   0.2268573939854862E-03   0.8847920741218803E-13   0.1228906188233302E+01   0.7364857872552499E-01   0.5666021300797601E-01 
      1     233   8650      ANK   0.12E+14  1.00  0.133   0.2232830598817554E-03   0.6536115089671923E-13   0.1228906132466502E+01   0.7364858219967141E-01   0.5575939247011632E-01 
      1     234   8692      ANK   0.12E+14  1.00  0.134   0.2198242647323486E-03   0.7297764481147890E-13   0.1228906080855211E+01   0.7364861156869751E-01   0.5489282866084581E-01 
      1     235   8734      ANK   0.12E+14  1.00  0.131   0.2164443015452679E-03   0.7490540414838719E-13   0.1228906035566427E+01   0.7364861517610691E-01   0.5404667189584193E-01 
      1     236   8776      ANK   0.12E+14  1.00  0.130   0.2131476950097374E-03   0.8464650585224073E-13   0.1228905976352022E+01   0.7364861500428044E-01   0.5321896252522602E-01 
      1     237   8818      ANK   0.12E+14  1.00  0.131   0.2098320784183624E-03   0.6394597916405293E-13   0.1228905927273504E+01   0.7364860916272412E-01   0.5238880224520261E-01 
      1     238   8860      ANK   0.12E+14  1.00  0.132   0.2065966607269756E-03   0.5588365395727449E-13   0.1228905875473188E+01   0.7364863470709060E-01   0.5157389541720065E-01 
      1     239   8902      ANK   0.12E+14  1.00  0.130   0.2034409772428721E-03   0.8298198707865229E-13   0.1228905844177320E+01   0.7364863432038138E-01   0.5079133324019890E-01 
      1     240   8944      ANK   0.12E+14  1.00  0.127   0.2003596541956002E-03   0.5498769901462240E-13   0.1228905784021204E+01   0.7364864366699397E-01   0.5001444945708492E-01 
      1     241   8986      ANK   0.12E+14  1.00  0.130   0.1972925922363525E-03   0.6413997954755762E-13   0.1228905757225653E+01   0.7364863584329509E-01   0.4924721452909200E-01 
      1     242   9028     *ANK   0.16E+14  1.00  0.128   0.1943406000120164E-03   0.4862489344173413E-13   0.1228905706997933E+01   0.7364866568316797E-01   0.4850738149530914E-01 
      1     243   9070      ANK   0.16E+14  1.00  0.127   0.1913491567605400E-03   0.7270884343211053E-13   0.1228905680612487E+01   0.7364865728115638E-01   0.4776333530229935E-01 
      1     244   9112      ANK   0.16E+14  1.00  0.127   0.1884571694094975E-03   0.5174500772277804E-13   0.1228905638846314E+01   0.7364866253657451E-01   0.4703785206847112E-01 
      1     245   9154      ANK   0.16E+14  1.00  0.127   0.1856553057173876E-03   0.5243975574681009E-13   0.1228905601648292E+01   0.7364866184250848E-01   0.4633199363833142E-01 
      1     246   9196      ANK   0.16E+14  1.00  0.129   0.1828558272496394E-03   0.5302193062054730E-13   0.1228905571193528E+01   0.7364867742705633E-01   0.4563173843191366E-01 
      1     247   9238      ANK   0.16E+14  1.00  0.125   0.1801532103763392E-03   0.6889332238197948E-13   0.1228905541802129E+01   0.7364868313727360E-01   0.4495469208521452E-01 
      1     248   9280      ANK   0.16E+14  1.00  0.125   0.1773968291521437E-03   0.3868953048569600E-13   0.1228905507138286E+01   0.7364867845125808E-01   0.4426283405062368E-01 
      1     249   9322      ANK   0.16E+14  1.00  0.126   0.1747814746407484E-03   0.4508947720911622E-13   0.1228905478355763E+01   0.7364869833163212E-01   0.4360614631457882E-01 
#-------------------------------------------------------------------------------------------------------------------------------------------------------------------------------------
#  Grid  | Iter | Iter |  Iter  |   CFL   | Step | Lin  |        Res rho         |       Res nuturb       |         C_lift         |        C_drag          |        totalRes        |
#  level |      | Tot  |  Type  |         |      | Res  |                        |                        |                        |                        |                        |
#-------------------------------------------------------------------------------------------------------------------------------------------------------------------------------------
      1     250   9364      ANK   0.16E+14  1.00  0.124   0.1722031572042511E-03   0.5208673073809859E-13   0.1228905459334007E+01   0.7364869855058945E-01   0.4296180094904355E-01 
      1     251   9406      ANK   0.16E+14  1.00  0.124   0.1696545223981804E-03   0.3904167261085926E-13   0.1228905422379039E+01   0.7364870738435361E-01   0.4232390130333295E-01 
      1     252   9448     *ANK   0.23E+14  1.00  0.122   0.1671360366321949E-03   0.5041674897990453E-13   0.1228905409686187E+01   0.7364871488444746E-01   0.4169386326516889E-01 
      1     253   9490      ANK   0.23E+14  1.00  0.123   0.1647059781494928E-03   0.3134235997461706E-13   0.1228905383045720E+01   0.7364872291197569E-01   0.4108124070327723E-01 
      1     254   9532      ANK   0.23E+14  1.00  0.122   0.1622845540977086E-03   0.4196112036920643E-13   0.1228905362805433E+01   0.7364872819799992E-01   0.4047404255179680E-01 
      1     255   9574      ANK   0.23E+14  1.00  0.122   0.1598489668537190E-03   0.4229132843299255E-13   0.1228905341454078E+01   0.7364873028963026E-01   0.3986278658743549E-01 
      1     256   9616      ANK   0.23E+14  1.00  0.122   0.1575185545574209E-03   0.4119517547907259E-13   0.1228905324534226E+01   0.7364873302696773E-01   0.3927909467884439E-01 
      1     257   9658      ANK   0.23E+14  1.00  0.122   0.1552092089316935E-03   0.3635329971108588E-13   0.1228905306870603E+01   0.7364873631366547E-01   0.3870155035395653E-01 
      1     258   9700      ANK   0.23E+14  1.00  0.121   0.1529392938388747E-03   0.3518159471327343E-13   0.1228905285868778E+01   0.7364874125875093E-01   0.3813233878915740E-01 
      1     259   9742      ANK   0.23E+14  1.00  0.121   0.1506926542539475E-03   0.3584782638512794E-13   0.1228905272678041E+01   0.7364874937088745E-01   0.3757160854822859E-01 
      1     260   9784      ANK   0.23E+14  1.00  0.120   0.1485373259296550E-03   0.3529408026038103E-13   0.1228905257521212E+01   0.7364876057482955E-01   0.3702935519373383E-01 
      1     261   9826      ANK   0.23E+14  1.00  0.119   0.1463475751425750E-03   0.2961612251070716E-13   0.1228905239122549E+01   0.7364876747573795E-01   0.3648126424560374E-01 
      1     262   9868     *ANK   0.31E+14  1.00  0.119   0.1442536130238807E-03   0.3856185000864008E-13   0.1228905236305087E+01   0.7364878969140368E-01   0.3595615476393388E-01 
      1     263   9910      ANK   0.31E+14  1.00  0.117   0.1421271436798129E-03   0.3063995474181742E-13   0.1228905206101197E+01   0.7364878622726545E-01   0.3542392000434424E-01 
      1     264   9952      ANK   0.31E+14  1.00  0.114   0.1401575269539637E-03   0.4012839080059264E-13   0.1228905213949254E+01   0.7364884079543549E-01   0.3493448913612611E-01 
      1     265   9994      ANK   0.31E+14  1.00  0.107   0.1381504117414065E-03   0.2941656710123176E-13   0.1228905149036960E+01   0.7364880224011863E-01   0.3443284325328988E-01 
      1     266  10036      ANK   0.31E+14  1.00  0.107   0.1361891463725308E-03   0.2801376972650729E-13   0.1228905126991448E+01   0.7364884799968013E-01   0.3395560886209991E-01 
      1     267  10078      ANK   0.31E+14  1.00  0.109   0.1342986143924280E-03   0.2835532283412679E-13   0.1228905112341885E+01   0.7364882434626313E-01   0.3347729551437900E-01 
      1     268  10120      ANK   0.31E+14  1.00  0.114   0.1323271891029718E-03   0.2872485589252873E-13   0.1228905102998034E+01   0.7364880198113344E-01   0.3299634858006186E-01 
      1     269  10162      ANK   0.31E+14  1.00  0.110   0.1303639111250215E-03   0.4971970190131882E-13   0.1228905103506799E+01   0.7364884839055114E-01   0.3252098243525355E-01 
      1     270  10204      ANK   0.31E+14  1.00  0.108   0.1284963131264422E-03   0.3110692341260477E-13   0.1228905111525053E+01   0.7364883791998236E-01   0.3204318349985924E-01 
      1     271  10246      ANK   0.31E+14  1.00  0.105   0.1267666485788940E-03   0.4047011067445596E-13   0.1228905151437482E+01   0.7364879422725937E-01   0.3159830827480723E-01 
      1     272  10288     *ANK   0.42E+14  1.00  0.110   0.1248775799704555E-03   0.4171362596887535E-13   0.1228905139244853E+01   0.7364877542568379E-01   0.3112671759824957E-01 
      1     273  10330      ANK   0.42E+14  1.00  0.110   0.1230569921791673E-03   0.5627995318265912E-13   0.1228905158089911E+01   0.7364883839716041E-01   0.3067287766990417E-01 
      1     274  10372      ANK   0.42E+14  1.00  0.111   0.1213348485246324E-03   0.3716305597574794E-13   0.1228905133673101E+01   0.7364887089716859E-01   0.3024106951948569E-01 
      1     275  10414      ANK   0.42E+14  1.00  0.115   0.1194905057249634E-03   0.2861643271870202E-13   0.1228905094968486E+01   0.7364887186029989E-01   0.2978840391792998E-01 
      1     276  10456      ANK   0.42E+14  1.00  0.118   0.1177380612996847E-03   0.2910258862386314E-13   0.1228905074060278E+01   0.7364885242684072E-01   0.2935979050298698E-01 
      1     277  10498      ANK   0.42E+14  1.00  0.120   0.1160012568412506E-03   0.3023328555751050E-13   0.1228905071235378E+01   0.7364884738235894E-01   0.2893193458723457E-01 
      1     278  10540      ANK   0.42E+14  1.00  0.118   0.1143456137530913E-03   0.3182942821831104E-13   0.1228905063401014E+01   0.7364884629263294E-01   0.2851627869258596E-01 
      1     279  10582      ANK   0.42E+14  1.00  0.117   0.1127181618051417E-03   0.2859141278951484E-13   0.1228905059825787E+01   0.7364884745608405E-01   0.2811053739037032E-01 
      1     280  10624      ANK   0.42E+14  1.00  0.118   0.1111665479592720E-03   0.2607907078104593E-13   0.1228905053302955E+01   0.7364884650145076E-01   0.2772207979298706E-01 
      1     281  10666      ANK   0.42E+14  1.00  0.117   0.1095957959158563E-03   0.2673308865565238E-13   0.1228905050083214E+01   0.7364884675442016E-01   0.2732949584664365E-01 
      1     282  10708     *ANK   0.58E+14  1.00  0.115   0.1080913332285264E-03   0.2777896518228581E-13   0.1228905039441699E+01   0.7364884799796595E-01   0.2695071453091207E-01 
      1     283  10750      ANK   0.58E+14  1.00  0.117   0.1065542371908341E-03   0.2892660855457742E-13   0.1228905038869386E+01   0.7364884839951083E-01   0.2656833837196819E-01 
      1     284  10792      ANK   0.58E+14  1.00  0.116   0.1050773470416697E-03   0.2687479008181109E-13   0.1228905033389414E+01   0.7364884594575710E-01   0.2619652549366736E-01 
      1     285  10834      ANK   0.58E+14  1.00  0.114   0.1035994195189623E-03   0.2634327720482745E-13   0.1228905032506577E+01   0.7364884539198846E-01   0.2582832073985375E-01 
      1     286  10876      ANK   0.58E+14  1.00  0.116   0.1021374699758068E-03   0.2267911427846245E-13   0.1228905026291638E+01   0.7364884373328812E-01   0.2546533561712765E-01 
      1     287  10918      ANK   0.58E+14  1.00  0.116   0.1007460795137821E-03   0.2464900933038527E-13   0.1228905028964219E+01   0.7364884187299148E-01   0.2511760327843078E-01 
      1     288  10960      ANK   0.58E+14  1.00  0.115   0.9938517911101774E-04   0.2707964524108717E-13   0.1228905024792004E+01   0.7364883690653831E-01   0.2477600139532191E-01 
      1     289  11002      ANK   0.58E+14  1.00  0.113   0.9794725197165611E-04   0.2724766171230629E-13   0.1228905028459215E+01   0.7364883815834516E-01   0.2441655651643431E-01 
      1     290  11044      ANK   0.58E+14  1.00  0.114   0.9658894254927474E-04   0.2801284616303908E-13   0.1228905024999700E+01   0.7364883337152850E-01   0.2407782376844412E-01 
      1     291  11086      ANK   0.58E+14  1.00  0.114   0.9524918131675739E-04   0.2405155635661001E-13   0.1228905028716782E+01   0.7364883443142678E-01   0.2374643187687574E-01 
      1     292  11128     *ANK   0.78E+14  1.00  0.114   0.9396819797260647E-04   0.2678902301775394E-13   0.1228905027722061E+01   0.7364882770445985E-01   0.2342453627858070E-01 
      1     293  11170      ANK   0.78E+14  1.00  0.111   0.9266121615653901E-04   0.2587065115743483E-13   0.1228905027910337E+01   0.7364882187819510E-01   0.2309936402011908E-01 
      1     294  11212      ANK   0.78E+14  1.00  0.114   0.9137380598793401E-04   0.2729069173929802E-13   0.1228905028774939E+01   0.7364881975108264E-01   0.2277766515789560E-01 
      1     295  11254      ANK   0.78E+14  1.00  0.114   0.9007990831595204E-04   0.2666546947919280E-13   0.1228905035470364E+01   0.7364881863101208E-01   0.2245688783093199E-01 
      1     296  11296      ANK   0.78E+14  1.00  0.112   0.8889811419154460E-04   0.2561088017278472E-13   0.1228905038153395E+01   0.7364880603758733E-01   0.2216044940288501E-01 
      1     297  11338      ANK   0.78E+14  1.00  0.110   0.8767061387594169E-04   0.2521926111193643E-13   0.1228905051414119E+01   0.7364881371005899E-01   0.2185003027623373E-01 
      1     298  11380      ANK   0.78E+14  1.00  0.110   0.8646650204159106E-04   0.2418068826789548E-13   0.1228905053188768E+01   0.7364880212458072E-01   0.2154574088309693E-01 
      1     299  11422      ANK   0.78E+14  1.00  0.103   0.8532983252551573E-04   0.2177909799750055E-13   0.1228905070991655E+01   0.7364882877539058E-01   0.2125779514794852E-01 
#-------------------------------------------------------------------------------------------------------------------------------------------------------------------------------------
#  Grid  | Iter | Iter |  Iter  |   CFL   | Step | Lin  |        Res rho         |       Res nuturb       |         C_lift         |        C_drag          |        totalRes        |
#  level |      | Tot  |  Type  |         |      | Res  |                        |                        |                        |                        |                        |
#-------------------------------------------------------------------------------------------------------------------------------------------------------------------------------------
      1     300  11464      ANK   0.78E+14  1.00  0.105   0.8417128657079890E-04   0.2178754777113459E-13   0.1228905079316879E+01   0.7364884941668121E-01   0.2096555460898361E-01 
      1     301  11506      ANK   0.78E+14  1.00  0.105   0.8302232493521225E-04   0.2861517845460832E-13   0.1228905078802765E+01   0.7364885005044391E-01   0.2067904160497105E-01 
      1     302  11548     *ANK   0.10E+15  1.00  0.108   0.8185770041191102E-04   0.2436531036677331E-13   0.1228905070872243E+01   0.7364884247180686E-01   0.2039041052780137E-01 
      1     303  11590      ANK   0.10E+15  1.00  0.109   0.8068278491310464E-04   0.2663174323212545E-13   0.1228905074295512E+01   0.7364884552275150E-01   0.2010037379787561E-01 
      1     304  11632      ANK   0.10E+15  1.00  0.110   0.7955100165545701E-04   0.2612150523102088E-13   0.1228905076845297E+01   0.7364884300545305E-01   0.1981763925384774E-01 
      1     305  11674      ANK   0.10E+15  1.00  0.110   0.7846816077764789E-04   0.2685141117879075E-13   0.1228905079480304E+01   0.7364884389302542E-01   0.1954980358577317E-01 
      1     306  11716      ANK   0.10E+15  1.00  0.111   0.7738664643682225E-04   0.2461412729263425E-13   0.1228905082269306E+01   0.7364884455077433E-01   0.1927846715671788E-01 
      1     307  11758      ANK   0.10E+15  1.00  0.110   0.7632212285503104E-04   0.2686126144641992E-13   0.1228905085954407E+01   0.7364884208912842E-01   0.1901424676607361E-01 
      1     308  11800      ANK   0.10E+15  1.00  0.109   0.7528774009713303E-04   0.2651639697615816E-13   0.1228905091220148E+01   0.7364883989781354E-01   0.1875618710506438E-01 
      1     309  11842      ANK   0.10E+15  1.00  0.109   0.7426981709648804E-04   0.2687700813722089E-13   0.1228905097710701E+01   0.7364883727252391E-01   0.1850282127936868E-01 
      1     310  11884      ANK   0.10E+15  1.00  0.110   0.7325703194436688E-04   0.2304782582189141E-13   0.1228905102781381E+01   0.7364883678370712E-01   0.1825011392706611E-01 
      1     311  11926      ANK   0.10E+15  1.00  0.109   0.7224100811694245E-04   0.2373950128151522E-13   0.1228905109323724E+01   0.7364883534102384E-01   0.1799681277832032E-01 
      1     312  11968     *ANK   0.14E+15  1.00  0.109   0.7125825779183936E-04   0.2665799583786555E-13   0.1228905113814840E+01   0.7364883507620562E-01   0.1775110900459003E-01 
      1     313  12010      ANK   0.14E+15  1.00  0.109   0.7031192981121896E-04   0.2690363092436733E-13   0.1228905121551092E+01   0.7364883477378656E-01   0.1751611551407008E-01 
      1     314  12052      ANK   0.14E+15  1.00  0.108   0.6936111487866863E-04   0.2540516922481525E-13   0.1228905128538732E+01   0.7364883374677059E-01   0.1727793422121148E-01 
      1     315  12094      ANK   0.14E+15  1.00  0.109   0.6842191870236069E-04   0.2161560331601528E-13   0.1228905130744453E+01   0.7364883202579822E-01   0.1704415917265687E-01 
      1     316  12136      ANK   0.14E+15  1.00  0.108   0.6750229993615282E-04   0.2628787204367474E-13   0.1228905134496363E+01   0.7364883107751533E-01   0.1681361394495190E-01 
      1     317  12178      ANK   0.14E+15  1.00  0.108   0.6657696996636598E-04   0.2391079438971194E-13   0.1228905142451405E+01   0.7364882961688349E-01   0.1658298660364029E-01 
      1     318  12220      ANK   0.14E+15  1.00  0.107   0.6567122814228817E-04   0.2604229100058251E-13   0.1228905149330596E+01   0.7364882917070625E-01   0.1635812674366208E-01 
      1     319  12262      ANK   0.14E+15  1.00  0.108   0.6480180882257962E-04   0.2622490112883458E-13   0.1228905154072226E+01   0.7364882722924390E-01   0.1614191752637486E-01 
      1     320  12304      ANK   0.14E+15  1.00  0.107   0.6391344030308911E-04   0.2672559039857661E-13   0.1228905158844952E+01   0.7364882638124198E-01   0.1592031740919210E-01 
      1     321  12346      ANK   0.14E+15  1.00  0.107   0.6305759373461342E-04   0.2687278833656068E-13   0.1228905165505472E+01   0.7364882640797143E-01   0.1570497363984088E-01 
      1     322  12388     *ANK   0.19E+15  1.00  0.108   0.6218696279254243E-04   0.2183029308282943E-13   0.1228905173716635E+01   0.7364882776477211E-01   0.1548932192923180E-01 
      1     323  12430      ANK   0.19E+15  1.00  0.107   0.6136134403030388E-04   0.2690945492485803E-13   0.1228905180590305E+01   0.7364882461512828E-01   0.1528202163312907E-01 
      1     324  12472      ANK   0.19E+15  1.00  0.107   0.6054704271300450E-04   0.2686885870339426E-13   0.1228905185118902E+01   0.7364882314338317E-01   0.1508107482293885E-01 
      1     325  12514      ANK   0.19E+15  1.00  0.107   0.5974295110363707E-04   0.2690517210015150E-13   0.1228905188155461E+01   0.7364881787834676E-01   0.1487927470958036E-01 
      1     326  12556      ANK   0.19E+15  1.00  0.106   0.5890920009170482E-04   0.2418612813681217E-13   0.1228905197849935E+01   0.7364881825489067E-01   0.1467181988190781E-01 
      1     327  12598      ANK   0.19E+15  1.00  0.107   0.5811635333056976E-04   0.2414759670155681E-13   0.1228905202208371E+01   0.7364881535512913E-01   0.1447461278229050E-01 
      1     328  12640      ANK   0.19E+15  1.00  0.105   0.5733312666475138E-04   0.2694703786694837E-13   0.1228905214736700E+01   0.7364881377773694E-01   0.1427925568942503E-01 
      1     329  12682      ANK   0.19E+15  1.00  0.106   0.5658239942397727E-04   0.2750915009571679E-13   0.1228905219583220E+01   0.7364880594218273E-01   0.1409382822083524E-01 
      1     330  12724      ANK   0.19E+15  1.00  0.106   0.5582221806188595E-04   0.2598073642467157E-13   0.1228905229703887E+01   0.7364880823804851E-01   0.1390205401109837E-01 
      1     331  12766      ANK   0.19E+15  1.00  0.103   0.5509131470520027E-04   0.2481217915460423E-13   0.1228905236440332E+01   0.7364880335950755E-01   0.1371587281640038E-01 
      1     332  12808     *ANK   0.25E+15  1.00  0.100   0.5435337147220019E-04   0.2369133358266788E-13   0.1228905250925408E+01   0.7364881696874284E-01   0.1353155509005416E-01 
      1     333  12850      ANK   0.25E+15  1.00  0.098   0.5365267629413217E-04   0.2508461404988561E-13   0.1228905260653657E+01   0.7364883209451517E-01   0.1335468217734260E-01 
      1     334  12892      ANK   0.25E+15  1.00  0.099   0.5293579772639494E-04   0.2688748633234086E-13   0.1228905260035265E+01   0.7364883395004945E-01   0.1317440973268851E-01 
      1     335  12934      ANK   0.25E+15  1.00  0.102   0.5220532122702347E-04   0.2668220137234763E-13   0.1228905261942120E+01   0.7364883138576897E-01   0.1299479495017235E-01 
      1     336  12976      ANK   0.25E+15  1.00  0.107   0.5149042707471347E-04   0.2645533133343716E-13   0.1228905265150193E+01   0.7364882893681110E-01   0.1281879417780589E-01 
      1     337  13018      ANK   0.25E+15  1.00  0.103   0.5080169068061366E-04   0.2603100116021470E-13   0.1228905270076880E+01   0.7364882741006099E-01   0.1264704619042300E-01 
      1     338  13060      ANK   0.25E+15  1.00  0.104   0.5012648382504757E-04   0.2488665930768208E-13   0.1228905272835346E+01   0.7364882608270129E-01   0.1247899043968233E-01 
      1     339  13102      ANK   0.25E+15  1.00  0.103   0.4942720388847746E-04   0.2691803662958959E-13   0.1228905279477568E+01   0.7364882684597676E-01   0.1230541931625592E-01 
      1     340  13144      ANK   0.25E+15  1.00  0.104   0.4878289852428320E-04   0.2615323183076254E-13   0.1228905282942870E+01   0.7364882554525237E-01   0.1214465061539757E-01 
      1     341  13186      ANK   0.25E+15  1.00  0.103   0.4811534412800195E-04   0.2602018789124777E-13   0.1228905292002707E+01   0.7364882633585546E-01   0.1197896516986216E-01 
      1     342  13228     *ANK   0.34E+15  1.00  0.104   0.4750233900085388E-04   0.2638556482899921E-13   0.1228905294939328E+01   0.7364882409731982E-01   0.1182557020933913E-01 
      1     343  13270      ANK   0.34E+15  1.00  0.104   0.4685771865192968E-04   0.2664738131297791E-13   0.1228905303973533E+01   0.7364882439022830E-01   0.1166540420656424E-01 
      1     344  13312      ANK   0.34E+15  1.00  0.104   0.4624865275030615E-04   0.2688779439628494E-13   0.1228905307808750E+01   0.7364882101387066E-01   0.1151241518398524E-01 
      1     345  13354      ANK   0.34E+15  1.00  0.103   0.4561835964637429E-04   0.2305394077716736E-13   0.1228905315404615E+01   0.7364882060492994E-01   0.1135668010948679E-01 
      1     346  13396      ANK   0.34E+15  1.00  0.104   0.4502441027032240E-04   0.2572426718231887E-13   0.1228905318568744E+01   0.7364881827087053E-01   0.1120869991002390E-01 
      1     347  13438      ANK   0.34E+15  1.00  0.104   0.4440893390992803E-04   0.2362900742593187E-13   0.1228905327557319E+01   0.7364881785549443E-01   0.1105615124044128E-01 
      1     348  13480      ANK   0.34E+15  1.00  0.103   0.4383502910593813E-04   0.2589392503862587E-13   0.1228905329939392E+01   0.7364881603660603E-01   0.1091176137532099E-01 
      1     349  13522      ANK   0.34E+15  1.00  0.101   0.4324770927076872E-04   0.2628126365498573E-13   0.1228905337343927E+01   0.7364881436575799E-01   0.1076619662896663E-01 
#-------------------------------------------------------------------------------------------------------------------------------------------------------------------------------------
#  Grid  | Iter | Iter |  Iter  |   CFL   | Step | Lin  |        Res rho         |       Res nuturb       |         C_lift         |        C_drag          |        totalRes        |
#  level |      | Tot  |  Type  |         |      | Res  |                        |                        |                        |                        |                        |
#-------------------------------------------------------------------------------------------------------------------------------------------------------------------------------------
      1     350  13564      ANK   0.34E+15  1.00  0.104   0.4267323288537602E-04   0.2360389475719381E-13   0.1228905341387456E+01   0.7364881508232909E-01   0.1062314593759549E-01 
      1     351  13606      ANK   0.34E+15  1.00  0.103   0.4210112123213445E-04   0.2585480676703639E-13   0.1228905346573607E+01   0.7364881350767907E-01   0.1048102773789955E-01 
      1     352  13648     *ANK   0.45E+15  1.00  0.101   0.4155610165519406E-04   0.2569999870040011E-13   0.1228905351492266E+01   0.7364881169836782E-01   0.1034496513623152E-01 
      1     353  13690      ANK   0.45E+15  1.00  0.103   0.4100500054950682E-04   0.2662617193421559E-13   0.1228905357784923E+01   0.7364881167772891E-01   0.1020780555369341E-01 
      1     354  13732      ANK   0.45E+15  1.00  0.103   0.4045077273660044E-04   0.2562097738068876E-13   0.1228905362498598E+01   0.7364881079015392E-01   0.1007034269167776E-01 
      1     355  13774      ANK   0.45E+15  1.00  0.102   0.3991817898477102E-04   0.2659075052022185E-13   0.1228905368924941E+01   0.7364881061461220E-01   0.9936893944992793E-02 
      1     356  13816      ANK   0.45E+15  1.00  0.100   0.3939785593494833E-04   0.2536300976369879E-13   0.1228905373484414E+01   0.7364880643658725E-01   0.9807279753866926E-02 
      1     357  13858      ANK   0.45E+15  1.00  0.101   0.3887653294633919E-04   0.2635660941974889E-13   0.1228905381256770E+01   0.7364880620769773E-01   0.9677869826960969E-02 
      1     358  13900      ANK   0.45E+15  1.00  0.102   0.3835352279138506E-04   0.2671333337896419E-13   0.1228905385643543E+01   0.7364880195640985E-01   0.9547738272598623E-02 
      1     359  13942      ANK   0.45E+15  1.00  0.099   0.3786182402645385E-04   0.2557958362401603E-13   0.1228905394168951E+01   0.7364880438881899E-01   0.9423555534537295E-02 
      1     360  13984      ANK   0.45E+15  1.00  0.094   0.3736154950132814E-04   0.2396921945035303E-13   0.1228905402303200E+01   0.7364879835850013E-01   0.9296670668435276E-02 
      1     361  14026      ANK   0.45E+15  1.00  0.093   0.3688503835185567E-04   0.2401028903497695E-13   0.1228905411472448E+01   0.7364880105530316E-01   0.9178458694531396E-02 
      1     362  14068     *ANK   0.60E+15  1.00  0.091   0.3640155018913300E-04   0.2373924610147668E-13   0.1228905418463235E+01   0.7364880495484311E-01   0.9056317354958980E-02 
      1     363  14110      ANK   0.60E+15  1.00  0.073   0.3593565350746981E-04   0.2550519652580851E-13   0.1228905421350471E+01   0.7364877757567387E-01   0.8934926304544136E-02 
      1     364  14152      ANK   0.60E+15  1.00  0.079   0.3548155680541193E-04   0.2393765031755757E-13   0.1228905411444827E+01   0.7364879431400306E-01   0.8820689682671121E-02 
      1     365  14194      ANK   0.60E+15  1.00  0.092   0.3500573081472710E-04   0.2638563218599950E-13   0.1228905422310831E+01   0.7364879383876047E-01   0.8703079587880714E-02 
      1     366  14236      ANK   0.60E+15  1.00  0.094   0.3453490913212555E-04   0.2675416641683655E-13   0.1228905429690249E+01   0.7364880101922514E-01   0.8586821060246485E-02 
      1     367  14278      ANK   0.60E+15  1.00  0.094   0.3405681671784276E-04   0.2595625941993724E-13   0.1228905432946870E+01   0.7364879784701403E-01   0.8467262967962122E-02 
      1     368  14320      ANK   0.60E+15  1.00  0.090   0.3360574693569648E-04   0.2510922364936068E-13   0.1228905442513053E+01   0.7364880884888181E-01   0.8356543978700523E-02 
      1     369  14362      ANK   0.60E+15  1.00  0.087   0.3315202393586527E-04   0.2678555971117203E-13   0.1228905441186547E+01   0.7364879281705974E-01   0.8242416935048930E-02 
      1     370  14404      ANK   0.60E+15  1.00  0.087   0.3272563560912663E-04   0.2796972461234461E-13   0.1228905445801418E+01   0.7364878874501274E-01   0.8138431173397390E-02 
      1     371  14446      ANK   0.60E+15  1.00  0.093   0.3229804565224206E-04   0.2733193459524467E-13   0.1228905452465992E+01   0.7364878559885218E-01   0.8032392678789873E-02 
      1     372  14488     *ANK   0.80E+15  1.00  0.099   0.3186804368161085E-04   0.2642406557349603E-13   0.1228905462137128E+01   0.7364878802810895E-01   0.7925523110521126E-02 
      1     373  14530      ANK   0.80E+15  1.00  0.099   0.3144877796805382E-04   0.2613136853373734E-13   0.1228905468532065E+01   0.7364878575387163E-01   0.7820672551201703E-02 
      1     374  14572      ANK   0.80E+15  1.00  0.097   0.3103159267219110E-04   0.2065736628757208E-13   0.1228905473520264E+01   0.7364878675438896E-01   0.7716020423576712E-02 
      1     375  14614      ANK   0.80E+15  1.00  0.095   0.3063164352611973E-04   0.2471190464848972E-13   0.1228905477001142E+01   0.7364878876873221E-01   0.7616421695475510E-02 
      1     376  14656      ANK   0.80E+15  1.00  0.094   0.3022436409743692E-04   0.2619785048945624E-13   0.1228905481180027E+01   0.7364878865553637E-01   0.7515047315273319E-02 
      1     377  14698      ANK   0.80E+15  1.00  0.094   0.2983292406164466E-04   0.2298052823719563E-13   0.1228905484771416E+01   0.7364879150274592E-01   0.7417539284379423E-02 
      1     378  14740      ANK   0.80E+15  1.00  0.094   0.2944570707479199E-04   0.2667739101957927E-13   0.1228905489225931E+01   0.7364879086487844E-01   0.7321055546967204E-02 
      1     379  14782      ANK   0.80E+15  1.00  0.095   0.2906266915734850E-04   0.2579639950343838E-13   0.1228905493609458E+01   0.7364879175977113E-01   0.7225706754356967E-02 
      1     380  14824      ANK   0.80E+15  1.00  0.093   0.2868633720233090E-04   0.2685726659632280E-13   0.1228905498226262E+01   0.7364879324567644E-01   0.7131733232793461E-02 
      1     381  14866      ANK   0.80E+15  1.00  0.093   0.2831015329655607E-04   0.2669361616882511E-13   0.1228905504871675E+01   0.7364879583634337E-01   0.7038229372754537E-02 
      1     382  14908     *ANK   0.11E+16  1.00  0.093   0.2794122409508179E-04   0.2581906699828169E-13   0.1228905508778337E+01   0.7364879895587939E-01   0.6946479409805227E-02 
      1     383  14950      ANK   0.11E+16  1.00  0.094   0.2756903967924552E-04   0.2621447025087628E-13   0.1228905514890265E+01   0.7364880226681836E-01   0.6854202843179107E-02 
      1     384  14992      ANK   0.11E+16  1.00  0.092   0.2720311862289068E-04   0.2676028408869584E-13   0.1228905514433253E+01   0.7364879964589788E-01   0.6763052832433519E-02 
      1     385  15034      ANK   0.11E+16  1.00  0.095   0.2683895157546092E-04   0.2502823986983334E-13   0.1228905518834377E+01   0.7364879742168173E-01   0.6673876298865231E-02 
      1     386  15076      ANK   0.11E+16  1.00  0.092   0.2648328042245093E-04   0.2352123398946713E-13   0.1228905521491906E+01   0.7364878965544414E-01   0.6585201325986327E-02 
      1     387  15118      ANK   0.11E+16  1.00  0.093   0.2614341069096226E-04   0.2515534861397096E-13   0.1228905527467548E+01   0.7364878630968125E-01   0.6500889598400656E-02 
      1     388  15160      ANK   0.11E+16  1.00  0.095   0.2580300746587242E-04   0.2323207913752225E-13   0.1228905531901148E+01   0.7364878481644571E-01   0.6415536941642990E-02 
      1     389  15202      ANK   0.11E+16  1.00  0.095   0.2546462205965957E-04   0.1995056921544528E-13   0.1228905534857334E+01   0.7364878441856734E-01   0.6331248027323820E-02 
      1     390  15244      ANK   0.11E+16  1.00  0.095   0.2513293358789279E-04   0.1857469333128920E-13   0.1228905538171744E+01   0.7364878576004544E-01   0.6248636472981126E-02 
      1     391  15286      ANK   0.11E+16  1.00  0.094   0.2481109467203487E-04   0.1947141074032418E-13   0.1228905542267294E+01   0.7364878671203257E-01   0.6168725874646679E-02 
      1     392  15328     *ANK   0.14E+16  1.00  0.095   0.2448457332941391E-04   0.1956410672121723E-13   0.1228905546069983E+01   0.7364878608684433E-01   0.6087220480517783E-02 
      1     393  15370      ANK   0.14E+16  1.00  0.095   0.2416753914031576E-04   0.1782825257847235E-13   0.1228905547661097E+01   0.7364878654158230E-01   0.6008453397879133E-02 
      1     394  15412      ANK   0.14E+16  1.00  0.095   0.2383679008270268E-04   0.2111244234340708E-13   0.1228905551155752E+01   0.7364878574052458E-01   0.5925997642610756E-02 
      1     395  15454      ANK   0.14E+16  1.00  0.095   0.2353115648601025E-04   0.2626357972468228E-13   0.1228905554780908E+01   0.7364878677640102E-01   0.5850019977965847E-02 
      1     396  15496      ANK   0.14E+16  1.00  0.094   0.2322749102743936E-04   0.2622257500417099E-13   0.1228905558434796E+01   0.7364878640499425E-01   0.5774481255940304E-02 
      1     397  15538      ANK   0.14E+16  1.00  0.095   0.2292825715984548E-04   0.2284932116335988E-13   0.1228905562859532E+01   0.7364878816468806E-01   0.5700275506422371E-02 
      1     398  15580      ANK   0.14E+16  1.00  0.093   0.2263648323917432E-04   0.2278794820704406E-13   0.1228905565604358E+01   0.7364878844262882E-01   0.5627332354285323E-02 
      1     399  15622      ANK   0.14E+16  1.00  0.094   0.2233860397970838E-04   0.2093631393654503E-13   0.1228905568810756E+01   0.7364878822108012E-01   0.5553179180280079E-02 
#-------------------------------------------------------------------------------------------------------------------------------------------------------------------------------------
#  Grid  | Iter | Iter |  Iter  |   CFL   | Step | Lin  |        Res rho         |       Res nuturb       |         C_lift         |        C_drag          |        totalRes        |
#  level |      | Tot  |  Type  |         |      | Res  |                        |                        |                        |                        |                        |
#-------------------------------------------------------------------------------------------------------------------------------------------------------------------------------------
      1     400  15664      ANK   0.14E+16  1.00  0.093   0.2205146130871554E-04   0.2688133498509237E-13   0.1228905571265188E+01   0.7364878835479272E-01   0.5481745730334839E-02 
      1     401  15706      ANK   0.14E+16  1.00  0.094   0.2175649032701106E-04   0.2033880180345547E-13   0.1228905575508691E+01   0.7364878816217557E-01   0.5408489617233238E-02 
      1     402  15748     *ANK   0.19E+16  1.00  0.092   0.2148331125621258E-04   0.2653227223125899E-13   0.1228905578430683E+01   0.7364879068820926E-01   0.5340535129316611E-02 
      1     403  15790      ANK   0.19E+16  1.00  0.092   0.2119965600931230E-04   0.2632695256622579E-13   0.1228905581961613E+01   0.7364879075228931E-01   0.5269584863856726E-02 
      1     404  15832      ANK   0.19E+16  1.00  0.091   0.2092824782539968E-04   0.2532968924962043E-13   0.1228905583750642E+01   0.7364879266490018E-01   0.5202071737764435E-02 
      1     405  15874      ANK   0.19E+16  1.00  0.091   0.2065189908843599E-04   0.2616415354600602E-13   0.1228905588088381E+01   0.7364879467223481E-01   0.5133262342988408E-02 
      1     406  15916      ANK   0.19E+16  1.00  0.091   0.2038009736137238E-04   0.2382699940807074E-13   0.1228905587401419E+01   0.7364879387830481E-01   0.5065551994243778E-02 
      1     407  15958      ANK   0.19E+16  1.00  0.088   0.2010960257572906E-04   0.2569146164488523E-13   0.1228905593452835E+01   0.7364879795447926E-01   0.4998578818098439E-02 
      1     408  16000      ANK   0.19E+16  1.00  0.086   0.1985060372814155E-04   0.2411557928386282E-13   0.1228905589834349E+01   0.7364879712093245E-01   0.4933593927283163E-02 
      1     409  16042      ANK   0.19E+16  1.00  0.084   0.1958910545009770E-04   0.2150539698129855E-13   0.1228905593454072E+01   0.7364880446249014E-01   0.4869668021675940E-02 
      1     410  16084      ANK   0.19E+16  1.00  0.074   0.1932156090945677E-04   0.2483440139390449E-13   0.1228905601738173E+01   0.7364879403102498E-01   0.4803345546167710E-02 
      1     411  16126      ANK   0.19E+16  1.00  0.079   0.1907104734995944E-04   0.2425361073081379E-13   0.1228905606538132E+01   0.7364879274475455E-01   0.4740637139029087E-02 
      1     412  16168     *ANK   0.25E+16  1.00  0.088   0.1881714701900877E-04   0.2678336828054868E-13   0.1228905612252970E+01   0.7364878801323027E-01   0.4679186955394250E-02 
      1     413  16210      ANK   0.25E+16  1.00  0.095   0.1855936304869405E-04   0.2626858615334048E-13   0.1228905609097423E+01   0.7364879765936339E-01   0.4615843578995358E-02 
      1     414  16252      ANK   0.25E+16  1.00  0.097   0.1830748095837343E-04   0.2680406076763736E-13   0.1228905612588172E+01   0.7364880319211503E-01   0.4553111336348260E-02 
      1     415  16294      ANK   0.25E+16  1.00  0.093   0.1807443649192273E-04   0.2136752666879327E-13   0.1228905612719472E+01   0.7364880312750474E-01   0.4494350202125471E-02 
      1     416  16336      ANK   0.25E+16  1.00  0.101   0.1783268337733835E-04   0.2480420583123679E-13   0.1228905608308828E+01   0.7364880342254607E-01   0.4435625163094370E-02 
      1     417  16378      ANK   0.25E+16  1.00  0.100   0.1760395824571695E-04   0.2564754330017410E-13   0.1228905610432049E+01   0.7364880294695683E-01   0.4378477044511207E-02 
      1     418  16420      ANK   0.25E+16  1.00  0.096   0.1737686389743465E-04   0.2686198193010378E-13   0.1228905612960216E+01   0.7364880184913170E-01   0.4322126974035494E-02 
      1     419  16462      ANK   0.25E+16  1.00  0.096   0.1715341145637328E-04   0.2668020379511783E-13   0.1228905613806027E+01   0.7364880126466947E-01   0.4266807275000029E-02 
      1     420  16504      ANK   0.25E+16  1.00  0.096   0.1693305963302455E-04   0.2593320564769504E-13   0.1228905614486831E+01   0.7364880048971958E-01   0.4211943957467499E-02 
      1     421  16546      ANK   0.25E+16  1.00  0.096   0.1671282417497368E-04   0.2671294870944794E-13   0.1228905615558794E+01   0.7364880063156778E-01   0.4157115138828396E-02 
      1     422  16588     *ANK   0.33E+16  1.00  0.096   0.1650133195920231E-04   0.2618545145605899E-13   0.1228905616424883E+01   0.7364879990715387E-01   0.4104710665294348E-02 
      1     423  16630      ANK   0.33E+16  1.00  0.096   0.1628653531508857E-04   0.2311976806117717E-13   0.1228905617518006E+01   0.7364879979896150E-01   0.4051356383063935E-02 
      1     424  16672      ANK   0.33E+16  1.00  0.096   0.1607985064565530E-04   0.2485346309263843E-13   0.1228905618810628E+01   0.7364879936424909E-01   0.3999840124460905E-02 
      1     425  16714      ANK   0.33E+16  1.00  0.095   0.1587175053583950E-04   0.2339867473700515E-13   0.1228905620590259E+01   0.7364879895648885E-01   0.3948038239845921E-02 
      1     426  16756      ANK   0.33E+16  1.00  0.095   0.1567029672803213E-04   0.2559520536902871E-13   0.1228905622388605E+01   0.7364879869450860E-01   0.3897867897939283E-02 
      1     427  16798      ANK   0.33E+16  1.00  0.096   0.1546622603572341E-04   0.2397242683129684E-13   0.1228905624375392E+01   0.7364879861709275E-01   0.3847118128729292E-02 
      1     428  16840      ANK   0.33E+16  1.00  0.095   0.1526551197509935E-04   0.2447285630857860E-13   0.1228905626171862E+01   0.7364879814251765E-01   0.3797005758462662E-02 
      1     429  16882      ANK   0.33E+16  1.00  0.095   0.1506734604391470E-04   0.2221152712917388E-13   0.1228905628107322E+01   0.7364879800903282E-01   0.3747831589384868E-02 
      1     430  16924      ANK   0.33E+16  1.00  0.095   0.1487554292857723E-04   0.2576548581328422E-13   0.1228905629720194E+01   0.7364879743391334E-01   0.3700184819000758E-02 
      1     431  16966      ANK   0.33E+16  1.00  0.095   0.1468357067008313E-04   0.2484216433983909E-13   0.1228905631665239E+01   0.7364879694520227E-01   0.3652485608389798E-02 
      1     432  17008     *ANK   0.44E+16  1.00  0.095   0.1449389109095113E-04   0.2529575217927823E-13   0.1228905633358468E+01   0.7364879680338207E-01   0.3605297500860415E-02 
      1     433  17050      ANK   0.44E+16  1.00  0.095   0.1430689663235085E-04   0.2363154001912979E-13   0.1228905635061851E+01   0.7364879639313196E-01   0.3558763254507301E-02 
      1     434  17092      ANK   0.44E+16  1.00  0.095   0.1411970180273826E-04   0.2681016173575525E-13   0.1228905636982767E+01   0.7364879594851673E-01   0.3512064472712264E-02 
      1     435  17134      ANK   0.44E+16  1.00  0.095   0.1393669509048071E-04   0.2419977707468291E-13   0.1228905638396641E+01   0.7364879591220330E-01   0.3466615600091608E-02 
      1     436  17176      ANK   0.44E+16  1.00  0.096   0.1375655353772917E-04   0.2399184763176307E-13   0.1228905640038557E+01   0.7364879569056060E-01   0.3421974957059467E-02 
      1     437  17218      ANK   0.44E+16  1.00  0.095   0.1357838790009703E-04   0.2362390635421541E-13   0.1228905641769825E+01   0.7364879518914014E-01   0.3377643237736217E-02 
      1     438  17260      ANK   0.44E+16  1.00  0.095   0.1340197635808160E-04   0.2326646054737844E-13   0.1228905643365369E+01   0.7364879461448579E-01   0.3333883392283788E-02 
      1     439  17302      ANK   0.44E+16  1.00  0.095   0.1323151371072413E-04   0.2504313937289607E-13   0.1228905645051255E+01   0.7364879391002707E-01   0.3291293267409857E-02 
      1     440  17344      ANK   0.44E+16  1.00  0.093   0.1305605046427599E-04   0.2594700469857908E-13   0.1228905647171058E+01   0.7364879285134845E-01   0.3247578762198338E-02 
      1     441  17386      ANK   0.44E+16  1.00  0.094   0.1289070311794648E-04   0.2597396701390367E-13   0.1228905649074351E+01   0.7364879340226285E-01   0.3206125135941734E-02 
      1     442  17428     *ANK   0.58E+16  1.00  0.094   0.1272572450480093E-04   0.2014498740892782E-13   0.1228905651253132E+01   0.7364879245493794E-01   0.3164855085887575E-02 
      1     443  17470      ANK   0.58E+16  1.00  0.090   0.1256656795471166E-04   0.2361739016194490E-13   0.1228905653222324E+01   0.7364879560510657E-01   0.3124726042840088E-02 
      1     444  17512      ANK   0.58E+16  1.00  0.087   0.1240036434830568E-04   0.2585099354909845E-13   0.1228905655769668E+01   0.7364879739010857E-01   0.3082913144443357E-02 
      1     445  17554      ANK   0.58E+16  1.00  0.087   0.1224106861573411E-04   0.2351116486077174E-13   0.1228905656724740E+01   0.7364879821717821E-01   0.3043455596895367E-02 
      1     446  17596      ANK   0.58E+16  1.00  0.092   0.1208347889899799E-04   0.2559280511471200E-13   0.1228905657530896E+01   0.7364879762388046E-01   0.3004909491001216E-02 
      1     447  17638      ANK   0.58E+16  1.00  0.093   0.1192757401817410E-04   0.2681868583811543E-13   0.1228905657499680E+01   0.7364879704496832E-01   0.2966098576283660E-02 
      1     448  17680      ANK   0.58E+16  1.00  0.094   0.1176701717729266E-04   0.2389777185274649E-13   0.1228905658914040E+01   0.7364879686774917E-01   0.2926503173427188E-02 
      1     449  17722      ANK   0.58E+16  1.00  0.094   0.1161326745272185E-04   0.2358673890103010E-13   0.1228905660175998E+01   0.7364879698731497E-01   0.2888177361570955E-02 
#-------------------------------------------------------------------------------------------------------------------------------------------------------------------------------------
#  Grid  | Iter | Iter |  Iter  |   CFL   | Step | Lin  |        Res rho         |       Res nuturb       |         C_lift         |        C_drag          |        totalRes        |
#  level |      | Tot  |  Type  |         |      | Res  |                        |                        |                        |                        |                        |
#-------------------------------------------------------------------------------------------------------------------------------------------------------------------------------------
      1     450  17764      ANK   0.58E+16  1.00  0.094   0.1146215995072368E-04   0.2548270855680727E-13   0.1228905661526032E+01   0.7364879668978561E-01   0.2850758219108023E-02 
      1     451  17806      ANK   0.58E+16  1.00  0.094   0.1131793560863317E-04   0.2493365891387877E-13   0.1228905662669250E+01   0.7364879650183351E-01   0.2814846506539720E-02 
      1     452  17848     *ANK   0.77E+16  1.00  0.094   0.1117299545462083E-04   0.2688332973684974E-13   0.1228905663872543E+01   0.7364879643577099E-01   0.2778638347197635E-02 
      1     453  17890      ANK   0.77E+16  1.00  0.093   0.1102504328696631E-04   0.2685922468135421E-13   0.1228905665017954E+01   0.7364879647797079E-01   0.2741876864081745E-02 
      1     454  17932      ANK   0.77E+16  1.00  0.094   0.1088667616600669E-04   0.2655005044250583E-13   0.1228905666244797E+01   0.7364879582115924E-01   0.2707447435939612E-02 
      1     455  17974      ANK   0.77E+16  1.00  0.092   0.1074297784341970E-04   0.2687560908235369E-13   0.1228905668215361E+01   0.7364879587162687E-01   0.2671651802014507E-02 
      1     456  18016      ANK   0.77E+16  1.00  0.094   0.1060869458564777E-04   0.2643223501420713E-13   0.1228905669008398E+01   0.7364879559444640E-01   0.2638362450619756E-02 
      1     457  18058      ANK   0.77E+16  1.00  0.095   0.1047106557142287E-04   0.2677159152758139E-13   0.1228905670399393E+01   0.7364879546167291E-01   0.2604121645494683E-02 
      1     458  18100      ANK   0.77E+16  1.00  0.094   0.1033475318834655E-04   0.2537405762825196E-13   0.1228905671318670E+01   0.7364879553166828E-01   0.2570129803434655E-02 
      1     459  18142      ANK   0.77E+16  1.00  0.093   0.1019988326732461E-04   0.2575798814047318E-13   0.1228905672973652E+01   0.7364879516386663E-01   0.2536552650640427E-02 
      1     460  18184      ANK   0.77E+16  1.00  0.094   0.1007067714914888E-04   0.2396433557382262E-13   0.1228905673997982E+01   0.7364879521148340E-01   0.2504572779101933E-02 
      1     461  18226      ANK   0.77E+16  1.00  0.094   0.9941243907567011E-05   0.2296799414276888E-13   0.1228905675237252E+01   0.7364879490708889E-01   0.2472468048736068E-02 
      1     462  18268     *ANK   0.10E+17  1.00  0.092   0.9813861450855857E-05   0.2646235551507965E-13   0.1228905675932514E+01   0.7364879464347684E-01   0.2440828338344259E-02 
      1     463  18310      ANK   0.10E+17  1.00  0.093   0.9688287062560425E-05   0.2179475359147221E-13   0.1228905676945833E+01   0.7364879419521114E-01   0.2409357368418838E-02 
      1     464  18352      ANK   0.10E+17  1.00  0.092   0.9560124233308956E-05   0.2686486117518023E-13   0.1228905678244692E+01   0.7364879426966006E-01   0.2377588911414882E-02 
      1     465  18394      ANK   0.10E+17  1.00  0.093   0.9439405956674573E-05   0.2646470398986910E-13   0.1228905679263687E+01   0.7364879374046923E-01   0.2347455136786734E-02 
      1     466  18436      ANK   0.10E+17  1.00  0.092   0.9315008116159578E-05   0.2329377498198407E-13   0.1228905680652852E+01   0.7364879372559263E-01   0.2316711948163658E-02 
      1     467  18478      ANK   0.10E+17  1.00  0.094   0.9198580781227810E-05   0.2649525164389938E-13   0.1228905681205033E+01   0.7364879317283041E-01   0.2287774781810390E-02 
      1     468  18520      ANK   0.10E+17  1.00  0.092   0.9076972057847893E-05   0.2358828858532609E-13   0.1228905682745151E+01   0.7364879312116057E-01   0.2257376414294653E-02 
      1     469  18562      ANK   0.10E+17  1.00  0.095   0.8961384625299869E-05   0.2655207750282657E-13   0.1228905683448396E+01   0.7364879270708877E-01   0.2228752918703938E-02 
      1     470  18604      ANK   0.10E+17  1.00  0.092   0.8841253698979756E-05   0.2614806389902230E-13   0.1228905685115887E+01   0.7364879238855160E-01   0.2198859156952958E-02 
      1     471  18646      ANK   0.10E+17  1.00  0.093   0.8731948045117823E-05   0.2184716199281994E-13   0.1228905685879727E+01   0.7364879179372033E-01   0.2171757473189782E-02 
      1     472  18688     *ANK   0.10E+17  1.00  0.094   0.8618002869481738E-05   0.2686196117182074E-13   0.1228905687237679E+01   0.7364879156245926E-01   0.2143457842623648E-02 
      1     473  18730      ANK   0.10E+17  1.00  0.093   0.8508431726480976E-05   0.2437332255095663E-13   0.1228905687896959E+01   0.7364879129638374E-01   0.2116044873429435E-02 
      1     474  18772      ANK   0.10E+17  1.00  0.090   0.8395891583557229E-05   0.2538086553652829E-13   0.1228905689841521E+01   0.7364879121838738E-01   0.2087776835714429E-02 
      1     475  18814      ANK   0.10E+17  1.00  0.091   0.8292281451467675E-05   0.2042711471773730E-13   0.1228905690965404E+01   0.7364879100520089E-01   0.2061939356374691E-02 
      1     476  18856      ANK   0.10E+17  1.00  0.090   0.8184823514965245E-05   0.2562403414798379E-13   0.1228905692592815E+01   0.7364879327827142E-01   0.2035168571813596E-02 
      1     477  18898      ANK   0.10E+17  1.00  0.086   0.8083838215920075E-05   0.2407084047342127E-13   0.1228905693205039E+01   0.7364879501654384E-01   0.2009522837471427E-02 
      1     478  18940      ANK   0.10E+17  1.00  0.090   0.7975950193157413E-05   0.1918761067314782E-13   0.1228905693584952E+01   0.7364879433776308E-01   0.1983069685522518E-02 
      1     479  18982      ANK   0.10E+17  1.00  0.091   0.7872874106176301E-05   0.2649680669136884E-13   0.1228905693885111E+01   0.7364879383033979E-01   0.1957434760902307E-02 
      1     480  19024      ANK   0.10E+17  1.00  0.090   0.7769533752572464E-05   0.1971131530430174E-13   0.1228905694795737E+01   0.7364879381691120E-01   0.1932005813591727E-02 
      1     481  19066      ANK   0.10E+17  1.00  0.092   0.7670641441472565E-05   0.2561379343161049E-13   0.1228905695042749E+01   0.7364879343274225E-01   0.1907533898372967E-02 
      1     482  19108     *ANK   0.10E+17  1.00  0.091   0.7570446962115271E-05   0.2026265688792366E-13   0.1228905695825070E+01   0.7364879359602627E-01   0.1882603734287794E-02 
      1     483  19150      ANK   0.10E+17  1.00  0.092   0.7474360802033989E-05   0.2628776676701886E-13   0.1228905696524570E+01   0.7364879324433837E-01   0.1858579187219277E-02 
      1     484  19192      ANK   0.10E+17  1.00  0.092   0.7375448897906244E-05   0.2468737692178539E-13   0.1228905697400270E+01   0.7364879343120692E-01   0.1834078858435939E-02 
      1     485  19234      ANK   0.10E+17  1.00  0.092   0.7280208952228931E-05   0.2569856111653365E-13   0.1228905698186952E+01   0.7364879284983555E-01   0.1810329303014483E-02 
      1     486  19276      ANK   0.10E+17  1.00  0.092   0.7188567575497015E-05   0.2083869809087655E-13   0.1228905699054840E+01   0.7364879271621652E-01   0.1787737867994950E-02 
      1     487  19318      ANK   0.10E+17  1.00  0.093   0.7097581055127535E-05   0.2552388572849254E-13   0.1228905699691099E+01   0.7364879246175146E-01   0.1765111147785184E-02 
      1     488  19360      ANK   0.10E+17  1.00  0.090   0.7005513039015903E-05   0.2645987652200822E-13   0.1228905700557868E+01   0.7364879245733547E-01   0.1742101034135185E-02 
      1     489  19402      ANK   0.10E+17  1.00  0.092   0.6916339434488673E-05   0.2408569083099435E-13   0.1228905701196109E+01   0.7364879186471956E-01   0.1719862729546501E-02 
      1     490  19444      ANK   0.10E+17  1.00  0.090   0.6824830411905881E-05   0.2597475822756775E-13   0.1228905702256939E+01   0.7364879162770396E-01   0.1697206605133063E-02 
      1     491  19486      ANK   0.10E+17  1.00  0.092   0.6737717507377664E-05   0.2528690418140206E-13   0.1228905703032193E+01   0.7364879135817512E-01   0.1675618592557298E-02 
      1     492  19528     *ANK   0.10E+17  1.00  0.093   0.6651593508993850E-05   0.2585940385376251E-13   0.1228905703874753E+01   0.7364879108166861E-01   0.1654339390738643E-02 
      1     493  19570      ANK   0.10E+17  1.00  0.093   0.6568133499686139E-05   0.2401325636172567E-13   0.1228905704468064E+01   0.7364879086032725E-01   0.1633446855952315E-02 
      1     494  19612      ANK   0.10E+17  1.00  0.089   0.6482136141698977E-05   0.2596885274470360E-13   0.1228905705599955E+01   0.7364879033119928E-01   0.1611962383527223E-02 
      1     495  19654      ANK   0.10E+17  1.00  0.089   0.6400526854473556E-05   0.2674420803466930E-13   0.1228905706508300E+01   0.7364879022144849E-01   0.1591400381640312E-02 
      1     496  19696      ANK   0.10E+17  1.00  0.089   0.6317018920344941E-05   0.2444419968163222E-13   0.1228905707761236E+01   0.7364879066356372E-01   0.1570721756748445E-02 
      1     497  19738      ANK   0.10E+17  1.00  0.086   0.6238071753141950E-05   0.2439737111246526E-13   0.1228905708525037E+01   0.7364879148653872E-01   0.1550690594721591E-02 
      1     498  19780      ANK   0.10E+17  1.00  0.081   0.6155931052078465E-05   0.2391884333453713E-13   0.1228905709587166E+01   0.7364879312914460E-01   0.1530015157269202E-02 
      1     499  19822      ANK   0.10E+17  1.00  0.087   0.6079820376413548E-05   0.2587733919624900E-13   0.1228905709658639E+01   0.7364879321110274E-01   0.1511265512013577E-02 
#-------------------------------------------------------------------------------------------------------------------------------------------------------------------------------------
#  Grid  | Iter | Iter |  Iter  |   CFL   | Step | Lin  |        Res rho         |       Res nuturb       |         C_lift         |        C_drag          |        totalRes        |
#  level |      | Tot  |  Type  |         |      | Res  |                        |                        |                        |                        |                        |
#-------------------------------------------------------------------------------------------------------------------------------------------------------------------------------------
      1     500  19864      ANK   0.10E+17  1.00  0.092   0.6000183212444072E-05   0.2668193710968875E-13   0.1228905709948424E+01   0.7364879267782753E-01   0.1491860434754825E-02 
      1     501  19906      ANK   0.10E+17  1.00  0.091   0.5923197022056475E-05   0.2519596807096936E-13   0.1228905710228858E+01   0.7364879249187176E-01   0.1472840730518008E-02 
      1     502  19948     *ANK   0.10E+17  1.00  0.092   0.5844603399813114E-05   0.2359438002799328E-13   0.1228905710688082E+01   0.7364879248994352E-01   0.1453363216915387E-02 
      1     503  19990      ANK   0.10E+17  1.00  0.092   0.5769497708315046E-05   0.2128402367569879E-13   0.1228905711177201E+01   0.7364879243602199E-01   0.1434597626625937E-02 
      1     504  20032      ANK   0.10E+17  1.00  0.091   0.5694262538846959E-05   0.2021111025554989E-13   0.1228905711861195E+01   0.7364879223802537E-01   0.1415880582591669E-02 
      1     505  20074      ANK   0.10E+17  1.00  0.092   0.5622326877926146E-05   0.2077174837874154E-13   0.1228905712193595E+01   0.7364879216553694E-01   0.1398101041241825E-02 
      1     506  20116      ANK   0.10E+17  1.00  0.091   0.5550375363980198E-05   0.2138159580108741E-13   0.1228905712740934E+01   0.7364879198935698E-01   0.1380080474024582E-02 
      1     507  20158      ANK   0.10E+17  1.00  0.091   0.5478738362852218E-05   0.2224070265985377E-13   0.1228905713358263E+01   0.7364879187138465E-01   0.1362323814052658E-02 
      1     508  20200      ANK   0.10E+17  1.00  0.091   0.5409267886358543E-05   0.2250822348211978E-13   0.1228905713966046E+01   0.7364879174139718E-01   0.1345000717519092E-02 
      1     509  20242      ANK   0.10E+17  1.00  0.091   0.5338855212256301E-05   0.2213611026459689E-13   0.1228905714787278E+01   0.7364879170419947E-01   0.1327623712740514E-02 
      1     510  20284      ANK   0.10E+17  1.00  0.092   0.5272224016154146E-05   0.2106557323208151E-13   0.1228905715170064E+01   0.7364879143854905E-01   0.1311018236398099E-02 
      1     511  20326      ANK   0.10E+17  1.00  0.090   0.5203018815830763E-05   0.2087935943203150E-13   0.1228905715987351E+01   0.7364879138561328E-01   0.1293846491253456E-02 
      1     512  20368     *ANK   0.10E+17  1.00  0.091   0.5137956462303470E-05   0.1986060884221974E-13   0.1228905716285133E+01   0.7364879106270858E-01   0.1277611073605862E-02 
      1     513  20410      ANK   0.10E+17  1.00  0.090   0.5070411641175795E-05   0.1996475369417827E-13   0.1228905717135920E+01   0.7364879095611360E-01   0.1260852049571043E-02 
      1     514  20452      ANK   0.10E+17  1.00  0.092   0.5006972494810694E-05   0.1900536975735568E-13   0.1228905717219589E+01   0.7364879054339818E-01   0.1245122200493216E-02 
      1     515  20494      ANK   0.10E+17  1.00  0.089   0.4940831789705953E-05   0.1995982369451115E-13   0.1228905718289661E+01   0.7364879041815806E-01   0.1228650137309688E-02 
      1     516  20536      ANK   0.10E+17  1.00  0.090   0.4878547848165790E-05   0.1898605158105136E-13   0.1228905718413007E+01   0.7364878975399997E-01   0.1213208543408208E-02 
      1     517  20578      ANK   0.10E+17  1.00  0.083   0.4814044835355370E-05   0.2165871150526128E-13   0.1228905720006469E+01   0.7364878895976923E-01   0.1197073113298262E-02 
      1     518  20620      ANK   0.10E+17  1.00  0.078   0.4754499040584422E-05   0.2533685946177683E-13   0.1228905719592603E+01   0.7364878755115042E-01   0.1182033880271555E-02 
      1     519  20662      ANK   0.10E+17  1.00  0.082   0.4694315856835001E-05   0.2688223528044266E-13   0.1228905719909205E+01   0.7364878761453769E-01   0.1166459189052281E-02 
      1     520  20704      ANK   0.10E+17  1.00  0.088   0.4635877562279143E-05   0.2408892494604620E-13   0.1228905720343336E+01   0.7364878812155776E-01   0.1152028337112903E-02 
      1     521  20746      ANK   0.10E+17  1.00  0.088   0.4575087579674188E-05   0.2262249212791941E-13   0.1228905721064588E+01   0.7364878803915509E-01   0.1136897486406138E-02 
      1     522  20788     *ANK   0.10E+17  1.00  0.088   0.4517841959466963E-05   0.2081912684312623E-13   0.1228905721510065E+01   0.7364878812990516E-01   0.1122723742089945E-02 
      1     523  20830      ANK   0.10E+17  1.00  0.085   0.4459178788819161E-05   0.1884060698503695E-13   0.1228905722157301E+01   0.7364878827284665E-01   0.1108119891053163E-02 
      1     524  20872      ANK   0.10E+17  1.00  0.087   0.4401746913360791E-05   0.1968041678180368E-13   0.1228905722715776E+01   0.7364878818153728E-01   0.1093791092154802E-02 
      1     525  20914      ANK   0.10E+17  1.00  0.086   0.4345562188034948E-05   0.2205853798341218E-13   0.1228905723339226E+01   0.7364878817550660E-01   0.1079859848563157E-02 
      1     526  20956      ANK   0.10E+17  1.00  0.087   0.4289378119923924E-05   0.2332635361063195E-13   0.1228905724101959E+01   0.7364878827936697E-01   0.1065907155478632E-02 
      1     527  20998      ANK   0.10E+17  1.00  0.086   0.4235753883031636E-05   0.2313806935263979E-13   0.1228905724982750E+01   0.7364878856436008E-01   0.1052578715496669E-02 
      1     528  21040      ANK   0.10E+17  1.00  0.086   0.4182577411315399E-05   0.2141671134747283E-13   0.1228905725718870E+01   0.7364878856825938E-01   0.1039277125718296E-02 
      1     529  21082      ANK   0.10E+17  1.00  0.086   0.4129460154209967E-05   0.2515593812892293E-13   0.1228905726057824E+01   0.7364878861510935E-01   0.1026093399933575E-02 
      1     530  21124      ANK   0.10E+17  1.00  0.085   0.4075206785744597E-05   0.2347519593665989E-13   0.1228905726643664E+01   0.7364878855186593E-01   0.1012565500150442E-02 
      1     531  21166      ANK   0.10E+17  1.00  0.086   0.4022650094072663E-05   0.1720322268407160E-13   0.1228905727105083E+01   0.7364878857812038E-01   0.9995690452433755E-03 
      1     532  21208     *ANK   0.10E+17  1.00  0.086   0.3971765125239804E-05   0.2497234675955022E-13   0.1228905727642412E+01   0.7364878857851287E-01   0.9869173395685221E-03 
      1     533  21250      ANK   0.10E+17  1.00  0.086   0.3921434830463682E-05   0.1611421830328202E-13   0.1228905727956024E+01   0.7364878861832522E-01   0.9743894609074737E-03 
      1     534  21292      ANK   0.10E+17  1.00  0.086   0.3871153425842832E-05   0.2026103074345087E-13   0.1228905728412434E+01   0.7364878861264776E-01   0.9618327030716869E-03 
      1     535  21334      ANK   0.10E+17  1.00  0.085   0.3821092752919141E-05   0.1399553841935592E-13   0.1228905728721829E+01   0.7364878853350540E-01   0.9494237715348942E-03 
      1     536  21376      ANK   0.10E+17  1.00  0.086   0.3771530254246205E-05   0.2072515654193354E-13   0.1228905729176440E+01   0.7364878840407188E-01   0.9371330649095260E-03 
      1     537  21418      ANK   0.10E+17  1.00  0.085   0.3723617204398788E-05   0.1418810314509577E-13   0.1228905729555209E+01   0.7364878865163907E-01   0.9252719445317704E-03 
      1     538  21460      ANK   0.10E+17  1.00  0.085   0.3675645689281433E-05   0.1973057716347075E-13   0.1228905729980085E+01   0.7364878846808995E-01   0.9132567320672094E-03 
      1     539  21502      ANK   0.10E+17  1.00  0.086   0.3629527356474318E-05   0.2425798249380256E-13   0.1228905730292593E+01   0.7364878849363016E-01   0.9018421042775121E-03 
      1     540  21544      ANK   0.10E+17  1.00  0.085   0.3582219090260883E-05   0.2403665813779694E-13   0.1228905730741720E+01   0.7364878852734422E-01   0.8900725107324787E-03 
      1     541  21586      ANK   0.10E+17  1.00  0.085   0.3536099101578542E-05   0.1409443519655301E-13   0.1228905731009093E+01   0.7364878849793030E-01   0.8786516947078946E-03 
      1     542  21628     *ANK   0.10E+17  1.00  0.086   0.3490280322630819E-05   0.1825807612841240E-13   0.1228905731468875E+01   0.7364878834100344E-01   0.8671953193596544E-03 
      1     543  21670      ANK   0.10E+17  1.00  0.085   0.3445500939012656E-05   0.2523122787120721E-13   0.1228905731722259E+01   0.7364878845580813E-01   0.8560991574182767E-03 
      1     544  21712      ANK   0.10E+17  1.00  0.084   0.3401499402192061E-05   0.1502322442428892E-13   0.1228905732141518E+01   0.7364878846815912E-01   0.8451459186488545E-03 
      1     545  21754      ANK   0.10E+17  1.00  0.084   0.3358026604299361E-05   0.1846750552116171E-13   0.1228905732430392E+01   0.7364878840187988E-01   0.8343964282645291E-03 
      1     546  21796      ANK   0.10E+17  1.00  0.086   0.3315024441101441E-05   0.2549792496313868E-13   0.1228905732767338E+01   0.7364878843771092E-01   0.8236832949676290E-03 
      1     547  21838      ANK   0.10E+17  1.00  0.086   0.3272296503669403E-05   0.1469106674675361E-13   0.1228905733083138E+01   0.7364878839126834E-01   0.8130842300407594E-03 
      1     548  21880      ANK   0.10E+17  1.00  0.085   0.3230704054029782E-05   0.1927639408991274E-13   0.1228905733493137E+01   0.7364878846747727E-01   0.8027446648074507E-03 
      1     549  21922      ANK   0.10E+17  1.00  0.085   0.3189884860280525E-05   0.2565476473035948E-13   0.1228905733757893E+01   0.7364878848915307E-01   0.7925606639545368E-03 
#-------------------------------------------------------------------------------------------------------------------------------------------------------------------------------------
#  Grid  | Iter | Iter |  Iter  |   CFL   | Step | Lin  |        Res rho         |       Res nuturb       |         C_lift         |        C_drag          |        totalRes        |
#  level |      | Tot  |  Type  |         |      | Res  |                        |                        |                        |                        |                        |
#-------------------------------------------------------------------------------------------------------------------------------------------------------------------------------------
      1     550  21964      ANK   0.10E+17  1.00  0.085   0.3148182484729373E-05   0.1456192135809400E-13   0.1228905734031221E+01   0.7364878848624690E-01   0.7822064353899868E-03 
      1     551  22006      ANK   0.10E+17  1.00  0.085   0.3107593872361213E-05   0.1950429795376765E-13   0.1228905734343671E+01   0.7364878845704462E-01   0.7721352497037994E-03 
      1     552  22048     *ANK   0.10E+17  1.00  0.085   0.3068315605489820E-05   0.2617313331001203E-13   0.1228905734685818E+01   0.7364878846493125E-01   0.7624203254954430E-03 
      1     553  22090      ANK   0.10E+17  1.00  0.085   0.3029273108150862E-05   0.1453231405206728E-13   0.1228905735005394E+01   0.7364878844489625E-01   0.7526947402942107E-03 
      1     554  22132      ANK   0.10E+17  1.00  0.085   0.2990881473858434E-05   0.2624966344972371E-13   0.1228905735188223E+01   0.7364878836771924E-01   0.7431451982882380E-03 
      1     555  22174      ANK   0.10E+17  1.00  0.085   0.2951842607689137E-05   0.2200990325870579E-13   0.1228905735517778E+01   0.7364878833040614E-01   0.7334173871242339E-03 
      1     556  22216      ANK   0.10E+17  1.00  0.084   0.2913780676875105E-05   0.2119336787490619E-13   0.1228905735699576E+01   0.7364878851101747E-01   0.7240196238978532E-03 
      1     557  22258      ANK   0.10E+17  1.00  0.084   0.2876032269964614E-05   0.2511075591697796E-13   0.1228905736082753E+01   0.7364878836889205E-01   0.7145882583326371E-03 
      1     558  22300      ANK   0.10E+17  1.00  0.085   0.2840173171317281E-05   0.2619957209238009E-13   0.1228905736384118E+01   0.7364878847574266E-01   0.7057044161589182E-03 
      1     559  22342      ANK   0.10E+17  1.00  0.084   0.2803897226339885E-05   0.2204812843522892E-13   0.1228905736609061E+01   0.7364878837982974E-01   0.6966651647956329E-03 
      1     560  22384      ANK   0.10E+17  1.00  0.085   0.2768050888321378E-05   0.2247722813652304E-13   0.1228905736841730E+01   0.7364878840612188E-01   0.6877933018173448E-03 
      1     561  22426      ANK   0.10E+17  1.00  0.085   0.2731972644167392E-05   0.2517017676192616E-13   0.1228905737060858E+01   0.7364878837187644E-01   0.6788189781019532E-03 
      1     562  22468     *ANK   0.10E+17  1.00  0.085   0.2696983982485921E-05   0.2555541481897205E-13   0.1228905737327901E+01   0.7364878840409392E-01   0.6701494822552449E-03 
      1     563  22510      ANK   0.10E+17  1.00  0.085   0.2662946837826361E-05   0.2551467547514767E-13   0.1228905737606163E+01   0.7364878831307201E-01   0.6616619269525701E-03 
      1     564  22552      ANK   0.10E+17  1.00  0.084   0.2629253901778317E-05   0.2445448399528591E-13   0.1228905737792716E+01   0.7364878840280370E-01   0.6533205310484067E-03 
      1     565  22594      ANK   0.10E+17  1.00  0.084   0.2595476797400221E-05   0.2402874336635433E-13   0.1228905738082434E+01   0.7364878838656569E-01   0.6448731670358476E-03 
      1     566  22636      ANK   0.10E+17  1.00  0.084   0.2562288679008850E-05   0.2363043731396151E-13   0.1228905738263167E+01   0.7364878835808344E-01   0.6366471013735348E-03 
      1     567  22678      ANK   0.10E+17  1.00  0.084   0.2528833131336997E-05   0.2421767013329104E-13   0.1228905738552573E+01   0.7364878833292324E-01   0.6283317403417256E-03 
      1     568  22720      ANK   0.10E+17  1.00  0.084   0.2497335274642251E-05   0.2387023348496268E-13   0.1228905738801781E+01   0.7364878842927497E-01   0.6205237416519773E-03 
      1     569  22762      ANK   0.10E+17  1.00  0.084   0.2465038060120307E-05   0.2349729435581726E-13   0.1228905739057271E+01   0.7364878837826874E-01   0.6124834481546675E-03 
      1     570  22804      ANK   0.10E+17  1.00  0.084   0.2433563743141397E-05   0.2255181207318533E-13   0.1228905739199547E+01   0.7364878836392488E-01   0.6046585647218762E-03 
      1     571  22846      ANK   0.10E+17  1.00  0.084   0.2401654391353572E-05   0.2247821518817222E-13   0.1228905739395721E+01   0.7364878827717666E-01   0.5967301301595415E-03 
      1     572  22888     *ANK   0.10E+17  1.00  0.084   0.2370425834373254E-05   0.2234933811879427E-13   0.1228905739604792E+01   0.7364878844864065E-01   0.5889984433961167E-03 
      1     573  22930      ANK   0.10E+17  1.00  0.084   0.2340343872236151E-05   0.2244176944362864E-13   0.1228905739872903E+01   0.7364878832228630E-01   0.5815150176057896E-03 
      1     574  22972      ANK   0.10E+17  1.00  0.083   0.2311224297958436E-05   0.2206501415209657E-13   0.1228905740149665E+01   0.7364878845255579E-01   0.5742545946211850E-03 
      1     575  23014      ANK   0.10E+17  1.00  0.083   0.2282033603533043E-05   0.2155956099632088E-13   0.1228905740326571E+01   0.7364878838303307E-01   0.5669738794326647E-03 
      1     576  23056      ANK   0.10E+17  1.00  0.084   0.2252643378993695E-05   0.2126117397606514E-13   0.1228905740430283E+01   0.7364878842798789E-01   0.5596993696108464E-03 
      1     577  23098      ANK   0.10E+17  1.00  0.083   0.2222852181492767E-05   0.2154246623037672E-13   0.1228905740711893E+01   0.7364878835485861E-01   0.5522943207694855E-03 
      1     578  23140      ANK   0.10E+17  1.00  0.084   0.2195075300047409E-05   0.2131331359167155E-13   0.1228905740895917E+01   0.7364878847819187E-01   0.5454228581137955E-03 
      1     579  23182      ANK   0.10E+17  1.00  0.083   0.2167202983183074E-05   0.2097021997275503E-13   0.1228905741180260E+01   0.7364878843085354E-01   0.5384465743580669E-03 
      1     580  23224      ANK   0.10E+17  1.00  0.083   0.2139647053110051E-05   0.2025643034492039E-13   0.1228905741219927E+01   0.7364878842127265E-01   0.5316221338982300E-03 
      1     581  23266      ANK   0.10E+17  1.00  0.084   0.2111621015056240E-05   0.2019901424249600E-13   0.1228905741461968E+01   0.7364878843654057E-01   0.5246428464084327E-03 
      1     582  23308     *ANK   0.10E+17  1.00  0.083   0.2084266628401535E-05   0.2005756840533919E-13   0.1228905741649266E+01   0.7364878850320974E-01   0.5178730751738655E-03 
      1     583  23350      ANK   0.10E+17  1.00  0.084   0.2057727570378881E-05   0.1981192955394579E-13   0.1228905741863109E+01   0.7364878842822370E-01   0.5112741406613219E-03 
      1     584  23392      ANK   0.10E+17  1.00  0.083   0.2031847946444009E-05   0.1959566599002636E-13   0.1228905742024827E+01   0.7364878848321468E-01   0.5048494149049354E-03 
      1     585  23434      ANK   0.10E+17  1.00  0.083   0.2005805452061194E-05   0.2684213341140964E-13   0.1228905742210018E+01   0.7364878840172176E-01   0.4983514368853825E-03 
      1     586  23476      ANK   0.10E+17  1.00  0.084   0.1980232042916656E-05   0.2455145968088088E-13   0.1228905742333085E+01   0.7364878841326938E-01   0.4920057545878852E-03 
      1     587  23518      ANK   0.10E+17  1.00  0.083   0.1954104605920580E-05   0.2130207597452445E-13   0.1228905742476313E+01   0.7364878840730885E-01   0.4855181318637780E-03 
      1     588  23560      ANK   0.10E+17  1.00  0.083   0.1929260262748698E-05   0.1858025639346737E-13   0.1228905742710181E+01   0.7364878848542009E-01   0.4793574416512302E-03 
      1     589  23602      ANK   0.10E+17  1.00  0.083   0.1905173384524716E-05   0.2640500043555057E-13   0.1228905742873598E+01   0.7364878841009884E-01   0.4733692922641250E-03 
      1     590  23644      ANK   0.10E+17  1.00  0.084   0.1880973042457733E-05   0.2143337716763897E-13   0.1228905742988881E+01   0.7364878841340233E-01   0.4673588082246036E-03 
      1     591  23686      ANK   0.10E+17  1.00  0.083   0.1856708242726884E-05   0.2028907482658424E-13   0.1228905743165212E+01   0.7364878838368333E-01   0.4613063431380235E-03 
      1     592  23728     *ANK   0.10E+17  1.00  0.083   0.1832594912084306E-05   0.2623127444484072E-13   0.1228905743287095E+01   0.7364878847061312E-01   0.4553519650357609E-03 
      1     593  23770      ANK   0.10E+17  1.00  0.083   0.1809118033704719E-05   0.2270935814830495E-13   0.1228905743540067E+01   0.7364878840297512E-01   0.4495016584555589E-03 
      1     594  23812      ANK   0.10E+17  1.00  0.083   0.1786341869399841E-05   0.1919210079489585E-13   0.1228905743670860E+01   0.7364878844987929E-01   0.4438685060633493E-03 
      1     595  23854      ANK   0.10E+17  1.00  0.083   0.1763801813158567E-05   0.2605639082503437E-13   0.1228905743867145E+01   0.7364878843279837E-01   0.4382173248358431E-03 
      1     596  23896      ANK   0.10E+17  1.00  0.082   0.1741214303915036E-05   0.2005292072775436E-13   0.1228905743901759E+01   0.7364878841498471E-01   0.4326059918046156E-03 
      1     597  23938      ANK   0.10E+17  1.00  0.084   0.1718310991680249E-05   0.2684813819521966E-13   0.1228905744108304E+01   0.7364878843472888E-01   0.4269164086244109E-03 
      1     598  23980      ANK   0.10E+17  1.00  0.082   0.1696230117804803E-05   0.2431962421135690E-13   0.1228905744243618E+01   0.7364878848485640E-01   0.4214618256270670E-03 
      1     599  24022      ANK   0.10E+17  1.00  0.083   0.1674675764788700E-05   0.2058920496775058E-13   0.1228905744433292E+01   0.7364878841796052E-01   0.4161010843177635E-03 
#-------------------------------------------------------------------------------------------------------------------------------------------------------------------------------------
#  Grid  | Iter | Iter |  Iter  |   CFL   | Step | Lin  |        Res rho         |       Res nuturb       |         C_lift         |        C_drag          |        totalRes        |
#  level |      | Tot  |  Type  |         |      | Res  |                        |                        |                        |                        |                        |
#-------------------------------------------------------------------------------------------------------------------------------------------------------------------------------------
      1     600  24064      ANK   0.10E+17  1.00  0.082   0.1653667129962121E-05   0.2667097326996428E-13   0.1228905744562073E+01   0.7364878837723068E-01   0.4108659248697541E-03 
      1     601  24106      ANK   0.10E+17  1.00  0.083   0.1632184893636222E-05   0.2067783789686264E-13   0.1228905744634631E+01   0.7364878841358505E-01   0.4055205407697385E-03 
      1     602  24148     *ANK   0.10E+17  1.00  0.083   0.1610945933821570E-05   0.2632250841658383E-13   0.1228905744789869E+01   0.7364878845769862E-01   0.4002533467613697E-03 
      1     603  24190      ANK   0.10E+17  1.00  0.083   0.1590479484811913E-05   0.2347977048445380E-13   0.1228905744942704E+01   0.7364878847456541E-01   0.3951860554438206E-03 
      1     604  24232      ANK   0.10E+17  1.00  0.083   0.1570562452385579E-05   0.1970256713967574E-13   0.1228905745124586E+01   0.7364878850892853E-01   0.3902056787846092E-03 
      1     605  24274      ANK   0.10E+17  1.00  0.082   0.1550794456910173E-05   0.2624355775117090E-13   0.1228905745207970E+01   0.7364878847530432E-01   0.3852720467168369E-03 
      1     606  24316      ANK   0.10E+17  1.00  0.082   0.1531130064128850E-05   0.2404635067009323E-13   0.1228905745295152E+01   0.7364878850182741E-01   0.3803832758659694E-03 
      1     607  24358      ANK   0.10E+17  1.00  0.082   0.1510852533650004E-05   0.1990000503262605E-13   0.1228905745435041E+01   0.7364878846499789E-01   0.3753727930376525E-03 
      1     608  24400      ANK   0.10E+17  1.00  0.083   0.1491463244260364E-05   0.2644781294643393E-13   0.1228905745552277E+01   0.7364878852892923E-01   0.3705870661165872E-03 
      1     609  24442      ANK   0.10E+17  1.00  0.082   0.1472728584848467E-05   0.2290646105393832E-13   0.1228905745746790E+01   0.7364878850616779E-01   0.3658974953277104E-03 
      1     610  24484      ANK   0.10E+17  1.00  0.082   0.1454176979881046E-05   0.1839869203405161E-13   0.1228905745826194E+01   0.7364878849706838E-01   0.3612825171596513E-03 
      1     611  24526      ANK   0.10E+17  1.00  0.082   0.1435408367866466E-05   0.2458224019625385E-13   0.1228905745979500E+01   0.7364878851191478E-01   0.3566071022211178E-03 
      1     612  24568     *ANK   0.10E+17  1.00  0.081   0.1417027583442101E-05   0.2046183966770785E-13   0.1228905746029129E+01   0.7364878852494308E-01   0.3520537426385826E-03 
      1     613  24610      ANK   0.10E+17  1.00  0.083   0.1398787772381214E-05   0.2622222334904598E-13   0.1228905746183593E+01   0.7364878848808148E-01   0.3475312666788961E-03 
      1     614  24652      ANK   0.10E+17  1.00  0.081   0.1381047141303244E-05   0.2172639688198708E-13   0.1228905746288575E+01   0.7364878850045214E-01   0.3431341282761309E-03 
      1     615  24694      ANK   0.10E+17  1.00  0.082   0.1363345492901616E-05   0.2679483443322987E-13   0.1228905746451709E+01   0.7364878849902956E-01   0.3387225041685650E-03 
      1     616  24736      ANK   0.10E+17  1.00  0.081   0.1346400588812157E-05   0.2163322390013801E-13   0.1228905746570947E+01   0.7364878850984166E-01   0.3345047668343433E-03 
      1     617  24778      ANK   0.10E+17  1.00  0.081   0.1328993128295918E-05   0.2600583784223416E-13   0.1228905746636611E+01   0.7364878849186945E-01   0.3301825017626810E-03 
      1     618  24820      ANK   0.10E+17  1.00  0.082   0.1311916239128775E-05   0.2116059959457782E-13   0.1228905746750296E+01   0.7364878851832288E-01   0.3259516991711542E-03 
      1     619  24862      ANK   0.10E+17  1.00  0.082   0.1294921974146372E-05   0.2571648814588847E-13   0.1228905746861006E+01   0.7364878846893944E-01   0.3217369787370746E-03 
      1     620  24904      ANK   0.10E+17  1.00  0.082   0.1278683295616366E-05   0.2089149421275910E-13   0.1228905747020901E+01   0.7364878855145862E-01   0.3176936229316022E-03 
      1     621  24946      ANK   0.10E+17  1.00  0.081   0.1262496088278995E-05   0.2483904665209965E-13   0.1228905747117413E+01   0.7364878849734846E-01   0.3136602522474197E-03 
      1     622  24988     *ANK   0.10E+17  1.00  0.083   0.1246212296774673E-05   0.1996955592334586E-13   0.1228905747163082E+01   0.7364878850484277E-01   0.3096234697436660E-03 
      1     623  25030      ANK   0.10E+17  1.00  0.082   0.1229854498414394E-05   0.2654606817451966E-13   0.1228905747285749E+01   0.7364878847742165E-01   0.3055527440749209E-03 
      1     624  25072      ANK   0.10E+17  1.00  0.082   0.1214132677317059E-05   0.2352099611056669E-13   0.1228905747390391E+01   0.7364878854266857E-01   0.3016693257202701E-03 
      1     625  25114      ANK   0.10E+17  1.00  0.082   0.1199072676465201E-05   0.2612916057376308E-13   0.1228905747554873E+01   0.7364878849277659E-01   0.2979006520965456E-03 
      1     626  25156      ANK   0.10E+17  1.00  0.081   0.1183641426968281E-05   0.1837551738935631E-13   0.1228905747580675E+01   0.7364878848136375E-01   0.2940922833331270E-03 
      1     627  25198      ANK   0.10E+17  1.00  0.082   0.1168391562913846E-05   0.2226431647408567E-13   0.1228905747706865E+01   0.7364878850727224E-01   0.2902808910066823E-03 
      1     628  25240      ANK   0.10E+17  1.00  0.081   0.1153250755601587E-05   0.2600366184536774E-13   0.1228905747768807E+01   0.7364878848894410E-01   0.2865271999440446E-03 
      1     629  25282      ANK   0.10E+17  1.00  0.082   0.1138572004842144E-05   0.1950110325069386E-13   0.1228905747906326E+01   0.7364878855740420E-01   0.2828732832689156E-03 
      1     630  25324      ANK   0.10E+17  1.00  0.082   0.1124344545917863E-05   0.2334455611031059E-13   0.1228905747994103E+01   0.7364878853072007E-01   0.2793333403377931E-03 
      1     631  25366      ANK   0.10E+17  1.00  0.081   0.1110053835058067E-05   0.1988026089013028E-13   0.1228905748088869E+01   0.7364878852474521E-01   0.2757951194393968E-03 
      1     632  25408     *ANK   0.10E+17  1.00  0.081   0.1095896611464348E-05   0.2490216300921296E-13   0.1228905748151584E+01   0.7364878849434894E-01   0.2722608627077484E-03 
      1     633  25450      ANK   0.10E+17  1.00  0.082   0.1081574593142154E-05   0.2085414593407300E-13   0.1228905748203956E+01   0.7364878850151277E-01   0.2687199204925441E-03 
      1     634  25492      ANK   0.10E+17  1.00  0.081   0.1067751472660530E-05   0.2598466229995099E-13   0.1228905748331190E+01   0.7364878853686180E-01   0.2652774037036515E-03 
      1     635  25534      ANK   0.10E+17  1.00  0.082   0.1054266078138384E-05   0.2158402799466231E-13   0.1228905748427508E+01   0.7364878852110010E-01   0.2619410639804950E-03 
      1     636  25576      ANK   0.10E+17  1.00  0.080   0.1040947481818213E-05   0.2600050719962085E-13   0.1228905748551884E+01   0.7364878853902393E-01   0.2586176264783261E-03 
      1     637  25618      ANK   0.10E+17  1.00  0.080   0.1027533909749250E-05   0.2108225060450975E-13   0.1228905748562178E+01   0.7364878851550768E-01   0.2552706739462408E-03 
      1     638  25660      ANK   0.10E+17  1.00  0.082   0.1014356682013913E-05   0.2559021620050557E-13   0.1228905748675062E+01   0.7364878852207288E-01   0.2520154047937185E-03 
      1     639  25702      ANK   0.10E+17  1.00  0.080   0.1001516622466313E-05   0.2078466644026049E-13   0.1228905748756395E+01   0.7364878853071929E-01   0.2488392836052999E-03 
      1     640  25744      ANK   0.10E+17  1.00  0.082   0.9886980458462312E-06   0.2442339799063455E-13   0.1228905748867573E+01   0.7364878851056489E-01   0.2456548298529087E-03 
      1     641  25786      ANK   0.10E+17  1.00  0.079   0.9763612202120575E-06   0.1982220965825902E-13   0.1228905748968822E+01   0.7364878848217687E-01   0.2425722829230586E-03 
      1     642  25828     *ANK   0.10E+17  1.00  0.082   0.9635604625321795E-06   0.2309055189863523E-13   0.1228905749003504E+01   0.7364878850264805E-01   0.2393934670099347E-03 
      1     643  25870      ANK   0.10E+17  1.00  0.081   0.9511421014707203E-06   0.2656240486185660E-13   0.1228905749103907E+01   0.7364878853157236E-01   0.2363168155443941E-03 
      1     644  25912      ANK   0.10E+17  1.00  0.081   0.9389240738365287E-06   0.1927365819351456E-13   0.1228905749169340E+01   0.7364878851862078E-01   0.2332917902872952E-03 
      1     645  25954      ANK   0.10E+17  1.00  0.081   0.9273676584259469E-06   0.2222993208928636E-13   0.1228905749335643E+01   0.7364878853894402E-01   0.2304094028953736E-03 
      1     646  25996      ANK   0.10E+17  1.00  0.080   0.9157556082492099E-06   0.2608554349014075E-13   0.1228905749330185E+01   0.7364878850733386E-01   0.2274986343534069E-03 
      1     647  26038      ANK   0.10E+17  1.00  0.082   0.9039422396234998E-06   0.1777199312140458E-13   0.1228905749373845E+01   0.7364878852747359E-01   0.2245729368777399E-03 
      1     648  26080      ANK   0.10E+17  1.00  0.080   0.8919946530794935E-06   0.2191025639494301E-13   0.1228905749455947E+01   0.7364878849959108E-01   0.2216128521197141E-03 
      1     649  26122      ANK   0.10E+17  1.00  0.082   0.8808080899665813E-06   0.2609496434415215E-13   0.1228905749568103E+01   0.7364878856805704E-01   0.2188508204778694E-03 
#-------------------------------------------------------------------------------------------------------------------------------------------------------------------------------------
#  Grid  | Iter | Iter |  Iter  |   CFL   | Step | Lin  |        Res rho         |       Res nuturb       |         C_lift         |        C_drag          |        totalRes        |
#  level |      | Tot  |  Type  |         |      | Res  |                        |                        |                        |                        |                        |
#-------------------------------------------------------------------------------------------------------------------------------------------------------------------------------------
      1     650  26164      ANK   0.10E+17  1.00  0.081   0.8698226435297689E-06   0.2031009927036416E-13   0.1228905749658100E+01   0.7364878851203938E-01   0.2160967578016573E-03 
      1     651  26206      ANK   0.10E+17  1.00  0.080   0.8587309517387201E-06   0.2454119924986353E-13   0.1228905749674781E+01   0.7364878852151074E-01   0.2133516518069275E-03 
      1     652  26248     *ANK   0.10E+17  1.00  0.081   0.8475137194055887E-06   0.2013499019656698E-13   0.1228905749780767E+01   0.7364878853579659E-01   0.2105483643532703E-03 
      1     653  26290      ANK   0.10E+17  1.00  0.080   0.8366274292133671E-06   0.2374661633187020E-13   0.1228905749819487E+01   0.7364878855075752E-01   0.2078648991305886E-03 
      1     654  26332      ANK   0.10E+17  1.00  0.082   0.8259203642586261E-06   0.2607700704604389E-13   0.1228905749924203E+01   0.7364878854193554E-01   0.2051997073630294E-03 
      1     655  26374      ANK   0.10E+17  1.00  0.080   0.8154569697475254E-06   0.2688663040040734E-13   0.1228905749972733E+01   0.7364878852893589E-01   0.2026052326578499E-03 
      1     656  26416      ANK   0.10E+17  1.00  0.080   0.8051970149423016E-06   0.2172078480001401E-13   0.1228905750064027E+01   0.7364878852568416E-01   0.2000439067551076E-03 
      1     657  26458      ANK   0.10E+17  1.00  0.080   0.7947679108893565E-06   0.2227502903199286E-13   0.1228905750112749E+01   0.7364878853649140E-01   0.1974449481957481E-03 
      1     658  26500      ANK   0.10E+17  1.00  0.082   0.7843672173430772E-06   0.2512672695303476E-13   0.1228905750161563E+01   0.7364878856114032E-01   0.1948730676747454E-03 
      1     659  26542      ANK   0.10E+17  1.00  0.081   0.7745392207705244E-06   0.2637814308346832E-13   0.1228905750237835E+01   0.7364878858048862E-01   0.1924311029876429E-03 
      1     660  26584      ANK   0.10E+17  1.00  0.080   0.7646305114947119E-06   0.2614642794627626E-13   0.1228905750307961E+01   0.7364878855448415E-01   0.1899692990218522E-03 
      1     661  26626      ANK   0.10E+17  1.00  0.079   0.7550628425792643E-06   0.2622735287410823E-13   0.1228905750364359E+01   0.7364878856583754E-01   0.1875831342681914E-03 
      1     662  26668     *ANK   0.10E+17  1.00  0.080   0.7451834935843542E-06   0.2009654781794075E-13   0.1228905750407132E+01   0.7364878854796844E-01   0.1851283255918232E-03 
      1     663  26710      ANK   0.10E+17  1.00  0.080   0.7356374380101924E-06   0.2173652780134905E-13   0.1228905750478642E+01   0.7364878859797733E-01   0.1827720629173662E-03 
      1     664  26752      ANK   0.10E+17  1.00  0.080   0.7264371130726330E-06   0.2536389934373697E-13   0.1228905750547134E+01   0.7364878855087476E-01   0.1804824440768777E-03 
      1     665  26794      ANK   0.10E+17  1.00  0.080   0.7171752160429034E-06   0.1922010855270838E-13   0.1228905750605147E+01   0.7364878856975213E-01   0.1781840123902418E-03 
      1     666  26836      ANK   0.10E+17  1.00  0.079   0.7082444666985549E-06   0.2159989781722727E-13   0.1228905750659735E+01   0.7364878856397580E-01   0.1759381713206953E-03 
      1     667  26878      ANK   0.10E+17  1.00  0.080   0.6990674722286250E-06   0.2532079668472669E-13   0.1228905750702459E+01   0.7364878860285565E-01   0.1736635361029369E-03 
      1     668  26920      ANK   0.10E+17  1.00  0.079   0.6902429808785675E-06   0.2002847132512183E-13   0.1228905750778793E+01   0.7364878862333760E-01   0.1714730349169655E-03 
      1     669  26962      ANK   0.10E+17  1.00  0.080   0.6814565526911826E-06   0.2251309010741860E-13   0.1228905750855083E+01   0.7364878859376275E-01   0.1693001908783829E-03 
      1     670  27004      ANK   0.10E+17  1.00  0.079   0.6728821745923682E-06   0.2657473699767937E-13   0.1228905750911320E+01   0.7364878857736232E-01   0.1671664069953258E-03 
      1     671  27046      ANK   0.10E+17  1.00  0.079   0.6640962914419766E-06   0.2070787714425174E-13   0.1228905750944404E+01   0.7364878857380466E-01   0.1649760791371691E-03 
      1     672  27088     *ANK   0.10E+17  1.00  0.080   0.6554861211593203E-06   0.2300566924181781E-13   0.1228905751016916E+01   0.7364878861381749E-01   0.1628466793747085E-03 
      1     673  27130      ANK   0.10E+17  1.00  0.079   0.6472075520744267E-06   0.2561050624645886E-13   0.1228905751076370E+01   0.7364878860309873E-01   0.1607838058988692E-03 
      1     674  27172      ANK   0.10E+17  1.00  0.081   0.6390111558079709E-06   0.2578281275443993E-13   0.1228905751113222E+01   0.7364878859042526E-01   0.1587557642334322E-03 
      1     675  27214      ANK   0.10E+17  1.00  0.078   0.6308450802111084E-06   0.2301136717511290E-13   0.1228905751163803E+01   0.7364878858279617E-01   0.1567179359136670E-03 
      1     676  27256      ANK   0.10E+17  1.00  0.080   0.6226182871184436E-06   0.2406806679371477E-13   0.1228905751207834E+01   0.7364878860123242E-01   0.1546780842302214E-03 
      1     677  27298      ANK   0.10E+17  1.00  0.080   0.6146079828869482E-06   0.2659349738267305E-13   0.1228905751262787E+01   0.7364878860160587E-01   0.1526915964805530E-03 
      1     678  27340      ANK   0.10E+17  1.00  0.080   0.6068190422247813E-06   0.1744528149392861E-13   0.1228905751294910E+01   0.7364878860125007E-01   0.1507598993378805E-03 
      1     679  27382      ANK   0.10E+17  1.00  0.079   0.5990927735226540E-06   0.1951747883617032E-13   0.1228905751367388E+01   0.7364878858180759E-01   0.1488355720536612E-03 
      1     680  27424      ANK   0.10E+17  1.00  0.077   0.5914684954748857E-06   0.2291434042964221E-13   0.1228905751414865E+01   0.7364878858386659E-01   0.1469416315830578E-03 
      1     681  27466      ANK   0.10E+17  1.00  0.081   0.5837945241627320E-06   0.2687145901360007E-13   0.1228905751462304E+01   0.7364878860276447E-01   0.1450302349487801E-03 
      1     682  27508     *ANK   0.10E+17  1.00  0.078   0.5763312169073100E-06   0.1845328541832129E-13   0.1228905751504752E+01   0.7364878859861601E-01   0.1431802225800104E-03 
      1     683  27550      ANK   0.10E+17  1.00  0.080   0.5689326765559615E-06   0.2066359531052136E-13   0.1228905751560983E+01   0.7364878859484991E-01   0.1413503551434992E-03 
      1     684  27592      ANK   0.10E+17  1.00  0.078   0.5618483001571442E-06   0.2390083049677907E-13   0.1228905751618159E+01   0.7364878860408949E-01   0.1395814601971641E-03 
      1     685  27634      ANK   0.10E+17  1.00  0.078   0.5546336874387567E-06   0.2609157534667675E-13   0.1228905751645510E+01   0.7364878859314355E-01   0.1377840074620490E-03 
      1     686  27676      ANK   0.10E+17  1.00  0.080   0.5476452713568791E-06   0.2663102649152950E-13   0.1228905751690779E+01   0.7364878860947988E-01   0.1360480599044013E-03 
      1     687  27718      ANK   0.10E+17  1.00  0.079   0.5404843630555537E-06   0.2684650224250240E-13   0.1228905751723964E+01   0.7364878860010868E-01   0.1342729680621692E-03 
      1     688  27760      ANK   0.10E+17  1.00  0.079   0.5336051637533117E-06   0.1886889429717930E-13   0.1228905751789011E+01   0.7364878861679078E-01   0.1325632031461722E-03 
      1     689  27802      ANK   0.10E+17  1.00  0.077   0.5269533567588217E-06   0.1821844049473983E-13   0.1228905751825846E+01   0.7364878860219295E-01   0.1309070113890053E-03 
      1     690  27844      ANK   0.10E+17  1.00  0.080   0.5201986017991114E-06   0.1874747774278283E-13   0.1228905751852004E+01   0.7364878860046919E-01   0.1292339774855839E-03 
      1     691  27886      ANK   0.10E+17  1.00  0.079   0.5134986466430525E-06   0.2057891982272731E-13   0.1228905751903629E+01   0.7364878861044136E-01   0.1275628320688596E-03 
      1     692  27928     *ANK   0.10E+17  1.00  0.079   0.5067989077946772E-06   0.2324721331341301E-13   0.1228905751925994E+01   0.7364878861050825E-01   0.1259066578318351E-03 
      1     693  27970      ANK   0.10E+17  1.00  0.078   0.5004047633450652E-06   0.2672042279393067E-13   0.1228905752003157E+01   0.7364878862143601E-01   0.1243147178619287E-03 
      1     694  28012      ANK   0.10E+17  1.00  0.078   0.4940588128206434E-06   0.2678587979057331E-13   0.1228905752031720E+01   0.7364878859613203E-01   0.1227445690172243E-03 
      1     695  28054      ANK   0.10E+17  1.00  0.080   0.4878890154347677E-06   0.2300253585701835E-13   0.1228905752072684E+01   0.7364878860722626E-01   0.1212029285370028E-03 
      1     696  28096      ANK   0.10E+17  1.00  0.077   0.4815415376139377E-06   0.2480414501223560E-13   0.1228905752098612E+01   0.7364878858752544E-01   0.1196248222131697E-03 
      1     697  28138      ANK   0.10E+17  1.00  0.081   0.4752464257955612E-06   0.2143125630428952E-13   0.1228905752143829E+01   0.7364878862428320E-01   0.1180668191722206E-03 
      1     698  28180      ANK   0.10E+17  1.00  0.079   0.4693757543091365E-06   0.2223829700160439E-13   0.1228905752194428E+01   0.7364878859748736E-01   0.1166103264700761E-03 
      1     699  28222      ANK   0.10E+17  1.00  0.079   0.4633754596882882E-06   0.2372703042284939E-13   0.1228905752217543E+01   0.7364878859343399E-01   0.1151245719821850E-03 
#-------------------------------------------------------------------------------------------------------------------------------------------------------------------------------------
#  Grid  | Iter | Iter |  Iter  |   CFL   | Step | Lin  |        Res rho         |       Res nuturb       |         C_lift         |        C_drag          |        totalRes        |
#  level |      | Tot  |  Type  |         |      | Res  |                        |                        |                        |                        |                        |
#-------------------------------------------------------------------------------------------------------------------------------------------------------------------------------------
      1     700  28264      ANK   0.10E+17  1.00  0.079   0.4574764002578928E-06   0.2601102102125308E-13   0.1228905752253834E+01   0.7364878860377552E-01   0.1136462672486406E-03 
      1     701  28306      ANK   0.10E+17  1.00  0.078   0.4515329781488147E-06   0.2647855280793292E-13   0.1228905752284763E+01   0.7364878860223079E-01   0.1121745068337261E-03 
      1     702  28348     *ANK   0.10E+17  1.00  0.080   0.4457642043271364E-06   0.2475149348011673E-13   0.1228905752341943E+01   0.7364878861390348E-01   0.1107417298160506E-03 
      1     703  28390      ANK   0.10E+17  1.00  0.078   0.4401832585854541E-06   0.2581351876520282E-13   0.1228905752371614E+01   0.7364878861416235E-01   0.1093604481147636E-03 
      1     704  28432      ANK   0.10E+17  1.00  0.078   0.4346359026240133E-06   0.2545985122906660E-13   0.1228905752417261E+01   0.7364878860137800E-01   0.1079681334561594E-03 
      1     705  28474      ANK   0.10E+17  1.00  0.077   0.4290757783703212E-06   0.2484531728366152E-13   0.1228905752438225E+01   0.7364878860068935E-01   0.1065841537025735E-03 
      1     706  28516      ANK   0.10E+17  1.00  0.079   0.4234435323182589E-06   0.2622955210863401E-13   0.1228905752462822E+01   0.7364878862471649E-01   0.1051968026989063E-03 
      1     707  28558      ANK   0.10E+17  1.00  0.078   0.4180364691664858E-06   0.2083738450013760E-13   0.1228905752514007E+01   0.7364878861315804E-01   0.1038540006790698E-03 
      1     708  28600      ANK   0.10E+17  1.00  0.079   0.4127189408737152E-06   0.2108627012451506E-13   0.1228905752560261E+01   0.7364878860361235E-01   0.1025411534475842E-03 
      1     709  28642      ANK   0.10E+17  1.00  0.078   0.4075224969417949E-06   0.2211573737085941E-13   0.1228905752590310E+01   0.7364878858891694E-01   0.1012422532174369E-03 
      1     710  28684      ANK   0.10E+17  1.00  0.079   0.4022673042011536E-06   0.2361545931671897E-13   0.1228905752606132E+01   0.7364878859520541E-01   0.9993444019313388E-04 
      1     711  28726      ANK   0.10E+17  1.00  0.079   0.3971233385175454E-06   0.2570243528059186E-13   0.1228905752641375E+01   0.7364878862506691E-01   0.9865582464089970E-04 
      1     712  28768     *ANK   0.10E+17  1.00  0.078   0.3920945350486625E-06   0.2564664078436735E-13   0.1228905752687996E+01   0.7364878861777280E-01   0.9740742378093806E-04 
      1     713  28810      ANK   0.10E+17  1.00  0.078   0.3871249144299073E-06   0.2523881627103765E-13   0.1228905752726243E+01   0.7364878862236518E-01   0.9617693052751237E-04 
      1     714  28852      ANK   0.10E+17  1.00  0.077   0.3822190354712467E-06   0.2687516156754151E-13   0.1228905752757152E+01   0.7364878860466517E-01   0.9495241090089788E-04 
      1     715  28894      ANK   0.10E+17  1.00  0.078   0.3773224638826235E-06   0.2076509944859548E-13   0.1228905752782101E+01   0.7364878862773511E-01   0.9373310362253814E-04 
      1     716  28936      ANK   0.10E+17  1.00  0.077   0.3724608509332334E-06   0.2153588792050009E-13   0.1228905752813127E+01   0.7364878862957311E-01   0.9252248796344110E-04 
      1     717  28978      ANK   0.10E+17  1.00  0.079   0.3677319025041110E-06   0.2279530967570210E-13   0.1228905752832873E+01   0.7364878862908211E-01   0.9135750416940090E-04 
      1     718  29020      ANK   0.10E+17  1.00  0.078   0.3630590233330009E-06   0.2453965419173724E-13   0.1228905752881531E+01   0.7364878861608448E-01   0.9019435430749503E-04 
      1     719  29062      ANK   0.10E+17  1.00  0.077   0.3584284186176539E-06   0.2650264444222591E-13   0.1228905752897838E+01   0.7364878861595464E-01   0.8903931922349567E-04 
      1     720  29104      ANK   0.10E+17  1.00  0.079   0.3537754297081317E-06   0.2469224809940903E-13   0.1228905752932041E+01   0.7364878862804805E-01   0.8788155180195159E-04 
      1     721  29146      ANK   0.10E+17  1.00  0.077   0.3492827678119581E-06   0.2582611370192797E-13   0.1228905752949177E+01   0.7364878863388441E-01   0.8677376973045707E-04 
      1     722  29188     *ANK   0.10E+17  1.00  0.079   0.3448225249010898E-06   0.2606241776854726E-13   0.1228905752998114E+01   0.7364878863078941E-01   0.8566531433428615E-04 
      1     723  29230      ANK   0.10E+17  1.00  0.076   0.3405063918365076E-06   0.1753564516886145E-13   0.1228905753013675E+01   0.7364878862096857E-01   0.8458736149349212E-04 
      1     724  29272      ANK   0.10E+17  1.00  0.077   0.3361113909299133E-06   0.1728297277255948E-13   0.1228905753038319E+01   0.7364878862367902E-01   0.8349356605874104E-04 
      1     725  29314      ANK   0.10E+17  1.00  0.077   0.3317694816152271E-06   0.1753517188255376E-13   0.1228905753072997E+01   0.7364878863330337E-01   0.8241586949771362E-04 
      1     726  29356      ANK   0.10E+17  1.00  0.078   0.3275719350595270E-06   0.1837348019950839E-13   0.1228905753089247E+01   0.7364878863871427E-01   0.8138060927550900E-04 
      1     727  29398      ANK   0.10E+17  1.00  0.077   0.3234460516860107E-06   0.1970138733292284E-13   0.1228905753126388E+01   0.7364878863277774E-01   0.8035024399533118E-04 
      1     728  29440      ANK   0.10E+17  1.00  0.076   0.3193085762833869E-06   0.2131147815618902E-13   0.1228905753138958E+01   0.7364878862503033E-01   0.7932299313064598E-04 
      1     729  29482      ANK   0.10E+17  1.00  0.078   0.3151962620663496E-06   0.2328505507629411E-13   0.1228905753172874E+01   0.7364878863738819E-01   0.7829790194749788E-04 
      1     730  29524      ANK   0.10E+17  1.00  0.077   0.3111455240541721E-06   0.2546400314840317E-13   0.1228905753193231E+01   0.7364878863577262E-01   0.7729686942153863E-04 
      1     731  29566      ANK   0.10E+17  1.00  0.078   0.3071712737700687E-06   0.2481956471981658E-13   0.1228905753227650E+01   0.7364878864209881E-01   0.7631097947107100E-04 
      1     732  29608     *ANK   0.10E+17  1.00  0.076   0.3033513417858362E-06   0.2629234130878970E-13   0.1228905753257401E+01   0.7364878862653657E-01   0.7535766085518618E-04 
      1     733  29650      ANK   0.10E+17  1.00  0.077   0.2994387682829441E-06   0.2257341499902931E-13   0.1228905753278908E+01   0.7364878863521301E-01   0.7438705039021874E-04 
      1     734  29692      ANK   0.10E+17  1.00  0.077   0.2956378141542903E-06   0.2290102515121999E-13   0.1228905753309698E+01   0.7364878863759083E-01   0.7343961821228091E-04 
      1     735  29734      ANK   0.10E+17  1.00  0.076   0.2918300559626969E-06   0.2355276109123453E-13   0.1228905753316628E+01   0.7364878863604157E-01   0.7249834655994819E-04 
      1     736  29776      ANK   0.10E+17  1.00  0.078   0.2880766401221282E-06   0.2458257330852698E-13   0.1228905753352069E+01   0.7364878863897359E-01   0.7156413996304886E-04 
      1     737  29818      ANK   0.10E+17  1.00  0.075   0.2844672584986269E-06   0.2586213989226272E-13   0.1228905753373474E+01   0.7364878863381119E-01   0.7066831608437814E-04 
      1     738  29860      ANK   0.10E+17  1.00  0.077   0.2808987340638601E-06   0.2654951325772828E-13   0.1228905753396877E+01   0.7364878863690927E-01   0.6978112356490636E-04 
      1     739  29902      ANK   0.10E+17  1.00  0.076   0.2773073070670590E-06   0.2189230227769053E-13   0.1228905753414353E+01   0.7364878863594579E-01   0.6888350079810964E-04 
      1     740  29944      ANK   0.10E+17  1.00  0.077   0.2736736386372911E-06   0.2210266651384882E-13   0.1228905753437332E+01   0.7364878864977800E-01   0.6798383378066464E-04 
      1     741  29986      ANK   0.10E+17  1.00  0.076   0.2702175443753162E-06   0.2271463150419998E-13   0.1228905753464962E+01   0.7364878864307928E-01   0.6712792880102590E-04 
      1     742  30028     *ANK   0.10E+17  1.00  0.077   0.2667477150467212E-06   0.2348889688697141E-13   0.1228905753484657E+01   0.7364878863486921E-01   0.6627052356388058E-04 
      1     743  30070      ANK   0.10E+17  1.00  0.077   0.2634217953765904E-06   0.2461464440877898E-13   0.1228905753507219E+01   0.7364878863812571E-01   0.6543432941042989E-04 
      1     744  30112      ANK   0.10E+17  1.00  0.076   0.2600031207895092E-06   0.2582924150456912E-13   0.1228905753517560E+01   0.7364878864089164E-01   0.6458399185050036E-04 
      1     745  30154      ANK   0.10E+17  1.00  0.077   0.2566260539609219E-06   0.2656940090224112E-13   0.1228905753540761E+01   0.7364878865444191E-01   0.6375234385469722E-04 
      1     746  30196      ANK   0.10E+17  1.00  0.077   0.2533957732683153E-06   0.2300133446448811E-13   0.1228905753578002E+01   0.7364878864521091E-01   0.6295085910789653E-04 
      1     747  30238      ANK   0.10E+17  1.00  0.076   0.2502259043997355E-06   0.2339634028236960E-13   0.1228905753599878E+01   0.7364878863972724E-01   0.6216316313349502E-04 
      1     748  30280      ANK   0.10E+17  1.00  0.076   0.2470571842838039E-06   0.2400509163382238E-13   0.1228905753614227E+01   0.7364878864359539E-01   0.6136388228036276E-04 
      1     749  30322      ANK   0.10E+17  1.00  0.075   0.2438584871030525E-06   0.2485482199231778E-13   0.1228905753623541E+01   0.7364878865151006E-01   0.6057746656749970E-04 
#-------------------------------------------------------------------------------------------------------------------------------------------------------------------------------------
#  Grid  | Iter | Iter |  Iter  |   CFL   | Step | Lin  |        Res rho         |       Res nuturb       |         C_lift         |        C_drag          |        totalRes        |
#  level |      | Tot  |  Type  |         |      | Res  |                        |                        |                        |                        |                        |
#-------------------------------------------------------------------------------------------------------------------------------------------------------------------------------------
      1     750  30364      ANK   0.10E+17  1.00  0.077   0.2407227801890839E-06   0.2585185800052092E-13   0.1228905753653446E+01   0.7364878865454508E-01   0.5979991470137956E-04 
      1     751  30406      ANK   0.10E+17  1.00  0.076   0.2376641804390723E-06   0.2602384445422168E-13   0.1228905753667971E+01   0.7364878864735658E-01   0.5903867691339579E-04 
      1     752  30448     *ANK   0.10E+17  1.00  0.076   0.2346367719891706E-06   0.1989311908130469E-13   0.1228905753690457E+01   0.7364878864822041E-01   0.5828284375639910E-04 
      1     753  30490      ANK   0.10E+17  1.00  0.075   0.2316361839086094E-06   0.1989891993861364E-13   0.1228905753701132E+01   0.7364878864516233E-01   0.5753850408010625E-04 
      1     754  30532      ANK   0.10E+17  1.00  0.078   0.2286647701724825E-06   0.2014015298568824E-13   0.1228905753721214E+01   0.7364878864964722E-01   0.5680367956927499E-04 
      1     755  30574      ANK   0.10E+17  1.00  0.076   0.2257326005388188E-06   0.2064276552818899E-13   0.1228905753739501E+01   0.7364878864717991E-01   0.5607501087186794E-04 
      1     756  30616      ANK   0.10E+17  1.00  0.075   0.2228089667901299E-06   0.2131920749643005E-13   0.1228905753758202E+01   0.7364878864315241E-01   0.5534994146481801E-04 
      1     757  30658      ANK   0.10E+17  1.00  0.074   0.2200633723459142E-06   0.2221613195222785E-13   0.1228905753787438E+01   0.7364878865035804E-01   0.5466257520776414E-04 
      1     758  30700      ANK   0.10E+17  1.00  0.076   0.2172331469440665E-06   0.2318722402587895E-13   0.1228905753798306E+01   0.7364878865323224E-01   0.5395752040624519E-04 
      1     759  30742      ANK   0.10E+17  1.00  0.076   0.2144417030122715E-06   0.2434744708499599E-13   0.1228905753808674E+01   0.7364878865043678E-01   0.5326859924643695E-04 
      1     760  30784      ANK   0.10E+17  1.00  0.076   0.2116640055390685E-06   0.2563975796488739E-13   0.1228905753828398E+01   0.7364878864752680E-01   0.5258034266128587E-04 
      1     761  30826      ANK   0.10E+17  1.00  0.076   0.2089713387280348E-06   0.2651699866250304E-13   0.1228905753846665E+01   0.7364878865224378E-01   0.5191376848146789E-04 
      1     762  30868     *ANK   0.10E+17  1.00  0.075   0.2063150847777918E-06   0.2424748949026223E-13   0.1228905753872912E+01   0.7364878865253655E-01   0.5124870453239568E-04 
      1     763  30910      ANK   0.10E+17  1.00  0.074   0.2037047795562781E-06   0.2482786442798860E-13   0.1228905753889995E+01   0.7364878865751642E-01   0.5060123090938547E-04 
      1     764  30952      ANK   0.10E+17  1.00  0.075   0.2011164945164498E-06   0.2555681509698328E-13   0.1228905753903570E+01   0.7364878865165184E-01   0.4995712097990017E-04 
      1     765  30994      ANK   0.10E+17  1.00  0.076   0.1985415172443593E-06   0.2642128415656275E-13   0.1228905753912575E+01   0.7364878865180818E-01   0.4932048546643584E-04 
      1     766  31036      ANK   0.10E+17  1.00  0.077   0.1959510068085191E-06   0.2615330097837265E-13   0.1228905753935319E+01   0.7364878865658864E-01   0.4867525826341492E-04 
      1     767  31078      ANK   0.10E+17  1.00  0.073   0.1934868169440290E-06   0.1848625661173837E-13   0.1228905753953409E+01   0.7364878865810795E-01   0.4806507512082499E-04 
      1     768  31120      ANK   0.10E+17  1.00  0.076   0.1910578276588879E-06   0.1826375713896512E-13   0.1228905753973051E+01   0.7364878865306468E-01   0.4745821064491403E-04 
      1     769  31162      ANK   0.10E+17  1.00  0.075   0.1886116032181935E-06   0.1826218781075706E-13   0.1228905753977341E+01   0.7364878864604907E-01   0.4685070795815333E-04 
      1     770  31204      ANK   0.10E+17  1.00  0.076   0.1861480705175790E-06   0.1844901327244215E-13   0.1228905753985816E+01   0.7364878865765556E-01   0.4624036622677894E-04 
      1     771  31246      ANK   0.10E+17  1.00  0.075   0.1837613996600927E-06   0.1882588733922435E-13   0.1228905754003747E+01   0.7364878865515020E-01   0.4564906654295603E-04 
      1     772  31288     *ANK   0.10E+17  1.00  0.075   0.1814153320015773E-06   0.1932198955319232E-13   0.1228905754022445E+01   0.7364878865350086E-01   0.4506770287239433E-04 
      1     773  31330      ANK   0.10E+17  1.00  0.075   0.1791754829373862E-06   0.1993936640910007E-13   0.1228905754040690E+01   0.7364878865632202E-01   0.4450430135926651E-04 
      1     774  31372      ANK   0.10E+17  1.00  0.075   0.1768606086832105E-06   0.2065640565117745E-13   0.1228905754042643E+01   0.7364878865405705E-01   0.4392953145914543E-04 
      1     775  31414      ANK   0.10E+17  1.00  0.076   0.1745666150852895E-06   0.2154966777356402E-13   0.1228905754057221E+01   0.7364878865594859E-01   0.4336381726643148E-04 
      1     776  31456      ANK   0.10E+17  1.00  0.076   0.1723429999717470E-06   0.2250982578815233E-13   0.1228905754076654E+01   0.7364878865965238E-01   0.4281245411812637E-04 
      1     777  31498      ANK   0.10E+17  1.00  0.075   0.1701517818954052E-06   0.2352280891116714E-13   0.1228905754099694E+01   0.7364878865820157E-01   0.4226717940118930E-04 
      1     778  31540      ANK   0.10E+17  1.00  0.074   0.1680257292524186E-06   0.2457829276634620E-13   0.1228905754112719E+01   0.7364878865821353E-01   0.4173510802392960E-04 
      1     779  31582      ANK   0.10E+17  1.00  0.076   0.1658549102924084E-06   0.2564235919335659E-13   0.1228905754123188E+01   0.7364878866140570E-01   0.4119705298219413E-04 
      1     780  31624      ANK   0.10E+17  1.00  0.075   0.1637141340285688E-06   0.2685927118360390E-13   0.1228905754137964E+01   0.7364878866408964E-01   0.4066685029227084E-04 
      1     781  31666      ANK   0.10E+17  1.00  0.075   0.1616272701104658E-06   0.2593802336285664E-13   0.1228905754151908E+01   0.7364878865885124E-01   0.4015044841439792E-04 
      1     782  31708     *ANK   0.10E+17  1.00  0.074   0.1596084248836727E-06   0.2670062909049043E-13   0.1228905754172398E+01   0.7364878865665311E-01   0.3964855854265015E-04 
      1     783  31750      ANK   0.10E+17  1.00  0.075   0.1575613393450698E-06   0.2646813395186342E-13   0.1228905754183123E+01   0.7364878865880603E-01   0.3913698056931353E-04 
      1     784  31792      ANK   0.10E+17  1.00  0.075   0.1555481938767378E-06   0.1923599471012054E-13   0.1228905754191295E+01   0.7364878866173510E-01   0.3863670376093178E-04 
      1     785  31834      ANK   0.10E+17  1.00  0.074   0.1535575615809486E-06   0.1909090904166435E-13   0.1228905754202530E+01   0.7364878865661195E-01   0.3814467384976521E-04 
      1     786  31876      ANK   0.10E+17  1.00  0.077   0.1515805956500261E-06   0.1908361538352494E-13   0.1228905754210696E+01   0.7364878865933386E-01   0.3765497152391090E-04 
      1     787  31918      ANK   0.10E+17  1.00  0.073   0.1496621892170941E-06   0.1920877342845925E-13   0.1228905754223621E+01   0.7364878865575347E-01   0.3717573920222121E-04 
      1     788  31960      ANK   0.10E+17  1.00  0.073   0.1477360651671472E-06   0.1943040617320449E-13   0.1228905754229997E+01   0.7364878866001034E-01   0.3669534716312769E-04 
      1     789  32002      ANK   0.10E+17  1.00  0.075   0.1458622300238217E-06   0.1972878280611960E-13   0.1228905754241067E+01   0.7364878866065577E-01   0.3623083019376469E-04 
      1     790  32044      ANK   0.10E+17  1.00  0.074   0.1439995376870632E-06   0.2014762716310789E-13   0.1228905754253971E+01   0.7364878866048555E-01   0.3577097022494213E-04 
      1     791  32086      ANK   0.10E+17  1.00  0.075   0.1421413185315210E-06   0.2064982167518524E-13   0.1228905754266238E+01   0.7364878865964569E-01   0.3530961633659566E-04 
      1     792  32128     *ANK   0.10E+17  1.00  0.074   0.1403317380846698E-06   0.2126154318476500E-13   0.1228905754282570E+01   0.7364878865633900E-01   0.3485993176276729E-04 
      1     793  32170      ANK   0.10E+17  1.00  0.074   0.1385445492036203E-06   0.2187681206500645E-13   0.1228905754291696E+01   0.7364878865347002E-01   0.3441636942431197E-04 
      1     794  32212      ANK   0.10E+17  1.00  0.074   0.1367865669502093E-06   0.2251428400190191E-13   0.1228905754304528E+01   0.7364878865955277E-01   0.3397707204889529E-04 
      1     795  32254      ANK   0.10E+17  1.00  0.075   0.1349953016403000E-06   0.2325099590150665E-13   0.1228905754314072E+01   0.7364878865938757E-01   0.3353305566523739E-04 
      1     796  32296      ANK   0.10E+17  1.00  0.075   0.1332555858074325E-06   0.2404903795000731E-13   0.1228905754332137E+01   0.7364878866593927E-01   0.3310226557056445E-04 
      1     797  32338      ANK   0.10E+17  1.00  0.074   0.1316179668910561E-06   0.2482191779649521E-13   0.1228905754342736E+01   0.7364878865525898E-01   0.3269519234616837E-04 
      1     798  32380      ANK   0.10E+17  1.00  0.076   0.1299379642666519E-06   0.2561028596080229E-13   0.1228905754351433E+01   0.7364878866177424E-01   0.3227525156115643E-04 
      1     799  32422      ANK   0.10E+17  1.00  0.074   0.1282328672279442E-06   0.2649437524287522E-13   0.1228905754363956E+01   0.7364878866356828E-01   0.3185304585754895E-04 
#-------------------------------------------------------------------------------------------------------------------------------------------------------------------------------------
#  Grid  | Iter | Iter |  Iter  |   CFL   | Step | Lin  |        Res rho         |       Res nuturb       |         C_lift         |        C_drag          |        totalRes        |
#  level |      | Tot  |  Type  |         |      | Res  |                        |                        |                        |                        |                        |
#-------------------------------------------------------------------------------------------------------------------------------------------------------------------------------------
      1     800  32464      ANK   0.10E+17  1.00  0.075   0.1265889387719771E-06   0.2538891811556212E-13   0.1228905754374297E+01   0.7364878866483676E-01   0.3144653293263317E-04 
      1     801  32506      ANK   0.10E+17  1.00  0.074   0.1250133647430093E-06   0.2593526114323262E-13   0.1228905754387169E+01   0.7364878866012806E-01   0.3105393812429312E-04 
      1     802  32548     *ANK   0.10E+17  1.00  0.074   0.1234127420783003E-06   0.2646567224308912E-13   0.1228905754395437E+01   0.7364878866091745E-01   0.3065486434895272E-04 
      1     803  32590      ANK   0.10E+17  1.00  0.073   0.1218456251118657E-06   0.2593036006506945E-13   0.1228905754405344E+01   0.7364878866508665E-01   0.3026463185408884E-04 
      1     804  32632      ANK   0.10E+17  1.00  0.074   0.1202756318050086E-06   0.2648613147751663E-13   0.1228905754414056E+01   0.7364878866528404E-01   0.2987560995217313E-04 
      1     805  32674      ANK   0.10E+17  1.00  0.075   0.1187293829721463E-06   0.1863833553458847E-13   0.1228905754423830E+01   0.7364878866564453E-01   0.2949290005134641E-04 
      1     806  32716      ANK   0.10E+17  1.00  0.073   0.1172338017772562E-06   0.1853804344199673E-13   0.1228905754435311E+01   0.7364878866131597E-01   0.2912099297737679E-04 
      1     807  32758      ANK   0.10E+17  1.00  0.073   0.1157501758458438E-06   0.1849369999595568E-13   0.1228905754440939E+01   0.7364878866126517E-01   0.2875080376574325E-04 
      1     808  32800      ANK   0.10E+17  1.00  0.074   0.1142674252046134E-06   0.1851641524348748E-13   0.1228905754447925E+01   0.7364878866218472E-01   0.2838192588523387E-04 
      1     809  32842      ANK   0.10E+17  1.00  0.073   0.1127829052129589E-06   0.1861773879471495E-13   0.1228905754449984E+01   0.7364878866296323E-01   0.2801444884322406E-04 
      1     810  32884      ANK   0.10E+17  1.00  0.074   0.1113212718532970E-06   0.1879261807843729E-13   0.1228905754458474E+01   0.7364878866372485E-01   0.2765281319456926E-04 
      1     811  32926      ANK   0.10E+17  1.00  0.073   0.1099036433776397E-06   0.1903760668470826E-13   0.1228905754470288E+01   0.7364878865841284E-01   0.2730076869895089E-04 
      1     812  32968     *ANK   0.10E+17  1.00  0.074   0.1085538451038810E-06   0.1931799373101287E-13   0.1228905754480549E+01   0.7364878865939992E-01   0.2696356667621405E-04 
      1     813  33010      ANK   0.10E+17  1.00  0.073   0.1071714288509650E-06   0.1963473628646195E-13   0.1228905754488645E+01   0.7364878866274210E-01   0.2661817493533483E-04 
      1     814  33052      ANK   0.10E+17  1.00  0.074   0.1057651914316313E-06   0.1998234832985703E-13   0.1228905754490569E+01   0.7364878866174562E-01   0.2627126112577246E-04 
      1     815  33094      ANK   0.10E+17  1.00  0.076   0.1044103558829938E-06   0.2037385220035430E-13   0.1228905754503610E+01   0.7364878866406502E-01   0.2593642266712124E-04 
      1     816  33136      ANK   0.10E+17  1.00  0.074   0.1030869608903945E-06   0.2082802053514167E-13   0.1228905754513260E+01   0.7364878866279570E-01   0.2560842859987805E-04 
      1     817  33178      ANK   0.10E+17  1.00  0.074   0.1017728928548236E-06   0.2130932092197574E-13   0.1228905754525382E+01   0.7364878866514590E-01   0.2527922591017839E-04 
      1     818  33220      ANK   0.10E+17  1.00  0.073   0.1004753555060921E-06   0.2181892519336237E-13   0.1228905754530066E+01   0.7364878866248220E-01   0.2495592575459709E-04 
      1     819  33262      ANK   0.10E+17  1.00  0.074   0.9917848627300387E-07   0.2234008663336370E-13   0.1228905754538832E+01   0.7364878866333913E-01   0.2463590820835224E-04 
      1     820  33304      ANK   0.10E+17  1.00  0.073   0.9790141438184226E-07   0.2289729786790957E-13   0.1228905754547572E+01   0.7364878866497571E-01   0.2431949951894202E-04 
      1     821  33346      ANK   0.10E+17  1.00  0.074   0.9664727313385189E-07   0.2347982483130283E-13   0.1228905754558693E+01   0.7364878866426317E-01   0.2400815298839371E-04 
      1     822  33388     *ANK   0.10E+17  1.00  0.073   0.9542994476870703E-07   0.2409889582340524E-13   0.1228905754569587E+01   0.7364878866084557E-01   0.2370441273961807E-04 
      1     823  33430      ANK   0.10E+17  1.00  0.073   0.9422325884462590E-07   0.2471094189847917E-13   0.1228905754571305E+01   0.7364878866145325E-01   0.2340399196893616E-04 
      1     824  33472      ANK   0.10E+17  1.00  0.075   0.9299981497242191E-07   0.2531492231146677E-13   0.1228905754584934E+01   0.7364878866441438E-01   0.2310053827409157E-04 
      1     825  33514      ANK   0.10E+17  1.00  0.074   0.9179922874535806E-07   0.2598862210269075E-13   0.1228905754592400E+01   0.7364878866639679E-01   0.2280466324107773E-04 
      1     826  33556      ANK   0.10E+17  1.00  0.074   0.9062163119468976E-07   0.2662908942844595E-13   0.1228905754606948E+01   0.7364878866371821E-01   0.2251122295372283E-04 
      1     827  33598      ANK   0.10E+17  1.00  0.071   0.8951115261460508E-07   0.2688793648831413E-13   0.1228905754609728E+01   0.7364878866057878E-01   0.2223321094734535E-04 
      1     828  33640      ANK   0.10E+17  1.00  0.075   0.8834703656507134E-07   0.2392118346192447E-13   0.1228905754616430E+01   0.7364878866610994E-01   0.2194351366237322E-04 
      1     829  33682      ANK   0.10E+17  1.00  0.073   0.8720113301204664E-07   0.2417963477424203E-13   0.1228905754623986E+01   0.7364878866565455E-01   0.2166086086519955E-04 
      1     830  33724      ANK   0.10E+17  1.00  0.075   0.8608948136347906E-07   0.2442687267302701E-13   0.1228905754629769E+01   0.7364878866504559E-01   0.2138513595584903E-04 
      1     831  33766      ANK   0.10E+17  1.00  0.072   0.8501342459990791E-07   0.2473346271299980E-13   0.1228905754635276E+01   0.7364878866342509E-01   0.2111698615858303E-04 
      1     832  33808     *ANK   0.10E+17  1.00  0.074   0.8393221572841713E-07   0.2502440842514452E-13   0.1228905754638561E+01   0.7364878866665706E-01   0.2084637661334400E-04 
      1     833  33850      ANK   0.10E+17  1.00  0.073   0.8285127125603949E-07   0.2538421172039231E-13   0.1228905754644728E+01   0.7364878866914545E-01   0.2057962650917429E-04 
      1     834  33892      ANK   0.10E+17  1.00  0.073   0.8178087087358122E-07   0.2575809554076061E-13   0.1228905754652790E+01   0.7364878866646188E-01   0.2031413732035729E-04 
      1     835  33934      ANK   0.10E+17  1.00  0.073   0.8074038997548145E-07   0.2615682456987753E-13   0.1228905754660851E+01   0.7364878866457511E-01   0.2005690918600285E-04 
      1     836  33976      ANK   0.10E+17  1.00  0.072   0.7971009584341289E-07   0.2659731543207015E-13   0.1228905754669801E+01   0.7364878866161675E-01   0.1979961745043903E-04 
      1     837  34018      ANK   0.10E+17  1.00  0.073   0.7868805847783030E-07   0.2590336970706197E-13   0.1228905754675355E+01   0.7364878866616209E-01   0.1954592994349009E-04 
      1     838  34060      ANK   0.10E+17  1.00  0.073   0.7769082182349220E-07   0.2628973086943013E-13   0.1228905754683835E+01   0.7364878866741778E-01   0.1929765574830682E-04 
      1     839  34102      ANK   0.10E+17  1.00  0.073   0.7668789380296110E-07   0.2669252941608763E-13   0.1228905754688005E+01   0.7364878866587851E-01   0.1905008983103695E-04 
      1     840  34144      ANK   0.10E+17  1.00  0.073   0.7571033156976249E-07   0.1951473124855841E-13   0.1228905754698255E+01   0.7364878866658797E-01   0.1880582784631656E-04 
      1     841  34186      ANK   0.10E+17  1.00  0.071   0.7477783315844682E-07   0.1944660606487088E-13   0.1228905754701379E+01   0.7364878866619601E-01   0.1857304938583962E-04 
      1     842  34228     *ANK   0.10E+17  1.00  0.073   0.7381156153669017E-07   0.1939159461871249E-13   0.1228905754701372E+01   0.7364878866721650E-01   0.1833310126034816E-04 
      1     843  34270      ANK   0.10E+17  1.00  0.072   0.7285244067551699E-07   0.1939514491682873E-13   0.1228905754706371E+01   0.7364878866449556E-01   0.1809598824901273E-04 
      1     844  34312      ANK   0.10E+17  1.00  0.073   0.7190772914356215E-07   0.1943252009474680E-13   0.1228905754709365E+01   0.7364878866740024E-01   0.1786250686889903E-04 
      1     845  34354      ANK   0.10E+17  1.00  0.072   0.7100152376410496E-07   0.1949756676261659E-13   0.1228905754716929E+01   0.7364878866627245E-01   0.1763494976272524E-04 
      1     846  34396      ANK   0.10E+17  1.00  0.070   0.7008501430911865E-07   0.1959018424591726E-13   0.1228905754716245E+01   0.7364878866808350E-01   0.1740811158491085E-04 
      1     847  34438      ANK   0.10E+17  1.00  0.073   0.6918793646143119E-07   0.1969018783277550E-13   0.1228905754724376E+01   0.7364878866788921E-01   0.1718545597150904E-04 
      1     848  34480      ANK   0.10E+17  1.00  0.072   0.6830598789316923E-07   0.1982049433096888E-13   0.1228905754729682E+01   0.7364878866625649E-01   0.1696706000574035E-04 
      1     849  34522      ANK   0.10E+17  1.00  0.073   0.6741447890948744E-07   0.1996112294835628E-13   0.1228905754735363E+01   0.7364878866873231E-01   0.1674600366553450E-04 
#-------------------------------------------------------------------------------------------------------------------------------------------------------------------------------------
#  Grid  | Iter | Iter |  Iter  |   CFL   | Step | Lin  |        Res rho         |       Res nuturb       |         C_lift         |        C_drag          |        totalRes        |
#  level |      | Tot  |  Type  |         |      | Res  |                        |                        |                        |                        |                        |
#-------------------------------------------------------------------------------------------------------------------------------------------------------------------------------------
      1     850  34564      ANK   0.10E+17  1.00  0.070   0.6655952230352419E-07   0.2012878488771467E-13   0.1228905754743606E+01   0.7364878866686511E-01   0.1653301931073155E-04 
      1     851  34606      ANK   0.10E+17  1.00  0.072   0.6571303505412193E-07   0.2027428808385740E-13   0.1228905754749170E+01   0.7364878866630856E-01   0.1632324081781041E-04 
      1     852  34648     *ANK   0.10E+17  1.00  0.074   0.6489298923241260E-07   0.2044697671781630E-13   0.1228905754754896E+01   0.7364878866714428E-01   0.1611817283602889E-04 
      1     853  34690      ANK   0.10E+17  1.00  0.071   0.6403755558933295E-07   0.2064335314938382E-13   0.1228905754757499E+01   0.7364878866686134E-01   0.1590714087236161E-04 
      1     854  34732      ANK   0.10E+17  1.00  0.073   0.6320047316551939E-07   0.2084702012851256E-13   0.1228905754767071E+01   0.7364878866907015E-01   0.1569888269808012E-04 
      1     855  34774      ANK   0.10E+17  1.00  0.071   0.6243291154779350E-07   0.2106940320057856E-13   0.1228905754771785E+01   0.7364878866617874E-01   0.1550841669370339E-04 
      1     856  34816      ANK   0.10E+17  1.00  0.072   0.6164716118780136E-07   0.2127748437940209E-13   0.1228905754778029E+01   0.7364878866914412E-01   0.1531148325053734E-04 
      1     857  34858      ANK   0.10E+17  1.00  0.071   0.6084509267733525E-07   0.2150719810706893E-13   0.1228905754780975E+01   0.7364878866952146E-01   0.1511251463822146E-04 
      1     858  34900      ANK   0.10E+17  1.00  0.074   0.6006122569472143E-07   0.2176547983596028E-13   0.1228905754786044E+01   0.7364878867082050E-01   0.1491900723711543E-04 
      1     859  34942      ANK   0.10E+17  1.00  0.071   0.5929361498177742E-07   0.2204763807351986E-13   0.1228905754790965E+01   0.7364878866853344E-01   0.1472805219610720E-04 
      1     860  34984      ANK   0.10E+17  1.00  0.071   0.5853482584937822E-07   0.2232855708625161E-13   0.1228905754796704E+01   0.7364878866807259E-01   0.1453981123248108E-04 
      1     861  35026      ANK   0.10E+17  1.00  0.072   0.5780072195573748E-07   0.2261355361530111E-13   0.1228905754803635E+01   0.7364878866990723E-01   0.1435647476336446E-04 
      1     862  35068     *ANK   0.10E+17  1.00  0.071   0.5705220647503996E-07   0.2289321673066318E-13   0.1228905754806064E+01   0.7364878866940791E-01   0.1417060651534862E-04 
      1     863  35110      ANK   0.10E+17  1.00  0.072   0.5632151316392403E-07   0.2320519808413085E-13   0.1228905754810348E+01   0.7364878867066110E-01   0.1398984092170618E-04 
      1     864  35152      ANK   0.10E+17  1.00  0.073   0.5559740652907297E-07   0.2351698093836593E-13   0.1228905754816427E+01   0.7364878866935706E-01   0.1381037696911434E-04 
      1     865  35194      ANK   0.10E+17  1.00  0.071   0.5489279352872897E-07   0.2384302253873170E-13   0.1228905754823864E+01   0.7364878867313698E-01   0.1363473139440795E-04 
      1     866  35236      ANK   0.10E+17  1.00  0.071   0.5420034669944542E-07   0.2415382553819925E-13   0.1228905754829355E+01   0.7364878867275609E-01   0.1346080968984757E-04 
      1     867  35278      ANK   0.10E+17  1.00  0.071   0.5350251267363449E-07   0.2447978189209945E-13   0.1228905754830369E+01   0.7364878867388783E-01   0.1328919993085334E-04 
      1     868  35320      ANK   0.10E+17  1.00  0.072   0.5281070962079694E-07   0.2480663468008532E-13   0.1228905754836810E+01   0.7364878867316366E-01   0.1311762866949245E-04 
      1     869  35362      ANK   0.10E+17  1.00  0.071   0.5212991682252898E-07   0.2513337967137507E-13   0.1228905754841947E+01   0.7364878867305652E-01   0.1294894727273064E-04 
      1     870  35404      ANK   0.10E+17  1.00  0.071   0.5147333337542829E-07   0.2547360986133072E-13   0.1228905754846674E+01   0.7364878867564897E-01   0.1278482003033263E-04 
      1     871  35446      ANK   0.10E+17  1.00  0.071   0.5081976736360234E-07   0.2580454300212646E-13   0.1228905754852760E+01   0.7364878867519439E-01   0.1262234603364616E-04 
      1     872  35488     *ANK   0.10E+17  1.00  0.072   0.5017988592668285E-07   0.2613467479463526E-13   0.1228905754856570E+01   0.7364878867589381E-01   0.1246380236775070E-04 
      1     873  35530      ANK   0.10E+17  1.00  0.071   0.4952135967136741E-07   0.2647943322749304E-13   0.1228905754860260E+01   0.7364878867592387E-01   0.1230042930748527E-04 
      1     874  35572      ANK   0.10E+17  1.00  0.072   0.4888279382167015E-07   0.2683777808576263E-13   0.1228905754864653E+01   0.7364878867588046E-01   0.1214214456816123E-04 
      1     875  35614      ANK   0.10E+17  1.00  0.071   0.4826876023230146E-07   0.2676762240265469E-13   0.1228905754870958E+01   0.7364878867530703E-01   0.1198929698060291E-04 
      1     876  35656      ANK   0.10E+17  1.00  0.072   0.4765599111493574E-07   0.2345823113879977E-13   0.1228905754874749E+01   0.7364878867687091E-01   0.1183623732506735E-04 
      1     877  35698      ANK   0.10E+17  1.00  0.072   0.4704676444607960E-07   0.2352613217477022E-13   0.1228905754878661E+01   0.7364878867769051E-01   0.1168504848672067E-04 
      1     878  35740      ANK   0.10E+17  1.00  0.071   0.4644856020945308E-07   0.2361719150570321E-13   0.1228905754878131E+01   0.7364878867653307E-01   0.1153692012497755E-04 
      1     879  35782      ANK   0.10E+17  1.00  0.071   0.4584707460515153E-07   0.2373055055750747E-13   0.1228905754880940E+01   0.7364878867423869E-01   0.1138749550795250E-04 
      1     880  35824      ANK   0.10E+17  1.00  0.071   0.4526595343749427E-07   0.2385703948203623E-13   0.1228905754882823E+01   0.7364878867580094E-01   0.1124256063406942E-04 
      1     881  35866      ANK   0.10E+17  1.00  0.070   0.4467921990589397E-07   0.2399461577294799E-13   0.1228905754883994E+01   0.7364878867591124E-01   0.1109704519902514E-04 
      1     882  35908     *ANK   0.10E+17  1.00  0.071   0.4411422565837869E-07   0.2413078330625202E-13   0.1228905754887003E+01   0.7364878867419325E-01   0.1095731308898214E-04 
      1     883  35950      ANK   0.10E+17  1.00  0.071   0.4354785556664951E-07   0.2428179319037485E-13   0.1228905754890168E+01   0.7364878867394525E-01   0.1081677429638879E-04 
      1     884  35992      ANK   0.10E+17  1.00  0.071   0.4298046527118754E-07   0.2443073288847507E-13   0.1228905754895361E+01   0.7364878867521277E-01   0.1067569750577590E-04 
      1     885  36034      ANK   0.10E+17  1.00  0.070   0.4244389768129448E-07   0.2460211612545491E-13   0.1228905754898191E+01   0.7364878867425231E-01   0.1054187054085880E-04 
      1     886  36076      ANK   0.10E+17  1.00  0.070   0.4190008197472956E-07   0.2476938543632756E-13   0.1228905754901346E+01   0.7364878867487781E-01   0.1040663499138847E-04 
      1     887  36118      ANK   0.10E+17  1.00  0.071   0.4135656158804581E-07   0.2492716549149306E-13   0.1228905754904975E+01   0.7364878867389102E-01   0.1027234484234805E-04 
      1     888  36160      ANK   0.10E+17  1.00  0.071   0.4082385975440707E-07   0.2508272120620131E-13   0.1228905754908413E+01   0.7364878867502481E-01   0.1014033778805062E-04 
      1     889  36202      ANK   0.10E+17  1.00  0.069   0.4030110653171793E-07   0.2525778428188122E-13   0.1228905754910852E+01   0.7364878867500757E-01   0.1001003763783572E-04 
      1     890  36244      ANK   0.10E+17  1.00  0.071   0.3978227248040549E-07   0.2542742744969851E-13   0.1228905754914264E+01   0.7364878867578448E-01   0.9880752714584518E-05 
      1     891  36286      ANK   0.10E+17  1.00  0.070   0.3928107925271450E-07   0.2559777456670546E-13   0.1228905754917414E+01   0.7364878867516619E-01   0.9756472161734740E-05 
      1     892  36328     *ANK   0.10E+17  1.00  0.070   0.3877583046038857E-07   0.2577388022943327E-13   0.1228905754921116E+01   0.7364878867485264E-01   0.9631091225601663E-05 
      1     893  36370      ANK   0.10E+17  1.00  0.071   0.3827350994206559E-07   0.2596099720020290E-13   0.1228905754923818E+01   0.7364878867425903E-01   0.9506464319130616E-05 
      1     894  36412      ANK   0.10E+17  1.00  0.071   0.3777683889886800E-07   0.2614150838793413E-13   0.1228905754927968E+01   0.7364878867418778E-01   0.9383533421646494E-05 
      1     895  36454      ANK   0.10E+17  1.00  0.069   0.3730914800609115E-07   0.2632402373649364E-13   0.1228905754930636E+01   0.7364878867360905E-01   0.9267062702371621E-05 
      1     896  36496      ANK   0.10E+17  1.00  0.071   0.3682525768525169E-07   0.2650590233904694E-13   0.1228905754934589E+01   0.7364878867457825E-01   0.9146059535084756E-05 
      1     897  36538      ANK   0.10E+17  1.00  0.070   0.3634826792103344E-07   0.2669288774909098E-13   0.1228905754937248E+01   0.7364878867508648E-01   0.9028234872620899E-05 
      1     898  36580      ANK   0.10E+17  1.00  0.070   0.3588953880328911E-07   0.2688560815456649E-13   0.1228905754941146E+01   0.7364878867556021E-01   0.8914617508907231E-05 
      1     899  36622      ANK   0.10E+17  1.00  0.071   0.3543623749057096E-07   0.2606388746353426E-13   0.1228905754944066E+01   0.7364878867520749E-01   0.8801815692854767E-05 
#-------------------------------------------------------------------------------------------------------------------------------------------------------------------------------------
#  Grid  | Iter | Iter |  Iter  |   CFL   | Step | Lin  |        Res rho         |       Res nuturb       |         C_lift         |        C_drag          |        totalRes        |
#  level |      | Tot  |  Type  |         |      | Res  |                        |                        |                        |                        |                        |
#-------------------------------------------------------------------------------------------------------------------------------------------------------------------------------------
      1     900  36664      ANK   0.10E+17  1.00  0.070   0.3498134532430383E-07   0.2623401905298679E-13   0.1228905754946753E+01   0.7364878867502136E-01   0.8688391456385416E-05 
      1     901  36706      ANK   0.10E+17  1.00  0.070   0.3452453753930249E-07   0.2640468287726319E-13   0.1228905754949608E+01   0.7364878867592969E-01   0.8575189601660764E-05 
      1     902  36748     *ANK   0.10E+17  1.00  0.070   0.3408478313846582E-07   0.2657823133943004E-13   0.1228905754952260E+01   0.7364878867514291E-01   0.8466183728070533E-05 
      1     903  36790      ANK   0.10E+17  1.00  0.070   0.3365020506507063E-07   0.2675528541729063E-13   0.1228905754954603E+01   0.7364878867485489E-01   0.8357988604781227E-05 
      1     904  36832      ANK   0.10E+17  1.00  0.069   0.3321622742017449E-07   0.1925510407219874E-13   0.1228905754957837E+01   0.7364878867482658E-01   0.8249923068054012E-05 
      1     905  36874      ANK   0.10E+17  1.00  0.071   0.3280980993696405E-07   0.1918627268301134E-13   0.1228905754961724E+01   0.7364878867445129E-01   0.8149067315812600E-05 
      1     906  36916      ANK   0.10E+17  1.00  0.070   0.3239090872530155E-07   0.1913939555456061E-13   0.1228905754959600E+01   0.7364878867269950E-01   0.8045052029497034E-05 
      1     907  36958      ANK   0.10E+17  1.00  0.069   0.3196667989795459E-07   0.1912403021156758E-13   0.1228905754957472E+01   0.7364878867264990E-01   0.7939379206764884E-05 
      1     908  37000      ANK   0.10E+17  1.00  0.069   0.3154780120314313E-07   0.1911892357074393E-13   0.1228905754957721E+01   0.7364878867405270E-01   0.7835460335640116E-05 
      1     909  37042      ANK   0.10E+17  1.00  0.069   0.3114770463588931E-07   0.1912827783566204E-13   0.1228905754958904E+01   0.7364878867215507E-01   0.7736218915779036E-05 
      1     910  37084      ANK   0.10E+17  1.00  0.069   0.3074840522352439E-07   0.1914913835253757E-13   0.1228905754960201E+01   0.7364878867231070E-01   0.7637386936241808E-05 
      1     911  37126      ANK   0.10E+17  1.00  0.070   0.3034562449965616E-07   0.1917202949441385E-13   0.1228905754963006E+01   0.7364878867230826E-01   0.7537274937635367E-05 
      1     912  37168     *ANK   0.10E+17  1.00  0.069   0.2996125807382053E-07   0.1919663019657434E-13   0.1228905754965574E+01   0.7364878867137276E-01   0.7441951371639610E-05 
      1     913  37210      ANK   0.10E+17  1.00  0.068   0.2957842017065390E-07   0.1922208974356338E-13   0.1228905754967936E+01   0.7364878867151298E-01   0.7346570083180800E-05 
      1     914  37252      ANK   0.10E+17  1.00  0.071   0.2919489566856515E-07   0.1923786890917571E-13   0.1228905754970095E+01   0.7364878867328523E-01   0.7251440328011478E-05 
      1     915  37294      ANK   0.10E+17  1.00  0.069   0.2883183192798563E-07   0.1926178869756570E-13   0.1228905754972301E+01   0.7364878867245420E-01   0.7161101671120735E-05 
      1     916  37336      ANK   0.10E+17  1.00  0.069   0.2845733864060903E-07   0.1927930832737976E-13   0.1228905754973806E+01   0.7364878867211169E-01   0.7068437980844811E-05 
      1     917  37378      ANK   0.10E+17  1.00  0.071   0.2809100362848095E-07   0.1929377985653465E-13   0.1228905754976611E+01   0.7364878867233618E-01   0.6977398267533245E-05 
      1     918  37420      ANK   0.10E+17  1.00  0.069   0.2772950631172726E-07   0.1931393097924505E-13   0.1228905754980119E+01   0.7364878867300217E-01   0.6887438014693035E-05 
      1     919  37462      ANK   0.10E+17  1.00  0.068   0.2738059600626996E-07   0.1933831590066909E-13   0.1228905754981960E+01   0.7364878867297381E-01   0.6800831062322300E-05 
      1     920  37504      ANK   0.10E+17  1.00  0.069   0.2703271382474888E-07   0.1936115628216759E-13   0.1228905754983901E+01   0.7364878867265248E-01   0.6714282985290003E-05 
      1     921  37546      ANK   0.10E+17  1.00  0.070   0.2668078180475009E-07   0.1938837295992694E-13   0.1228905754986473E+01   0.7364878867280816E-01   0.6627194987037139E-05 
#
# Writing grid file(s): output/010_10.00_000_vol.cgns
# Grid file(s) written
#
#
# Writing volume solution file(s): output/010_10.00_000_vol.cgns
# Volume solution file(s) written
#
#
# Writing surface solution file(s): output/010_10.00_000_surf.cgns
# Surface solution file(s) written
#
+-------------------------------------------------+
|
| Solution Timings:
|
| Set AeroProblem Time          :      0.006 sec
| Solution Time                 :    582.403 sec
| Write Solution Time           :      0.201 sec
| Stability Parameter Time      :      0.000 sec
|
| Total Call Time               :    582.610 sec
+--------------------------------------------------+
-> Alpha... 10.000000 
+---------------------------------------------------+
|
| Function Timings:
|
| Function AeroProblem Time     :      0.002 sec
| Function Evaluation Time      :      0.002 sec
| User Function Evaluation Time :      0.000 sec
|
| Total Function Evaluation Time:      0.003 sec
+--------------------------------------------------+
Alpha: [10]
CL: [1.2289057549864728]
CD: [0.07364878867280814]
CM: [-0.11568089466287367]
